Archive member included to satisfy reference by file (symbol)

C:/devkitPro/Projects/Kaboom!DS/nflib/lib\libnflib.a(nf_2d.o)
                              Kaboom!DS.o (NF_Set2D)
C:/devkitPro/Projects/Kaboom!DS/nflib/lib\libnflib.a(nf_basic.o)
                              C:/devkitPro/Projects/Kaboom!DS/nflib/lib\libnflib.a(nf_2d.o) (NF_Error)
C:/devkitPro/Projects/Kaboom!DS/nflib/lib\libnflib.a(nf_sprite256.o)
                              Kaboom!DS.o (NF_InitSpriteBuffers)
C:/devkitPro/Projects/Kaboom!DS/nflib/lib\libnflib.a(nf_tiledbg.o)
                              Kaboom!DS.o (NF_InitTiledBgBuffers)
C:/devkitPro/libnds/lib\libfilesystem.a(nitrofs.o)
                              C:/devkitPro/Projects/Kaboom!DS/nflib/lib\libnflib.a(nf_basic.o) (nitroFSInit)
C:/devkitPro/libnds/lib\libfat.a(libfat.o)
                              C:/devkitPro/Projects/Kaboom!DS/nflib/lib\libnflib.a(nf_basic.o) (fatInitDefault)
C:/devkitPro/libnds/lib\libfat.a(disc.o)
                              C:/devkitPro/libnds/lib\libfat.a(libfat.o) (_FAT_disc_interfaces)
C:/devkitPro/libnds/lib\libfat.a(fatfile.o)
                              C:/devkitPro/libnds/lib\libfat.a(libfat.o) (_FAT_open_r)
C:/devkitPro/libnds/lib\libfat.a(cache.o)
                              C:/devkitPro/libnds/lib\libfat.a(fatfile.o) (_FAT_cache_readSectors)
C:/devkitPro/libnds/lib\libfat.a(fatdir.o)
                              C:/devkitPro/libnds/lib\libfat.a(libfat.o) (_FAT_stat_r)
C:/devkitPro/libnds/lib\libfat.a(directory.o)
                              C:/devkitPro/libnds/lib\libfat.a(fatfile.o) (_FAT_directory_entryGetCluster)
C:/devkitPro/libnds/lib\libfat.a(partition.o)
                              C:/devkitPro/libnds/lib\libfat.a(libfat.o) (_FAT_partition_constructor)
C:/devkitPro/libnds/lib\libfat.a(lock.o)
                              C:/devkitPro/libnds/lib\libfat.a(partition.o) (_FAT_lock_init)
C:/devkitPro/libnds/lib\libfat.a(filetime.o)
                              C:/devkitPro/libnds/lib\libfat.a(fatfile.o) (_FAT_filetime_getTimeFromRTC)
C:/devkitPro/libnds/lib\libfat.a(file_allocation_table.o)
                              C:/devkitPro/libnds/lib\libfat.a(fatfile.o) (_FAT_fat_nextCluster)
C:/devkitPro/libnds/lib\libnds9.a(video.o)
                              C:/devkitPro/Projects/Kaboom!DS/nflib/lib\libnflib.a(nf_basic.o) (setBrightness)
C:/devkitPro/libnds/lib\libnds9.a(touch.o)
                              Kaboom!DS.o (touchRead)
C:/devkitPro/libnds/lib\libnds9.a(console.o)
                              C:/devkitPro/Projects/Kaboom!DS/nflib/lib\libnflib.a(nf_basic.o) (consoleDemoInit)
C:/devkitPro/libnds/lib\libnds9.a(sprite.o)
                              C:/devkitPro/Projects/Kaboom!DS/nflib/lib\libnflib.a(nf_sprite256.o) (oamInit)
C:/devkitPro/libnds/lib\libnds9.a(keys.o)
                              Kaboom!DS.o (scanKeys)
C:/devkitPro/libnds/lib\libnds9.a(dldi.o)
                              C:/devkitPro/libnds/lib\libfat.a(disc.o) (dldiGetInternal)
C:/devkitPro/libnds/lib\libnds9.a(initSystem.o)
                              c:/devkitpro/devkitarm/bin/../lib/gcc/arm-none-eabi/9.1.0/../../../../arm-none-eabi/lib/thumb/ds_arm9_crt0.o (initSystem)
C:/devkitPro/libnds/lib\libnds9.a(timeSupport.o)
                              C:/devkitPro/libnds/lib\libnds9.a(initSystem.o) (__libnds_gtod)
C:/devkitPro/libnds/lib\libnds9.a(securearea.o)
                              c:/devkitpro/devkitarm/bin/../lib/gcc/arm-none-eabi/9.1.0/../../../../arm-none-eabi/lib/thumb/ds_arm9_crt0.o (__secure_area__)
C:/devkitPro/libnds/lib\libnds9.a(interrupts.o)
                              C:/devkitPro/libnds/lib\libnds9.a(initSystem.o) (irqInit)
C:/devkitPro/libnds/lib\libnds9.a(libnds_exit.arm.o)
                              c:/devkitpro/devkitarm/bin/../lib/gcc/arm-none-eabi/9.1.0/../../../../arm-none-eabi/lib/thumb/ds_arm9_crt0.o (__libnds_exit)
C:/devkitPro/libnds/lib\libnds9.a(card.o)
                              C:/devkitPro/libnds/lib\libfilesystem.a(nitrofs.o) (cardParamCommand)
C:/devkitPro/libnds/lib\libnds9.a(fifosystem.o)
                              C:/devkitPro/libnds/lib\libnds9.a(initSystem.o) (fifoSetValue32Handler)
C:/devkitPro/libnds/lib\libnds9.a(dcache.o)
                              C:/devkitPro/Projects/Kaboom!DS/nflib/lib\libnflib.a(nf_basic.o) (DC_FlushRange)
C:/devkitPro/libnds/lib\libnds9.a(dldi_stub.o)
                              C:/devkitPro/libnds/lib\libnds9.a(dldi.o) (_io_dldi_stub)
C:/devkitPro/libnds/lib\libnds9.a(mpu_setup.o)
                              c:/devkitpro/devkitarm/bin/../lib/gcc/arm-none-eabi/9.1.0/../../../../arm-none-eabi/lib/thumb/ds_arm9_crt0.o (__libnds_mpu_setup)
C:/devkitPro/libnds/lib\libnds9.a(IntrWait.o)
                              Kaboom!DS.o (swiWaitForVBlank)
C:/devkitPro/libnds/lib\libnds9.a(cpu_clock.o)
                              C:/devkitPro/libnds/lib\libnds9.a(initSystem.o) (setCpuClock)
C:/devkitPro/libnds/lib\libnds9.a(interruptDispatcher.o)
[...]
Memory Configuration

Name             Origin             Length             Attributes
ewram            0x0000000002000000 0x0000000000380000
dtcm             0x000000000b000000 0x0000000000004000
vectors          0x0000000001000000 0x0000000000000100
itcm             0x0000000001000100 0x0000000000007f00
*default*        0x0000000000000000 0xffffffffffffffff

Linker script and memory map

                0x0000000002380000                __ewram_end = (ORIGIN (ewram) + LENGTH (ewram))
                0x0000000002380000                __eheap_end = (ORIGIN (ewram) + LENGTH (ewram))
                0x000000000b004000                __dtcm_top = (ORIGIN (dtcm) + LENGTH (dtcm))
                0x000000000b003ff8                __irq_flags = (__dtcm_top - 0x8)
                0x000000000b003ffc                __irq_vector = (__dtcm_top - 0x4)
                0x000000000b003f00                __sp_svc = (__dtcm_top - 0x100)
                0x000000000b003e00                __sp_irq = (__sp_svc - 0x100)
                0x000000000b003d00                __sp_usr = (__sp_irq - 0x100)

.secure         0x0000000002000000      0x800
 *(.secure)
 .secure        0x0000000002000000      0x800 C:/devkitPro/libnds/lib\libnds9.a(securearea.o)
                0x0000000002000000                __secure_area__

.crt0           0x0000000002000800      0x300
                0x0000000002000800                __text_start = .
 *(.crt0)
 .crt0          0x0000000002000800      0x300 c:/devkitpro/devkitarm/bin/../lib/gcc/arm-none-eabi/9.1.0/../../../../arm-none-eabi/lib/thumb/ds_arm9_crt0.o
                0x0000000002000800                _start
                0x0000000002000b00                . = ALIGN (0x4)

.plt
 *(.plt)

.init           0x0000000002000b00        0xc
 *(SORT_NONE(.init))
 .init          0x0000000002000b00        0x4 c:/devkitpro/devkitarm/bin/../lib/gcc/arm-none-eabi/9.1.0/thumb/crti.o
                0x0000000002000b00                _init
 .init          0x0000000002000b04        0x8 c:/devkitpro/devkitarm/bin/../lib/gcc/arm-none-eabi/9.1.0/thumb/crtn.o

.text           0x0000000002000b40    0x1d520
 *(EXCLUDE_FILE(*.twl* *.vectors* *.itcm*) .text)
 .text          0x0000000002000b40      0x874 C:/devkitPro/Projects/Kaboom!DS/nflib/lib\libnflib.a(nf_2d.o)
                0x0000000002000b40                NF_Set2D
                0x0000000002000ba8                NF_ShowBg
                0x0000000002000c24                NF_HideBg
                0x0000000002000cc8                NF_ScrollBg
                0x0000000002001018                NF_MoveSprite
                0x0000000002001038                NF_SpriteLayer
                0x0000000002001054                NF_ShowSprite
                0x0000000002001074                NF_HflipSprite
                0x0000000002001090                NF_GetSpriteHflip
                0x00000000020010ac                NF_VflipSprite
                0x00000000020010c8                NF_GetSpriteVflip
                0x00000000020010e4                NF_SpriteFrame
                0x00000000020011b4                NF_EnableSpriteRotScale
                0x0000000002001248                NF_DisableSpriteRotScale
                0x00000000020012bc                NF_SpriteRotScale
 .text          0x00000000020013b4      0x4a0 C:/devkitPro/Projects/Kaboom!DS/nflib/lib\libnflib.a(nf_basic.o)
                0x00000000020013b4                NF_Error
                0x0000000002001660                NF_SetRootFolder
                0x00000000020017b8                NF_DmaMemCopy
                0x0000000002001844                NF_GetLanguage
 .text          0x0000000002001854     0x13b4 C:/devkitPro/Projects/Kaboom!DS/nflib/lib\libnflib.a(nf_sprite256.o)
                0x0000000002001854                NF_InitSpriteBuffers
                0x00000000020018a0                NF_ResetSpriteBuffers
                0x00000000020018d4                NF_InitSpriteSys
                0x0000000002001ae4                NF_LoadSpriteGfx
                0x0000000002001bf4                NF_UnloadSpriteGfx
                0x0000000002001c64                NF_LoadSpritePal
                0x0000000002001d60                NF_UnloadSpritePal
                0x0000000002001db0                NF_VramSpriteGfx
                0x0000000002002108                NF_VramSpriteGfxDefrag
                0x000000000200230c                NF_FreeSpriteGfx
                0x000000000200240c                NF_VramSpritePal
                0x00000000020024e0                NF_CreateSprite
                0x0000000002002880                NF_DeleteSprite
                0x0000000002002920                NF_SpriteOamSet
                0x00000000020029f8                NF_SpriteSetPalColor
                0x0000000002002a90                NF_SpriteEditPalColor
                0x0000000002002b0c                NF_SpriteUpdatePalette
                0x0000000002002b9c                NF_SpriteGetPalColor
 .text          0x0000000002002c08     0x19fc C:/devkitPro/Projects/Kaboom!DS/nflib/lib\libnflib.a(nf_tiledbg.o)
                0x0000000002002c08                NF_InitTiledBgBuffers
                0x0000000002002ca4                NF_ResetTiledBgBuffers
                0x0000000002002d08                NF_InitTiledBgSys
                0x0000000002002e38                NF_LoadTiledBg
                0x00000000020030b8                NF_LoadTilesForBg
                0x0000000002003334                NF_UnloadTiledBg
                0x00000000020033ec                NF_DeleteTiledBg
                0x0000000002003594                NF_CreateTiledBg
                0x0000000002003bbc                NF_GetTileMapAddress
                0x0000000002003c78                NF_GetTileOfMap
                0x0000000002003cb0                NF_SetTileOfMap
                0x0000000002003cf4                NF_UpdateVramMap
                0x0000000002003e14                NF_BgSetPalColor
                0x0000000002003ec4                NF_BgEditPalColor
                0x0000000002003f68                NF_BgUpdatePalette
                0x0000000002004028                NF_BgGetPalColor
                0x00000000020040c0                NF_GetTilePal
                0x00000000020040f4                NF_SetTilePal
                0x000000000200413c                NF_LoadExBgPal
                0x0000000002004228                NF_UnloadExBgPal
                0x0000000002004278                NF_VramExBgPal
                0x000000000200432c                NF_SetExBgPal
                0x00000000020043ec                NF_SetTileHflip
                0x0000000002004428                NF_SetTileVflip
                0x0000000002004464                NF_RotateTileGfx
 *fill*         0x0000000002004604       0x3c ff
 .text          0x0000000002004640     0x4000 C:/devkitPro/libnds/lib\libnds9.a(dldi_stub.o)
                0x0000000002004640                _io_dldi_stub
 .text          0x0000000002008640      0x11c c:/devkitpro/devkitarm/bin/../lib/gcc/arm-none-eabi/9.1.0/thumb\libgcc.a(_udivsi3.o)
                0x0000000002008640                __aeabi_uidiv
                0x0000000002008640                __udivsi3
                0x000000000200873c                __aeabi_uidivmod
 .text          0x000000000200875c      0x150 c:/devkitpro/devkitarm/bin/../lib/gcc/arm-none-eabi/9.1.0/thumb\libgcc.a(_divsi3.o)
                0x000000000200875c                __divsi3
                0x000000000200875c                __aeabi_idiv
                0x000000000200888c                __aeabi_idivmod
 .text          0x00000000020088ac        0x4 c:/devkitpro/devkitarm/bin/../lib/gcc/arm-none-eabi/9.1.0/thumb\libgcc.a(_dvmd_tls.o)
                0x00000000020088ac                __aeabi_idiv0
                0x00000000020088ac                __aeabi_ldiv0
 .text          0x00000000020088b0       0xd4 c:/devkitpro/devkitarm/bin/../lib/gcc/arm-none-eabi/9.1.0/thumb\libgcc.a(_aeabi_ldivmod.o)
                0x00000000020088b0                __aeabi_ldivmod
 .text          0x0000000002008984       0x28 c:/devkitpro/devkitarm/bin/../lib/gcc/arm-none-eabi/9.1.0/thumb\libgcc.a(_clzdi2.o)
                0x0000000002008984                __clzdi2
 .text          0x00000000020089ac       0x48 c:/devkitpro/devkitarm/bin/../lib/gcc/arm-none-eabi/9.1.0/thumb\libgcc.a(_clzsi2.o)
                0x00000000020089ac                __clzsi2
 .text          0x00000000020089f4      0x224 c:/devkitpro/devkitarm/bin/../lib/gcc/arm-none-eabi/9.1.0/../../../../arm-none-eabi/lib/thumb\libg.a(lib_a-strcmp.o)
                0x00000000020089f4                strcmp
 .text          0x0000000002008c18       0x14 c:/devkitpro/devkitarm/bin/../lib/gcc/arm-none-eabi/9.1.0/thumb\libgcc.a(_thumb1_case_uqi.o)
                0x0000000002008c18                __gnu_thumb1_case_uqi
 .text          0x0000000002008c2c       0x14 c:/devkitpro/devkitarm/bin/../lib/gcc/arm-none-eabi/9.1.0/thumb\libgcc.a(_thumb1_case_uhi.o)
                0x0000000002008c2c                __gnu_thumb1_case_uhi
 .text          0x0000000002008c40      0x424 c:/devkitpro/devkitarm/bin/../lib/gcc/arm-none-eabi/9.1.0/thumb\libgcc.a(_arm_addsubdf3.o)
                0x0000000002008c40                __aeabi_drsub
                0x0000000002008c48                __aeabi_dsub
                0x0000000002008c48                __subdf3
                0x0000000002008c4c                __aeabi_dadd
                0x0000000002008c4c                __adddf3
                0x0000000002008f5c                __floatunsidf
                0x0000000002008f5c                __aeabi_ui2d
                0x0000000002008f80                __floatsidf
                0x0000000002008f80                __aeabi_i2d
                0x0000000002008fa8                __aeabi_f2d
                0x0000000002008fa8                __extendsfdf2
                0x0000000002008ff0                __floatundidf
                0x0000000002008ff0                __aeabi_ul2d
                0x0000000002009004                __floatdidf
                0x0000000002009004                __aeabi_l2d
 .text          0x0000000002009064      0x49c c:/devkitpro/devkitarm/bin/../lib/gcc/arm-none-eabi/9.1.0/thumb\libgcc.a(_arm_muldivdf3.o)
                0x0000000002009064                __aeabi_dmul
                0x0000000002009064                __muldf3
                0x00000000020092f4                __divdf3
                0x00000000020092f4                __aeabi_ddiv
 .text          0x0000000002009500      0x144 c:/devkitpro/devkitarm/bin/../lib/gcc/arm-none-eabi/9.1.0/thumb\libgcc.a(_arm_cmpdf2.o)
                0x0000000002009500                __gtdf2
                0x0000000002009500                __gedf2
                0x0000000002009508                __ltdf2
                0x0000000002009508                __ledf2
                0x0000000002009510                __nedf2
                0x0000000002009510                __eqdf2
                0x0000000002009510                __cmpdf2
                0x0000000002009598                __aeabi_cdrcmple
                0x00000000020095b4                __aeabi_cdcmpeq
                0x00000000020095b4                __aeabi_cdcmple
                0x00000000020095cc                __aeabi_dcmpeq
                0x00000000020095e4                __aeabi_dcmplt
                0x00000000020095fc                __aeabi_dcmple
                0x0000000002009614                __aeabi_dcmpge
                0x000000000200962c                __aeabi_dcmpgt
 .text          0x0000000002009644       0x38 c:/devkitpro/devkitarm/bin/../lib/gcc/arm-none-eabi/9.1.0/thumb\libgcc.a(_arm_unorddf2.o)
                0x0000000002009644                __unorddf2
                0x0000000002009644                __aeabi_dcmpun
 .text          0x000000000200967c       0x5c c:/devkitpro/devkitarm/bin/../lib/gcc/arm-none-eabi/9.1.0/thumb\libgcc.a(_arm_fixdfsi.o)
                0x000000000200967c                __aeabi_d2iz
                0x000000000200967c                __fixdfsi
 .text          0x00000000020096d8       0x3c c:/devkitpro/devkitarm/bin/../lib/gcc/arm-none-eabi/9.1.0/thumb\libgcc.a(_aeabi_uldivmod.o)
                0x00000000020096d8                __aeabi_uldivmod
 *(EXCLUDE_FILE(*.twl* *.vectors* *.itcm*) .stub)
 *(EXCLUDE_FILE(*.twl* *.vectors* *.itcm*) .text.*)
 .text.deregister_tm_clones
                0x0000000002009714       0x2c c:/devkitpro/devkitarm/bin/../lib/gcc/arm-none-eabi/9.1.0/thumb/crtbegin.o
 .text.register_tm_clones
                0x0000000002009740       0x34 c:/devkitpro/devkitarm/bin/../lib/gcc/arm-none-eabi/9.1.0/thumb/crtbegin.o
 .text.__do_global_dtors_aux
                0x0000000002009774       0x30 c:/devkitpro/devkitarm/bin/../lib/gcc/arm-none-eabi/9.1.0/thumb/crtbegin.o
 .text.frame_dummy
                0x00000000020097a4       0x28 c:/devkitpro/devkitarm/bin/../lib/gcc/arm-none-eabi/9.1.0/thumb/crtbegin.o
 .text.startup  0x00000000020097cc      0x148 Kaboom!DS.o
                0x00000000020097cc                main
 .text.nitroFSDirClose
                0x0000000002009914        0x4 C:/devkitPro/libnds/lib\libfilesystem.a(nitrofs.o)
 .text.nitroFSSeek
                0x0000000002009918       0x74 C:/devkitPro/libnds/lib\libfilesystem.a(nitrofs.o)
 .text.nitroFSFstat
                0x000000000200998c       0x10 C:/devkitPro/libnds/lib\libfilesystem.a(nitrofs.o)
 .text.nitroSubReadBlock
                0x000000000200999c       0x54 C:/devkitPro/libnds/lib\libfilesystem.a(nitrofs.o)
 .text.nitroSubReadCard
                0x00000000020099f0       0xa8 C:/devkitPro/libnds/lib\libfilesystem.a(nitrofs.o)
 .text.nitroFSClose
                0x0000000002009a98        0x4 C:/devkitPro/libnds/lib\libfilesystem.a(nitrofs.o)
 .text.nitroDirReset
                0x0000000002009a9c       0x9c C:/devkitPro/libnds/lib\libfilesystem.a(nitrofs.o)
 .text.nitroFSRead
                0x0000000002009b38       0xb8 C:/devkitPro/libnds/lib\libfilesystem.a(nitrofs.o)
 .text.nitroFSDirNext
                0x0000000002009bf0      0x2f4 C:/devkitPro/libnds/lib\libfilesystem.a(nitrofs.o)
 .text.nitroFSDirOpen
                0x0000000002009ee4       0xe0 C:/devkitPro/libnds/lib\libfilesystem.a(nitrofs.o)
 .text.nitroFSChdir
                0x0000000002009fc4       0x30 C:/devkitPro/libnds/lib\libfilesystem.a(nitrofs.o)
 .text.nitroFSOpen
                0x0000000002009ff4       0xc4 C:/devkitPro/libnds/lib\libfilesystem.a(nitrofs.o)
 .text.nitroFSstat
                0x000000000200a0b8       0x68 C:/devkitPro/libnds/lib\libfilesystem.a(nitrofs.o)
 .text.nitroFSInit
                0x000000000200a120      0x124 C:/devkitPro/libnds/lib\libfilesystem.a(nitrofs.o)
                0x000000000200a120                nitroFSInit
 .text.fatMount
                0x000000000200a244       0xc4 C:/devkitPro/libnds/lib\libfat.a(libfat.o)
                0x000000000200a244                fatMount
 .text.fatInit  0x000000000200a308      0x140 C:/devkitPro/libnds/lib\libfat.a(libfat.o)
                0x000000000200a308                fatInit
 .text.fatInitDefault
                0x000000000200a448        0xc C:/devkitPro/libnds/lib\libfat.a(libfat.o)
                0x000000000200a448                fatInitDefault
 .text._FAT_check_position_for_next_cluster.isra.4.part.5
                0x000000000200a454       0x70 C:/devkitPro/libnds/lib\libfat.a(fatfile.o)
 .text._FAT_syncToDisc.part.6
                0x000000000200a4c4       0xb8 C:/devkitPro/libnds/lib\libfat.a(fatfile.o)
 .text._FAT_file_extend_r
                0x000000000200a57c      0x20c C:/devkitPro/libnds/lib\libfat.a(fatfile.o)
 .text._FAT_open_r
                0x000000000200a788      0x2d8 C:/devkitPro/libnds/lib\libfat.a(fatfile.o)
                0x000000000200a788                _FAT_open_r
 .text._FAT_close_r
                0x000000000200aa60       0x78 C:/devkitPro/libnds/lib\libfat.a(fatfile.o)
                0x000000000200aa60                _FAT_close_r
 .text._FAT_read_r
                0x000000000200aad8      0x388 C:/devkitPro/libnds/lib\libfat.a(fatfile.o)
                0x000000000200aad8                _FAT_read_r
 .text._FAT_write_r
                0x000000000200ae60      0x524 C:/devkitPro/libnds/lib\libfat.a(fatfile.o)
                0x000000000200ae60                _FAT_write_r
 .text._FAT_seek_r
                0x000000000200b384      0x1a0 C:/devkitPro/libnds/lib\libfat.a(fatfile.o)
                0x000000000200b384                _FAT_seek_r
 .text._FAT_fstat_r
                0x000000000200b524       0x8c C:/devkitPro/libnds/lib\libfat.a(fatfile.o)
                0x000000000200b524                _FAT_fstat_r
 .text._FAT_ftruncate_r
                0x000000000200b5b0      0x16c C:/devkitPro/libnds/lib\libfat.a(fatfile.o)
                0x000000000200b5b0                _FAT_ftruncate_r
 .text._FAT_fsync_r
                0x000000000200b71c       0x44 C:/devkitPro/libnds/lib\libfat.a(fatfile.o)
                0x000000000200b71c                _FAT_fsync_r
 .text._FAT_cache_getPage
                0x000000000200b760       0xfc C:/devkitPro/libnds/lib\libfat.a(cache.o)
 .text._FAT_cache_writePartialSector.part.3
                0x000000000200b85c       0x44 C:/devkitPro/libnds/lib\libfat.a(cache.o)
 .text._FAT_cache_constructor
                0x000000000200b8a0       0x90 C:/devkitPro/libnds/lib\libfat.a(cache.o)
                0x000000000200b8a0                _FAT_cache_constructor
 .text._FAT_cache_readSectors
                0x000000000200b930       0x64 C:/devkitPro/libnds/lib\libfat.a(cache.o)
                0x000000000200b930                _FAT_cache_readSectors
 .text._FAT_cache_readPartialSector
                0x000000000200b994       0x40 C:/devkitPro/libnds/lib\libfat.a(cache.o)
                0x000000000200b994                _FAT_cache_readPartialSector
 .text._FAT_cache_readLittleEndianValue
                0x000000000200b9d4       0x70 C:/devkitPro/libnds/lib\libfat.a(cache.o)
                0x000000000200b9d4                _FAT_cache_readLittleEndianValue
 .text._FAT_cache_writePartialSector
                0x000000000200ba44       0x20 C:/devkitPro/libnds/lib\libfat.a(cache.o)
                0x000000000200ba44                _FAT_cache_writePartialSector
 .text._FAT_cache_writeLittleEndianValue
                0x000000000200ba64       0x40 C:/devkitPro/libnds/lib\libfat.a(cache.o)
                0x000000000200ba64                _FAT_cache_writeLittleEndianValue
 .text._FAT_cache_eraseWritePartialSector
                0x000000000200baa4       0x68 C:/devkitPro/libnds/lib\libfat.a(cache.o)
                0x000000000200baa4                _FAT_cache_eraseWritePartialSector
 .text._FAT_cache_writeSectors
                0x000000000200bb0c       0x74 C:/devkitPro/libnds/lib\libfat.a(cache.o)
                0x000000000200bb0c                _FAT_cache_writeSectors
 .text._FAT_cache_flush
                0x000000000200bb80       0x40 C:/devkitPro/libnds/lib\libfat.a(cache.o)
                0x000000000200bb80                _FAT_cache_flush
 .text._FAT_stat_r
                0x000000000200bbc0       0x90 C:/devkitPro/libnds/lib\libfat.a(fatdir.o)
                0x000000000200bbc0                _FAT_stat_r
 .text._FAT_link_r
                0x000000000200bc50        0xc C:/devkitPro/libnds/lib\libfat.a(fatdir.o)
                0x000000000200bc50                _FAT_link_r
 .text._FAT_unlink_r
                0x000000000200bc5c      0x19c C:/devkitPro/libnds/lib\libfat.a(fatdir.o)
                0x000000000200bc5c                _FAT_unlink_r
 .text._FAT_chdir_r
                0x000000000200bdf8       0x70 C:/devkitPro/libnds/lib\libfat.a(fatdir.o)
                0x000000000200bdf8                _FAT_chdir_r
 .text._FAT_rename_r
                0x000000000200be68      0x1c4 C:/devkitPro/libnds/lib\libfat.a(fatdir.o)
                0x000000000200be68                _FAT_rename_r
 .text._FAT_mkdir_r
                0x000000000200c02c      0x22c C:/devkitPro/libnds/lib\libfat.a(fatdir.o)
                0x000000000200c02c                _FAT_mkdir_r
 .text._FAT_statvfs_r
                0x000000000200c258       0x78 C:/devkitPro/libnds/lib\libfat.a(fatdir.o)
                0x000000000200c258                _FAT_statvfs_r
 .text._FAT_diropen_r
                0x000000000200c2d0       0xb0 C:/devkitPro/libnds/lib\libfat.a(fatdir.o)
                0x000000000200c2d0                _FAT_diropen_r
 .text._FAT_dirreset_r
                0x000000000200c380       0x4c C:/devkitPro/libnds/lib\libfat.a(fatdir.o)
                0x000000000200c380                _FAT_dirreset_r
 .text._FAT_dirnext_r
                0x000000000200c3cc       0x7c C:/devkitPro/libnds/lib\libfat.a(fatdir.o)
                0x000000000200c3cc                _FAT_dirnext_r
 .text._FAT_dirclose_r
                0x000000000200c448       0x20 C:/devkitPro/libnds/lib\libfat.a(fatdir.o)
                0x000000000200c448                _FAT_dirclose_r
 .text._FAT_directory_entryGetAlias
                0x000000000200c468       0xc8 C:/devkitPro/libnds/lib\libfat.a(directory.o)
 .text._FAT_directory_incrementDirEntryPosition
                0x000000000200c530       0x80 C:/devkitPro/libnds/lib\libfat.a(directory.o)
 .text._FAT_directory_mbsncasecmp
                0x000000000200c5b0       0xa8 C:/devkitPro/libnds/lib\libfat.a(directory.o)
 .text._FAT_directory_entryGetCluster.part.5
                0x000000000200c658       0x18 C:/devkitPro/libnds/lib\libfat.a(directory.o)
 .text._FAT_directory_ucs2tombs.constprop.6
                0x000000000200c670       0x98 C:/devkitPro/libnds/lib\libfat.a(directory.o)
 .text._FAT_directory_entryGetCluster
                0x000000000200c708       0x1c C:/devkitPro/libnds/lib\libfat.a(directory.o)
                0x000000000200c708                _FAT_directory_entryGetCluster
 .text._FAT_directory_getNextEntry
                0x000000000200c724      0x1fc C:/devkitPro/libnds/lib\libfat.a(directory.o)
                0x000000000200c724                _FAT_directory_getNextEntry
 .text._FAT_directory_entryExists
                0x000000000200c920       0x80 C:/devkitPro/libnds/lib\libfat.a(directory.o)
 .text._FAT_directory_getFirstEntry
                0x000000000200c9a0       0x20 C:/devkitPro/libnds/lib\libfat.a(directory.o)
                0x000000000200c9a0                _FAT_directory_getFirstEntry
 .text._FAT_directory_getRootEntry
                0x000000000200c9c0       0x60 C:/devkitPro/libnds/lib\libfat.a(directory.o)
                0x000000000200c9c0                _FAT_directory_getRootEntry
 .text._FAT_directory_entryFromPosition
                0x000000000200ca20      0x168 C:/devkitPro/libnds/lib\libfat.a(directory.o)
                0x000000000200ca20                _FAT_directory_entryFromPosition
 .text._FAT_directory_entryFromPath
                0x000000000200cb88      0x214 C:/devkitPro/libnds/lib\libfat.a(directory.o)
                0x000000000200cb88                _FAT_directory_entryFromPath
 .text._FAT_directory_removeEntry
                0x000000000200cd9c       0xe0 C:/devkitPro/libnds/lib\libfat.a(directory.o)
                0x000000000200cd9c                _FAT_directory_removeEntry
 .text._FAT_directory_addEntry
                0x000000000200ce7c      0x7e0 C:/devkitPro/libnds/lib\libfat.a(directory.o)
                0x000000000200ce7c                _FAT_directory_addEntry
 .text._FAT_directory_chdir
                0x000000000200d65c       0x44 C:/devkitPro/libnds/lib\libfat.a(directory.o)
                0x000000000200d65c                _FAT_directory_chdir
 .text._FAT_directory_entryStat
                0x000000000200d6a0       0xdc C:/devkitPro/libnds/lib\libfat.a(directory.o)
                0x000000000200d6a0                _FAT_directory_entryStat
 .text.isValidMBR
                0x000000000200d77c       0x5c C:/devkitPro/libnds/lib\libfat.a(partition.o)
 .text._FAT_updateFS_INFO
                0x000000000200d7d8       0x54 C:/devkitPro/libnds/lib\libfat.a(partition.o)
 .text._FAT_partition_createFSinfo.part.4
                0x000000000200d82c       0x40 C:/devkitPro/libnds/lib\libfat.a(partition.o)
 .text._FAT_partition_readFSinfo.part.5
                0x000000000200d86c       0x94 C:/devkitPro/libnds/lib\libfat.a(partition.o)
 .text.FindFirstValidPartition_buf
                0x000000000200d900      0x11c C:/devkitPro/libnds/lib\libfat.a(partition.o)
                0x000000000200d900                FindFirstValidPartition_buf
 .text._FAT_partition_constructor_buf
                0x000000000200da1c      0x2d4 C:/devkitPro/libnds/lib\libfat.a(partition.o)
                0x000000000200da1c                _FAT_partition_constructor_buf
 .text._FAT_partition_constructor
                0x000000000200dcf0       0x40 C:/devkitPro/libnds/lib\libfat.a(partition.o)
                0x000000000200dcf0                _FAT_partition_constructor
 .text._FAT_partition_getPartitionFromPath
                0x000000000200dd30       0x14 C:/devkitPro/libnds/lib\libfat.a(partition.o)
                0x000000000200dd30                _FAT_partition_getPartitionFromPath
 .text._FAT_partition_readFSinfo
                0x000000000200dd44       0x10 C:/devkitPro/libnds/lib\libfat.a(partition.o)
                0x000000000200dd44                _FAT_partition_readFSinfo
 .text._FAT_lock_init
                0x000000000200dd54        0x4 C:/devkitPro/libnds/lib\libfat.a(lock.o)
                0x000000000200dd54                _FAT_lock_init
 .text._FAT_lock
                0x000000000200dd58        0x4 C:/devkitPro/libnds/lib\libfat.a(lock.o)
                0x000000000200dd58                _FAT_lock
 .text._FAT_unlock
                0x000000000200dd5c        0x4 C:/devkitPro/libnds/lib\libfat.a(lock.o)
                0x000000000200dd5c                _FAT_unlock
 .text._FAT_filetime_getTimeFromRTC
                0x000000000200dd60       0x44 C:/devkitPro/libnds/lib\libfat.a(filetime.o)
                0x000000000200dd60                _FAT_filetime_getTimeFromRTC
 .text._FAT_filetime_getDateFromRTC
                0x000000000200dda4       0x44 C:/devkitPro/libnds/lib\libfat.a(filetime.o)
                0x000000000200dda4                _FAT_filetime_getDateFromRTC
 .text._FAT_filetime_to_time_t
                0x000000000200dde8       0x38 C:/devkitPro/libnds/lib\libfat.a(filetime.o)
                0x000000000200dde8                _FAT_filetime_to_time_t
 .text._FAT_fat_writeFatEntry.part.0
                0x000000000200de20      0x134 C:/devkitPro/libnds/lib\libfat.a(file_allocation_table.o)
 .text._FAT_fat_nextCluster
                0x000000000200df54      0x104 C:/devkitPro/libnds/lib\libfat.a(file_allocation_table.o)
                0x000000000200df54                _FAT_fat_nextCluster
 .text._FAT_fat_clearLinks.part.1
                0x000000000200e058       0x60 C:/devkitPro/libnds/lib\libfat.a(file_allocation_table.o)
 .text._FAT_fat_linkFreeCluster
                0x000000000200e0b8       0xa8 C:/devkitPro/libnds/lib\libfat.a(file_allocation_table.o)
                0x000000000200e0b8                _FAT_fat_linkFreeCluster
 .text._FAT_fat_linkFreeClusterCleared
                0x000000000200e160       0x68 C:/devkitPro/libnds/lib\libfat.a(file_allocation_table.o)
                0x000000000200e160                _FAT_fat_linkFreeClusterCleared
 .text._FAT_fat_clearLinks
                0x000000000200e1c8       0x18 C:/devkitPro/libnds/lib\libfat.a(file_allocation_table.o)
                0x000000000200e1c8                _FAT_fat_clearLinks
 .text._FAT_fat_trimChain
                0x000000000200e1e0       0xac C:/devkitPro/libnds/lib\libfat.a(file_allocation_table.o)
                0x000000000200e1e0                _FAT_fat_trimChain
 .text._FAT_fat_lastCluster
                0x000000000200e28c       0x34 C:/devkitPro/libnds/lib\libfat.a(file_allocation_table.o)
                0x000000000200e28c                _FAT_fat_lastCluster
 .text._FAT_fat_freeClusterCount
                0x000000000200e2c0       0x2c C:/devkitPro/libnds/lib\libfat.a(file_allocation_table.o)
                0x000000000200e2c0                _FAT_fat_freeClusterCount
 .text.setBrightness
                0x000000000200e2ec       0x40 C:/devkitPro/libnds/lib\libnds9.a(video.o)
                0x000000000200e2ec                setBrightness
 .text.vramDefault
                0x000000000200e32c       0xd0 C:/devkitPro/libnds/lib\libnds9.a(video.o)
                0x000000000200e32c                vramDefault
 .text.touchRead
                0x000000000200e3fc       0x24 C:/devkitPro/libnds/lib\libnds9.a(touch.o)
                0x000000000200e3fc                touchRead
 .text.newRow   0x000000000200e420       0xb4 C:/devkitPro/libnds/lib\libnds9.a(console.o)
 .text.consolePrintChar
                0x000000000200e4d4       0xec C:/devkitPro/libnds/lib\libnds9.a(console.o)
                0x000000000200e4d4                consolePrintChar
 .text.consoleCls
                0x000000000200e5c0       0xe0 C:/devkitPro/libnds/lib\libnds9.a(console.o)
 .text.consoleLoadFont
                0x000000000200e6a0      0x280 C:/devkitPro/libnds/lib\libnds9.a(console.o)
                0x000000000200e6a0                consoleLoadFont
 .text.consoleInit
                0x000000000200e920      0x15c C:/devkitPro/libnds/lib\libnds9.a(console.o)
                0x000000000200e920                consoleInit
 .text.consoleDemoInit
                0x000000000200ea7c       0x40 C:/devkitPro/libnds/lib\libnds9.a(console.o)
                0x000000000200ea7c                consoleDemoInit
 .text.con_write
                0x000000000200eabc      0x27c C:/devkitPro/libnds/lib\libnds9.a(console.o)
                0x000000000200eabc                con_write
 .text.consoleClear
                0x000000000200ed38       0x10 C:/devkitPro/libnds/lib\libnds9.a(console.o)
                0x000000000200ed38                consoleClear
 .text.oamInit  0x000000000200ed48      0x11c C:/devkitPro/libnds/lib\libnds9.a(sprite.o)
                0x000000000200ed48                oamInit
 .text.oamGfxPtrToOffset
                0x000000000200ee64       0x34 C:/devkitPro/libnds/lib\libnds9.a(sprite.o)
                0x000000000200ee64                oamGfxPtrToOffset
 .text.oamSet   0x000000000200ee98      0x148 C:/devkitPro/libnds/lib\libnds9.a(sprite.o)
                0x000000000200ee98                oamSet
 .text.oamUpdate
                0x000000000200efe0       0x60 C:/devkitPro/libnds/lib\libnds9.a(sprite.o)
                0x000000000200efe0                oamUpdate
 .text.oamRotateScale
                0x000000000200f040       0x58 C:/devkitPro/libnds/lib\libnds9.a(sprite.o)
                0x000000000200f040                oamRotateScale
 .text.scanKeys
                0x000000000200f098       0x8c C:/devkitPro/libnds/lib\libnds9.a(keys.o)
                0x000000000200f098                scanKeys
 .text.dldiGetInternal
                0x000000000200f124       0x34 C:/devkitPro/libnds/lib\libnds9.a(dldi.o)
                0x000000000200f124                dldiGetInternal
 .text.get_io_dsisd
                0x000000000200f158       0x24 C:/devkitPro/libnds/lib\libnds9.a(dldi.o)
                0x000000000200f158                get_io_dsisd
 .text.initSystem
                0x000000000200f17c      0x198 C:/devkitPro/libnds/lib\libnds9.a(initSystem.o)
                0x000000000200f17c                initSystem
 .text.__libnds_gtod
                0x000000000200f314       0x28 C:/devkitPro/libnds/lib\libnds9.a(timeSupport.o)
                0x000000000200f314                __libnds_gtod
 .text.irqDummy
                0x000000000200f33c        0x4 C:/devkitPro/libnds/lib\libnds9.a(interrupts.o)
                0x000000000200f33c                irqDummy
 .text.irqSet   0x000000000200f340       0x6c C:/devkitPro/libnds/lib\libnds9.a(interrupts.o)
                0x000000000200f340                irqSet
 .text.irqInit  0x000000000200f3ac       0x50 C:/devkitPro/libnds/lib\libnds9.a(interrupts.o)
                0x000000000200f3ac                irqInit
 .text.irqEnable
                0x000000000200f3fc       0x64 C:/devkitPro/libnds/lib\libnds9.a(interrupts.o)
                0x000000000200f3fc                irqEnable
 .text.systemErrorExit
                0x000000000200f460        0x4 C:/devkitPro/libnds/lib\libnds9.a(libnds_exit.arm.o)
                0x000000000200f460                systemErrorExit
 *fill*         0x000000000200f464        0x4 ff
 .text.__libnds_exit
                0x000000000200f468       0x5c C:/devkitPro/libnds/lib\libnds9.a(libnds_exit.arm.o)
                0x000000000200f468                __libnds_exit
 .text.cardPolledTransfer
                0x000000000200f4c4       0x54 C:/devkitPro/libnds/lib\libnds9.a(card.o)
                0x000000000200f4c4                cardPolledTransfer
 .text.cardParamCommand
                0x000000000200f518       0x34 C:/devkitPro/libnds/lib\libnds9.a(card.o)
                0x000000000200f518                cardParamCommand
 .text.fifo_waitBlock
                0x000000000200f54c       0x80 C:/devkitPro/libnds/lib\libnds9.a(fifosystem.o)
 .text.fifo_queueBlock
                0x000000000200f5cc       0x40 C:/devkitPro/libnds/lib\libnds9.a(fifosystem.o)
 .text.fifoInternalSendInterrupt
                0x000000000200f60c       0xac C:/devkitPro/libnds/lib\libnds9.a(fifosystem.o)
 .text.fifoInternalSend.part.2
                0x000000000200f6b8       0xd4 C:/devkitPro/libnds/lib\libnds9.a(fifosystem.o)
 .text.fifoGetValue32.part.3
                0x000000000200f78c       0x74 C:/devkitPro/libnds/lib\libnds9.a(fifosystem.o)
 .text.fifoSetValue32Handler
                0x000000000200f800       0x78 C:/devkitPro/libnds/lib\libnds9.a(fifosystem.o)
                0x000000000200f800                fifoSetValue32Handler
 .text.fifoSendValue32
                0x000000000200f878       0x4c C:/devkitPro/libnds/lib\libnds9.a(fifosystem.o)
                0x000000000200f878                fifoSendValue32
 .text.fifoSendDatamsg
                0x000000000200f8c4       0x90 C:/devkitPro/libnds/lib\libnds9.a(fifosystem.o)
                0x000000000200f8c4                fifoSendDatamsg
 .text.fifoGetValue32
                0x000000000200f954       0x10 C:/devkitPro/libnds/lib\libnds9.a(fifosystem.o)
                0x000000000200f954                fifoGetValue32
 .text.fifoGetDatamsg
                0x000000000200f964      0x138 C:/devkitPro/libnds/lib\libnds9.a(fifosystem.o)
                0x000000000200f964                fifoGetDatamsg
 .text.fifoInternalRecvInterrupt
                0x000000000200fa9c      0x3dc C:/devkitPro/libnds/lib\libnds9.a(fifosystem.o)
 .text.fifoSetDatamsgHandler
                0x000000000200fe78       0x9c C:/devkitPro/libnds/lib\libnds9.a(fifosystem.o)
                0x000000000200fe78                fifoSetDatamsgHandler
 .text.fifoCheckValue32
                0x000000000200ff14       0x24 C:/devkitPro/libnds/lib\libnds9.a(fifosystem.o)
                0x000000000200ff14                fifoCheckValue32
 .text.fifoInit
                0x000000000200ff38      0x104 C:/devkitPro/libnds/lib\libnds9.a(fifosystem.o)
                0x000000000200ff38                fifoInit
 .text.DC_FlushRange
                0x000000000201003c       0x24 C:/devkitPro/libnds/lib\libnds9.a(dcache.o)
                0x000000000201003c                DC_FlushRange
 .text.DC_InvalidateRange
                0x0000000002010060       0x2c C:/devkitPro/libnds/lib\libnds9.a(dcache.o)
                0x0000000002010060                DC_InvalidateRange
 .text.__libnds_mpu_setup
                0x000000000201008c      0x174 C:/devkitPro/libnds/lib\libnds9.a(mpu_setup.o)
                0x000000000201008c                __libnds_mpu_setup
 .text.memUncached
                0x0000000002010200       0x20 C:/devkitPro/libnds/lib\libnds9.a(mpu_setup.o)
                0x0000000002010200                memUncached
 .text.swiWaitForVBlank
                0x0000000002010220        0x8 C:/devkitPro/libnds/lib\libnds9.a(IntrWait.o)
                0x0000000002010220                swiWaitForVBlank
 .text.swiIntrWait
                0x0000000002010228       0x70 C:/devkitPro/libnds/lib\libnds9.a(IntrWait.o)
                0x0000000002010228                swiIntrWait
 .text.setCpuClock
                0x0000000002010298       0x50 C:/devkitPro/libnds/lib\libnds9.a(cpu_clock.o)
                0x0000000002010298                setCpuClock
 .text.swiSoftReset
                0x00000000020102e8       0x2c C:/devkitPro/libnds/lib\libnds9.a(swiSoftReset.o)
                0x00000000020102e8                swiSoftReset
 .text.swiDelay
                0x0000000002010314        0x4 C:/devkitPro/libnds/lib\libnds9.a(biosCalls.o)
                0x0000000002010314                swiDelay
 .text.checkIfText.part.0
                0x0000000002010318       0x40 C:/devkitPro/libnds/lib\libnds9.a(background.o)
 .text.bgUpdate
                0x0000000002010358      0x104 C:/devkitPro/libnds/lib\libnds9.a(background.o)
                0x0000000002010358                bgUpdate
 .text.bgInit_call
                0x000000000201045c      0x110 C:/devkitPro/libnds/lib\libnds9.a(background.o)
                0x000000000201045c                bgInit_call
 .text.bgInitSub_call
                0x000000000201056c       0xf4 C:/devkitPro/libnds/lib\libnds9.a(background.o)
                0x000000000201056c                bgInitSub_call
 .text.oamAllocReset
                0x0000000002010660       0x1c C:/devkitPro/libnds/lib\libnds9.a(sprite_alloc.o)
                0x0000000002010660                oamAllocReset
 .text.systemValueHandler
                0x000000000201067c       0x48 C:/devkitPro/libnds/lib\libnds9.a(system.o)
                0x000000000201067c                systemValueHandler
 .text.systemMsgHandler
                0x00000000020106c4       0x5c C:/devkitPro/libnds/lib\libnds9.a(system.o)
                0x00000000020106c4                systemMsgHandler
 .text.powerOn  0x0000000002010720       0x2c C:/devkitPro/libnds/lib\libnds9.a(system.o)
                0x0000000002010720                powerOn
 .text.sinLutLookup
                0x000000000201074c       0x3c C:/devkitPro/libnds/lib\libnds9.a(trig.o)
                0x000000000201074c                sinLutLookup
 .text.sinLerp  0x0000000002010788       0x44 C:/devkitPro/libnds/lib\libnds9.a(trig.o)
                0x0000000002010788                sinLerp
 .text.cosLerp  0x00000000020107cc       0x14 C:/devkitPro/libnds/lib\libnds9.a(trig.o)
                0x00000000020107cc                cosLerp
 .text.__muldi3
                0x00000000020107e0       0x54 c:/devkitpro/devkitarm/bin/../lib/gcc/arm-none-eabi/9.1.0/thumb\libgcc.a(_muldi3.o)
                0x00000000020107e0                __muldi3
                0x00000000020107e0                __aeabi_lmul
 .text.__udivmoddi4
                0x0000000002010834      0x19c c:/devkitpro/devkitarm/bin/../lib/gcc/arm-none-eabi/9.1.0/thumb\libgcc.a(_udivmoddi4.o)
                0x0000000002010834                __udivmoddi4
 .text.calloc   0x00000000020109d0       0x18 c:/devkitpro/devkitarm/bin/../lib/gcc/arm-none-eabi/9.1.0/../../../../arm-none-eabi/lib/thumb\libg.a(lib_a-calloc.o)
                0x00000000020109d0                calloc
 .text._calloc_r
                0x00000000020109e8       0x60 c:/devkitpro/devkitarm/bin/../lib/gcc/arm-none-eabi/9.1.0/../../../../arm-none-eabi/lib/thumb\libg.a(lib_a-callocr.o)
                0x00000000020109e8                _calloc_r
 .text._fclose_r
                0x0000000002010a48       0xe8 c:/devkitpro/devkitarm/bin/../lib/gcc/arm-none-eabi/9.1.0/../../../../arm-none-eabi/lib/thumb\libg.a(lib_a-fclose.o)
                0x0000000002010a48                _fclose_r
 .text.fclose   0x0000000002010b30       0x14 c:/devkitpro/devkitarm/bin/../lib/gcc/arm-none-eabi/9.1.0/../../../../arm-none-eabi/lib/thumb\libg.a(lib_a-fclose.o)
                0x0000000002010b30                fclose
 .text.__sflush_r
                0x0000000002010b44      0x1c0 c:/devkitpro/devkitarm/bin/../lib/gcc/arm-none-eabi/9.1.0/../../../../arm-none-eabi/lib/thumb\libg.a(lib_a-fflush.o)
                0x0000000002010b44                __sflush_r
 .text._fflush_r
                0x0000000002010d04       0x70 c:/devkitpro/devkitarm/bin/../lib/gcc/arm-none-eabi/9.1.0/../../../../arm-none-eabi/lib/thumb\libg.a(lib_a-fflush.o)
                0x0000000002010d04                _fflush_r
 .text.fflush   0x0000000002010d74       0x2c c:/devkitpro/devkitarm/bin/../lib/gcc/arm-none-eabi/9.1.0/../../../../arm-none-eabi/lib/thumb\libg.a(lib_a-fflush.o)
                0x0000000002010d74                fflush
 .text.std      0x0000000002010da0       0x54 c:/devkitpro/devkitarm/bin/../lib/gcc/arm-none-eabi/9.1.0/../../../../arm-none-eabi/lib/thumb\libg.a(lib_a-findfp.o)
 .text._cleanup_r
                0x0000000002010df4       0x14 c:/devkitpro/devkitarm/bin/../lib/gcc/arm-none-eabi/9.1.0/../../../../arm-none-eabi/lib/thumb\libg.a(lib_a-findfp.o)
                0x0000000002010df4                _cleanup_r
 .text.__sfmoreglue
                0x0000000002010e08       0x34 c:/devkitpro/devkitarm/bin/../lib/gcc/arm-none-eabi/9.1.0/../../../../arm-none-eabi/lib/thumb\libg.a(lib_a-findfp.o)
                0x0000000002010e08                __sfmoreglue
 .text.__sinit  0x0000000002010e3c       0x64 c:/devkitpro/devkitarm/bin/../lib/gcc/arm-none-eabi/9.1.0/../../../../arm-none-eabi/lib/thumb\libg.a(lib_a-findfp.o)
                0x0000000002010e3c                __sinit
 .text.__sfp    0x0000000002010ea0       0xb4 c:/devkitpro/devkitarm/bin/../lib/gcc/arm-none-eabi/9.1.0/../../../../arm-none-eabi/lib/thumb\libg.a(lib_a-findfp.o)
                0x0000000002010ea0                __sfp
 .text.__sfp_lock_acquire
                0x0000000002010f54       0x14 c:/devkitpro/devkitarm/bin/../lib/gcc/arm-none-eabi/9.1.0/../../../../arm-none-eabi/lib/thumb\libg.a(lib_a-findfp.o)
                0x0000000002010f54                __sfp_lock_acquire
 .text.__sfp_lock_release
                0x0000000002010f68       0x14 c:/devkitpro/devkitarm/bin/../lib/gcc/arm-none-eabi/9.1.0/../../../../arm-none-eabi/lib/thumb\libg.a(lib_a-findfp.o)
                0x0000000002010f68                __sfp_lock_release
 .text._fopen_r
                0x0000000002010f7c       0xb8 c:/devkitpro/devkitarm/bin/../lib/gcc/arm-none-eabi/9.1.0/../../../../arm-none-eabi/lib/thumb\libg.a(lib_a-fopen.o)
                0x0000000002010f7c                _fopen_r
 .text.fopen    0x0000000002011034       0x18 c:/devkitpro/devkitarm/bin/../lib/gcc/arm-none-eabi/9.1.0/../../../../arm-none-eabi/lib/thumb\libg.a(lib_a-fopen.o)
                0x0000000002011034                fopen
 .text._fread_r
                0x000000000201104c      0x1fc c:/devkitpro/devkitarm/bin/../lib/gcc/arm-none-eabi/9.1.0/../../../../arm-none-eabi/lib/thumb\libg.a(lib_a-fread.o)
                0x000000000201104c                _fread_r
 .text.fread    0x0000000002011248       0x24 c:/devkitpro/devkitarm/bin/../lib/gcc/arm-none-eabi/9.1.0/../../../../arm-none-eabi/lib/thumb\libg.a(lib_a-fread.o)
                0x0000000002011248                fread
 .text._malloc_trim_r
                0x000000000201126c       0xa0 c:/devkitpro/devkitarm/bin/../lib/gcc/arm-none-eabi/9.1.0/../../../../arm-none-eabi/lib/thumb\libg.a(lib_a-freer.o)
                0x000000000201126c                _malloc_trim_r
 .text._free_r  0x000000000201130c      0x1e0 c:/devkitpro/devkitarm/bin/../lib/gcc/arm-none-eabi/9.1.0/../../../../arm-none-eabi/lib/thumb\libg.a(lib_a-freer.o)
                0x000000000201130c                _free_r
 .text._fseek_r
                0x00000000020114ec       0x18 c:/devkitpro/devkitarm/bin/../lib/gcc/arm-none-eabi/9.1.0/../../../../arm-none-eabi/lib/thumb\libg.a(lib_a-fseek.o)
                0x00000000020114ec                _fseek_r
 .text.fseek    0x0000000002011504       0x24 c:/devkitpro/devkitarm/bin/../lib/gcc/arm-none-eabi/9.1.0/../../../../arm-none-eabi/lib/thumb\libg.a(lib_a-fseek.o)
                0x0000000002011504                fseek
 .text._fseeko_r
                0x0000000002011528      0x414 c:/devkitpro/devkitarm/bin/../lib/gcc/arm-none-eabi/9.1.0/../../../../arm-none-eabi/lib/thumb\libg.a(lib_a-fseeko.o)
                0x0000000002011528                _fseeko_r
 .text.ftell    0x000000000201193c       0x24 c:/devkitpro/devkitarm/bin/../lib/gcc/arm-none-eabi/9.1.0/../../../../arm-none-eabi/lib/thumb\libg.a(lib_a-ftell.o)
                0x000000000201193c                ftell
 .text._ftello_r
                0x0000000002011960      0x124 c:/devkitpro/devkitarm/bin/../lib/gcc/arm-none-eabi/9.1.0/../../../../arm-none-eabi/lib/thumb\libg.a(lib_a-ftello.o)
                0x0000000002011960                _ftello_r
 .text._fwalk   0x0000000002011a84       0x48 c:/devkitpro/devkitarm/bin/../lib/gcc/arm-none-eabi/9.1.0/../../../../arm-none-eabi/lib/thumb\libg.a(lib_a-fwalk.o)
                0x0000000002011a84                _fwalk
 .text._fwalk_reent
                0x0000000002011acc       0x50 c:/devkitpro/devkitarm/bin/../lib/gcc/arm-none-eabi/9.1.0/../../../../arm-none-eabi/lib/thumb\libg.a(lib_a-fwalk.o)
                0x0000000002011acc                _fwalk_reent
 .text.__libc_init_array
                0x0000000002011b1c       0x50 c:/devkitpro/devkitarm/bin/../lib/gcc/arm-none-eabi/9.1.0/../../../../arm-none-eabi/lib/thumb\libg.a(lib_a-init.o)
                0x0000000002011b1c                __libc_init_array
 .text.iprintf  0x0000000002011b6c       0x24 c:/devkitpro/devkitarm/bin/../lib/gcc/arm-none-eabi/9.1.0/../../../../arm-none-eabi/lib/thumb\libg.a(lib_a-iprintf.o)
                0x0000000002011b6c                iprintf
 .text.localtime_r
                0x0000000002011b90      0x244 c:/devkitpro/devkitarm/bin/../lib/gcc/arm-none-eabi/9.1.0/../../../../arm-none-eabi/lib/thumb\libg.a(lib_a-lcltime_r.o)
                0x0000000002011b90                localtime_r
 .text.__locale_mb_cur_max
                0x0000000002011dd4       0x10 c:/devkitpro/devkitarm/bin/../lib/gcc/arm-none-eabi/9.1.0/../../../../arm-none-eabi/lib/thumb\libg.a(lib_a-locale.o)
                0x0000000002011dd4                __locale_mb_cur_max
 .text.__swhatbuf_r
                0x0000000002011de4       0x64 c:/devkitpro/devkitarm/bin/../lib/gcc/arm-none-eabi/9.1.0/../../../../arm-none-eabi/lib/thumb\libg.a(lib_a-makebuf.o)
                0x0000000002011de4                __swhatbuf_r
 .text.__smakebuf_r
                0x0000000002011e48       0x98 c:/devkitpro/devkitarm/bin/../lib/gcc/arm-none-eabi/9.1.0/../../../../arm-none-eabi/lib/thumb\libg.a(lib_a-makebuf.o)
                0x0000000002011e48                __smakebuf_r
 .text.malloc   0x0000000002011ee0       0x14 c:/devkitpro/devkitarm/bin/../lib/gcc/arm-none-eabi/9.1.0/../../../../arm-none-eabi/lib/thumb\libg.a(lib_a-malloc.o)
                0x0000000002011ee0                malloc
 .text.free     0x0000000002011ef4       0x14 c:/devkitpro/devkitarm/bin/../lib/gcc/arm-none-eabi/9.1.0/../../../../arm-none-eabi/lib/thumb\libg.a(lib_a-malloc.o)
                0x0000000002011ef4                free
 .text._malloc_r
                0x0000000002011f08      0x59c c:/devkitpro/devkitarm/bin/../lib/gcc/arm-none-eabi/9.1.0/../../../../arm-none-eabi/lib/thumb\libg.a(lib_a-mallocr.o)
                0x0000000002011f08                _malloc_r
 .text._mbrtowc_r
                0x00000000020124a4       0x60 c:/devkitpro/devkitarm/bin/../lib/gcc/arm-none-eabi/9.1.0/../../../../arm-none-eabi/lib/thumb\libg.a(lib_a-mbrtowc.o)
                0x00000000020124a4                _mbrtowc_r
 .text.mbrtowc  0x0000000002012504       0x80 c:/devkitpro/devkitarm/bin/../lib/gcc/arm-none-eabi/9.1.0/../../../../arm-none-eabi/lib/thumb\libg.a(lib_a-mbrtowc.o)
                0x0000000002012504                mbrtowc
 .text.mbsrtowcs
                0x0000000002012584       0x28 c:/devkitpro/devkitarm/bin/../lib/gcc/arm-none-eabi/9.1.0/../../../../arm-none-eabi/lib/thumb\libg.a(lib_a-mbsrtowcs.o)
                0x0000000002012584                mbsrtowcs
 .text.__utf8_mbtowc
                0x00000000020125ac      0x280 c:/devkitpro/devkitarm/bin/../lib/gcc/arm-none-eabi/9.1.0/../../../../arm-none-eabi/lib/thumb\libg.a(lib_a-mbtowc_r.o)
                0x00000000020125ac                __utf8_mbtowc
 .text.memcmp   0x000000000201282c       0x4c c:/devkitpro/devkitarm/bin/../lib/gcc/arm-none-eabi/9.1.0/../../../../arm-none-eabi/lib/thumb\libg.a(lib_a-memcmp.o)
                0x000000000201282c                memcmp
 .text.memcpy   0x0000000002012878       0xa8 c:/devkitpro/devkitarm/bin/../lib/gcc/arm-none-eabi/9.1.0/../../../../arm-none-eabi/lib/thumb\libg.a(lib_a-memcpy-stub.o)
                0x0000000002012878                memcpy
 .text.memmove  0x0000000002012920       0xb0 c:/devkitpro/devkitarm/bin/../lib/gcc/arm-none-eabi/9.1.0/../../../../arm-none-eabi/lib/thumb\libg.a(lib_a-memmove.o)
                0x0000000002012920                memmove
 .text.memset   0x00000000020129d0       0xb0 c:/devkitpro/devkitarm/bin/../lib/gcc/arm-none-eabi/9.1.0/../../../../arm-none-eabi/lib/thumb\libg.a(lib_a-memset.o)
                0x00000000020129d0                memset
 .text.validate_structure
                0x0000000002012a80      0x1e0 c:/devkitpro/devkitarm/bin/../lib/gcc/arm-none-eabi/9.1.0/../../../../arm-none-eabi/lib/thumb\libg.a(lib_a-mktime.o)
 .text.mktime   0x0000000002012c60      0x450 c:/devkitpro/devkitarm/bin/../lib/gcc/arm-none-eabi/9.1.0/../../../../arm-none-eabi/lib/thumb\libg.a(lib_a-mktime.o)
                0x0000000002012c60                mktime
 .text.__malloc_lock
                0x00000000020130b0       0x14 c:/devkitpro/devkitarm/bin/../lib/gcc/arm-none-eabi/9.1.0/../../../../arm-none-eabi/lib/thumb\libg.a(lib_a-mlock.o)
                0x00000000020130b0                __malloc_lock
 .text.__malloc_unlock
                0x00000000020130c4       0x14 c:/devkitpro/devkitarm/bin/../lib/gcc/arm-none-eabi/9.1.0/../../../../arm-none-eabi/lib/thumb\libg.a(lib_a-mlock.o)
                0x00000000020130c4                __malloc_unlock
 .text.realloc  0x00000000020130d8       0x18 c:/devkitpro/devkitarm/bin/../lib/gcc/arm-none-eabi/9.1.0/../../../../arm-none-eabi/lib/thumb\libg.a(lib_a-realloc.o)
                0x00000000020130d8                realloc
 .text._realloc_r
                0x00000000020130f0      0x38c c:/devkitpro/devkitarm/bin/../lib/gcc/arm-none-eabi/9.1.0/../../../../arm-none-eabi/lib/thumb\libg.a(lib_a-reallocr.o)
                0x00000000020130f0                _realloc_r
 .text.lflush   0x000000000201347c       0x20 c:/devkitpro/devkitarm/bin/../lib/gcc/arm-none-eabi/9.1.0/../../../../arm-none-eabi/lib/thumb\libg.a(lib_a-refill.o)
 .text.__srefill_r
                0x000000000201349c      0x118 c:/devkitpro/devkitarm/bin/../lib/gcc/arm-none-eabi/9.1.0/../../../../arm-none-eabi/lib/thumb\libg.a(lib_a-refill.o)
                0x000000000201349c                __srefill_r
 .text.rewind   0x00000000020135b4       0x20 c:/devkitpro/devkitarm/bin/../lib/gcc/arm-none-eabi/9.1.0/../../../../arm-none-eabi/lib/thumb\libg.a(lib_a-rewind.o)
                0x00000000020135b4                rewind
 .text.setvbuf  0x00000000020135d4      0x1ac c:/devkitpro/devkitarm/bin/../lib/gcc/arm-none-eabi/9.1.0/../../../../arm-none-eabi/lib/thumb\libg.a(lib_a-setvbuf.o)
                0x00000000020135d4                setvbuf
 .text.siscanf  0x0000000002013780       0x4c c:/devkitpro/devkitarm/bin/../lib/gcc/arm-none-eabi/9.1.0/../../../../arm-none-eabi/lib/thumb\libg.a(lib_a-siscanf.o)
                0x0000000002013780                siscanf
 .text.sprintf  0x00000000020137cc       0x40 c:/devkitpro/devkitarm/bin/../lib/gcc/arm-none-eabi/9.1.0/../../../../arm-none-eabi/lib/thumb\libg.a(lib_a-sprintf.o)
                0x00000000020137cc                sprintf
 .text.__sread  0x000000000201380c       0x34 c:/devkitpro/devkitarm/bin/../lib/gcc/arm-none-eabi/9.1.0/../../../../arm-none-eabi/lib/thumb\libg.a(lib_a-stdio.o)
                0x000000000201380c                __sread
 .text.__seofread
                0x0000000002013840        0x4 c:/devkitpro/devkitarm/bin/../lib/gcc/arm-none-eabi/9.1.0/../../../../arm-none-eabi/lib/thumb\libg.a(lib_a-stdio.o)
                0x0000000002013840                __seofread
 .text.__swrite
                0x0000000002013844       0x54 c:/devkitpro/devkitarm/bin/../lib/gcc/arm-none-eabi/9.1.0/../../../../arm-none-eabi/lib/thumb\libg.a(lib_a-stdio.o)
                0x0000000002013844                __swrite
 .text.__sseek  0x0000000002013898       0x40 c:/devkitpro/devkitarm/bin/../lib/gcc/arm-none-eabi/9.1.0/../../../../arm-none-eabi/lib/thumb\libg.a(lib_a-stdio.o)
                0x0000000002013898                __sseek
 .text.__sclose
                0x00000000020138d8       0x10 c:/devkitpro/devkitarm/bin/../lib/gcc/arm-none-eabi/9.1.0/../../../../arm-none-eabi/lib/thumb\libg.a(lib_a-stdio.o)
                0x00000000020138d8                __sclose
 .text.stpcpy   0x00000000020138e8       0x50 c:/devkitpro/devkitarm/bin/../lib/gcc/arm-none-eabi/9.1.0/../../../../arm-none-eabi/lib/thumb\libg.a(lib_a-stpcpy.o)
                0x00000000020138e8                stpcpy
 .text.strcasecmp
                0x0000000002013938       0x48 c:/devkitpro/devkitarm/bin/../lib/gcc/arm-none-eabi/9.1.0/../../../../arm-none-eabi/lib/thumb\libg.a(lib_a-strcasecmp.o)
                0x0000000002013938                strcasecmp
 .text.strchr   0x0000000002013980       0xc8 c:/devkitpro/devkitarm/bin/../lib/gcc/arm-none-eabi/9.1.0/../../../../arm-none-eabi/lib/thumb\libg.a(lib_a-strchr.o)
                0x0000000002013980                strchr
 .text.strcpy   0x0000000002013a48       0x10 c:/devkitpro/devkitarm/bin/../lib/gcc/arm-none-eabi/9.1.0/../../../../arm-none-eabi/lib/thumb\libg.a(lib_a-strcpy.o)
                0x0000000002013a48                strcpy
 .text.strdup   0x0000000002013a58       0x14 c:/devkitpro/devkitarm/bin/../lib/gcc/arm-none-eabi/9.1.0/../../../../arm-none-eabi/lib/thumb\libg.a(lib_a-strdup.o)
                0x0000000002013a58                strdup
 .text._strdup_r
                0x0000000002013a6c       0x2c c:/devkitpro/devkitarm/bin/../lib/gcc/arm-none-eabi/9.1.0/../../../../arm-none-eabi/lib/thumb\libg.a(lib_a-strdup_r.o)
                0x0000000002013a6c                _strdup_r
 .text.strlen   0x0000000002013a98       0x60 c:/devkitpro/devkitarm/bin/../lib/gcc/arm-none-eabi/9.1.0/../../../../arm-none-eabi/lib/thumb\libg.a(lib_a-strlen-stub.o)
                0x0000000002013a98                strlen
 .text.strncasecmp
                0x0000000002013af8       0x54 c:/devkitpro/devkitarm/bin/../lib/gcc/arm-none-eabi/9.1.0/../../../../arm-none-eabi/lib/thumb\libg.a(lib_a-strncasecmp.o)
                0x0000000002013af8                strncasecmp
 .text.strncmp  0x0000000002013b4c       0x78 c:/devkitpro/devkitarm/bin/../lib/gcc/arm-none-eabi/9.1.0/../../../../arm-none-eabi/lib/thumb\libg.a(lib_a-strncmp.o)
                0x0000000002013b4c                strncmp
 .text.strncpy  0x0000000002013bc4       0x74 c:/devkitpro/devkitarm/bin/../lib/gcc/arm-none-eabi/9.1.0/../../../../arm-none-eabi/lib/thumb\libg.a(lib_a-strncpy.o)
                0x0000000002013bc4                strncpy
 .text.strnlen  0x0000000002013c38       0x24 c:/devkitpro/devkitarm/bin/../lib/gcc/arm-none-eabi/9.1.0/../../../../arm-none-eabi/lib/thumb\libg.a(lib_a-strnlen.o)
                0x0000000002013c38                strnlen
 .text.strpbrk  0x0000000002013c5c       0x3c c:/devkitpro/devkitarm/bin/../lib/gcc/arm-none-eabi/9.1.0/../../../../arm-none-eabi/lib/thumb\libg.a(lib_a-strpbrk.o)
                0x0000000002013c5c                strpbrk
 .text.strrchr  0x0000000002013c98       0x2c c:/devkitpro/devkitarm/bin/../lib/gcc/arm-none-eabi/9.1.0/../../../../arm-none-eabi/lib/thumb\libg.a(lib_a-strrchr.o)
                0x0000000002013c98                strrchr
 .text._strtol_l.isra.0
                0x0000000002013cc4      0x140 c:/devkitpro/devkitarm/bin/../lib/gcc/arm-none-eabi/9.1.0/../../../../arm-none-eabi/lib/thumb\libg.a(lib_a-strtol.o)
 .text._strtol_r
                0x0000000002013e04        0xc c:/devkitpro/devkitarm/bin/../lib/gcc/arm-none-eabi/9.1.0/../../../../arm-none-eabi/lib/thumb\libg.a(lib_a-strtol.o)
                0x0000000002013e04                _strtol_r
 .text.get_arg  0x0000000002013e10       0x32 c:/devkitpro/devkitarm/bin/../lib/gcc/arm-none-eabi/9.1.0/../../../../arm-none-eabi/lib/thumb\libg.a(lib_a-svfiscanf.o)
 .text._sungetc_r
                0x0000000002013e42       0x7e c:/devkitpro/devkitarm/bin/../lib/gcc/arm-none-eabi/9.1.0/../../../../arm-none-eabi/lib/thumb\libg.a(lib_a-svfiscanf.o)
                0x0000000002013e42                _sungetc_r
 .text.__ssrefill_r
                0x0000000002013ec0       0x42 c:/devkitpro/devkitarm/bin/../lib/gcc/arm-none-eabi/9.1.0/../../../../arm-none-eabi/lib/thumb\libg.a(lib_a-svfiscanf.o)
                0x0000000002013ec0                __ssrefill_r
 .text._sfread_r
                0x0000000002013f02       0x8a c:/devkitpro/devkitarm/bin/../lib/gcc/arm-none-eabi/9.1.0/../../../../arm-none-eabi/lib/thumb\libg.a(lib_a-svfiscanf.o)
                0x0000000002013f02                _sfread_r
 .text.__ssvfiscanf_r
                0x0000000002013f8c     0x1b54 c:/devkitpro/devkitarm/bin/../lib/gcc/arm-none-eabi/9.1.0/../../../../arm-none-eabi/lib/thumb\libg.a(lib_a-svfiscanf.o)
                0x0000000002013f8c                __ssvfiscanf_r
 .text.get_arg  0x0000000002015ae0      0x3d8 c:/devkitpro/devkitarm/bin/../lib/gcc/arm-none-eabi/9.1.0/../../../../arm-none-eabi/lib/thumb\libg.a(lib_a-svfprintf.o)
 .text._svfprintf_r
                0x0000000002015eb8     0x2494 c:/devkitpro/devkitarm/bin/../lib/gcc/arm-none-eabi/9.1.0/../../../../arm-none-eabi/lib/thumb\libg.a(lib_a-svfprintf.o)
                0x0000000002015eb8                _svfprintf_r
 .text.lseek    0x000000000201834c       0x24 c:/devkitpro/devkitarm/bin/../lib/gcc/arm-none-eabi/9.1.0/../../../../arm-none-eabi/lib/thumb\libg.a(lib_a-syslseek.o)
                0x000000000201834c                lseek
 .text.open     0x0000000002018370       0x28 c:/devkitpro/devkitarm/bin/../lib/gcc/arm-none-eabi/9.1.0/../../../../arm-none-eabi/lib/thumb\libg.a(lib_a-sysopen.o)
                0x0000000002018370                open
 .text.read     0x0000000002018398       0x1c c:/devkitpro/devkitarm/bin/../lib/gcc/arm-none-eabi/9.1.0/../../../../arm-none-eabi/lib/thumb\libg.a(lib_a-sysread.o)
                0x0000000002018398                read
 .text.time     0x00000000020183b4       0x34 c:/devkitpro/devkitarm/bin/../lib/gcc/arm-none-eabi/9.1.0/../../../../arm-none-eabi/lib/thumb\libg.a(lib_a-time.o)
                0x00000000020183b4                time
 .text.towlower
                0x00000000020183e8       0x10 c:/devkitpro/devkitarm/bin/../lib/gcc/arm-none-eabi/9.1.0/../../../../arm-none-eabi/lib/thumb\libg.a(lib_a-towlower.o)
                0x00000000020183e8                towlower
 .text.towupper
                0x00000000020183f8       0x10 c:/devkitpro/devkitarm/bin/../lib/gcc/arm-none-eabi/9.1.0/../../../../arm-none-eabi/lib/thumb\libg.a(lib_a-towupper.o)
                0x00000000020183f8                towupper
 .text.__tzcalc_limits
                0x0000000002018408      0x1a8 c:/devkitpro/devkitarm/bin/../lib/gcc/arm-none-eabi/9.1.0/../../../../arm-none-eabi/lib/thumb\libg.a(lib_a-tzcalc_limits.o)
                0x0000000002018408                __tzcalc_limits
 .text.__tz_lock
                0x00000000020185b0       0x14 c:/devkitpro/devkitarm/bin/../lib/gcc/arm-none-eabi/9.1.0/../../../../arm-none-eabi/lib/thumb\libg.a(lib_a-tzlock.o)
                0x00000000020185b0                __tz_lock
 .text.__tz_unlock
                0x00000000020185c4       0x14 c:/devkitpro/devkitarm/bin/../lib/gcc/arm-none-eabi/9.1.0/../../../../arm-none-eabi/lib/thumb\libg.a(lib_a-tzlock.o)
                0x00000000020185c4                __tz_unlock
 .text._tzset_unlocked
                0x00000000020185d8       0x10 c:/devkitpro/devkitarm/bin/../lib/gcc/arm-none-eabi/9.1.0/../../../../arm-none-eabi/lib/thumb\libg.a(lib_a-tzset.o)
                0x00000000020185d8                _tzset_unlocked
 .text._tzset_unlocked_r
                0x00000000020185e8      0x360 c:/devkitpro/devkitarm/bin/../lib/gcc/arm-none-eabi/9.1.0/../../../../arm-none-eabi/lib/thumb\libg.a(lib_a-tzset_r.o)
                0x00000000020185e8                _tzset_unlocked_r
 .text.__submore
                0x0000000002018948       0x88 c:/devkitpro/devkitarm/bin/../lib/gcc/arm-none-eabi/9.1.0/../../../../arm-none-eabi/lib/thumb\libg.a(lib_a-ungetc.o)
                0x0000000002018948                __submore
 .text.get_arg  0x00000000020189d0      0x3d8 c:/devkitpro/devkitarm/bin/../lib/gcc/arm-none-eabi/9.1.0/../../../../arm-none-eabi/lib/thumb\libg.a(lib_a-vfiprintf.o)
 .text.__sprint_r
                0x0000000002018da8       0x20 c:/devkitpro/devkitarm/bin/../lib/gcc/arm-none-eabi/9.1.0/../../../../arm-none-eabi/lib/thumb\libg.a(lib_a-vfiprintf.o)
                0x0000000002018da8                __sprint_r
 .text._vfiprintf_r
                0x0000000002018dc8     0x1804 c:/devkitpro/devkitarm/bin/../lib/gcc/arm-none-eabi/9.1.0/../../../../arm-none-eabi/lib/thumb\libg.a(lib_a-vfiprintf.o)
                0x0000000002018dc8                _vfiprintf_r
 .text.__sbprintf
                0x000000000201a5cc       0x8c c:/devkitpro/devkitarm/bin/../lib/gcc/arm-none-eabi/9.1.0/../../../../arm-none-eabi/lib/thumb\libg.a(lib_a-vfiprintf.o)
 .text._wcrtomb_r
                0x000000000201a658       0x5c c:/devkitpro/devkitarm/bin/../lib/gcc/arm-none-eabi/9.1.0/../../../../arm-none-eabi/lib/thumb\libg.a(lib_a-wcrtomb.o)
                0x000000000201a658                _wcrtomb_r
 .text.wcrtomb  0x000000000201a6b4       0x74 c:/devkitpro/devkitarm/bin/../lib/gcc/arm-none-eabi/9.1.0/../../../../arm-none-eabi/lib/thumb\libg.a(lib_a-wcrtomb.o)
                0x000000000201a6b4                wcrtomb
 .text._wcsrtombs_r
                0x000000000201a728       0x1c c:/devkitpro/devkitarm/bin/../lib/gcc/arm-none-eabi/9.1.0/../../../../arm-none-eabi/lib/thumb\libg.a(lib_a-wcsrtombs.o)
                0x000000000201a728                _wcsrtombs_r
 .text.wctob    0x000000000201a744       0x48 c:/devkitpro/devkitarm/bin/../lib/gcc/arm-none-eabi/9.1.0/../../../../arm-none-eabi/lib/thumb\libg.a(lib_a-wctob.o)
                0x000000000201a744                wctob
 .text.__utf8_wctomb
                0x000000000201a78c       0xb4 c:/devkitpro/devkitarm/bin/../lib/gcc/arm-none-eabi/9.1.0/../../../../arm-none-eabi/lib/thumb\libg.a(lib_a-wctomb_r.o)
                0x000000000201a78c                __utf8_wctomb
 .text.__swsetup_r
                0x000000000201a840       0xd8 c:/devkitpro/devkitarm/bin/../lib/gcc/arm-none-eabi/9.1.0/../../../../arm-none-eabi/lib/thumb\libg.a(lib_a-wsetup.o)
                0x000000000201a840                __swsetup_r
 .text.div      0x000000000201a918       0x34 c:/devkitpro/devkitarm/bin/../lib/gcc/arm-none-eabi/9.1.0/../../../../arm-none-eabi/lib/thumb\libg.a(lib_a-div.o)
                0x000000000201a918                div
 .text.quorem   0x000000000201a94c      0x14c c:/devkitpro/devkitarm/bin/../lib/gcc/arm-none-eabi/9.1.0/../../../../arm-none-eabi/lib/thumb\libg.a(lib_a-dtoa.o)
 .text._dtoa_r  0x000000000201aa98      0xf70 c:/devkitpro/devkitarm/bin/../lib/gcc/arm-none-eabi/9.1.0/../../../../arm-none-eabi/lib/thumb\libg.a(lib_a-dtoa.o)
                0x000000000201aa98                _dtoa_r
 .text.__sflags
                0x000000000201ba08       0xa4 c:/devkitpro/devkitarm/bin/../lib/gcc/arm-none-eabi/9.1.0/../../../../arm-none-eabi/lib/thumb\libg.a(lib_a-flags.o)
                0x000000000201ba08                __sflags
 .text.__sfvwrite_r
                0x000000000201baac      0x348 c:/devkitpro/devkitarm/bin/../lib/gcc/arm-none-eabi/9.1.0/../../../../arm-none-eabi/lib/thumb\libg.a(lib_a-fvwrite.o)
                0x000000000201baac                __sfvwrite_r
 .text._findenv_r
                0x000000000201bdf4       0x94 c:/devkitpro/devkitarm/bin/../lib/gcc/arm-none-eabi/9.1.0/../../../../arm-none-eabi/lib/thumb\libg.a(lib_a-getenv_r.o)
                0x000000000201bdf4                _findenv_r
 .text._getenv_r
                0x000000000201be88       0x10 c:/devkitpro/devkitarm/bin/../lib/gcc/arm-none-eabi/9.1.0/../../../../arm-none-eabi/lib/thumb\libg.a(lib_a-getenv_r.o)
                0x000000000201be88                _getenv_r
 .text.__gettzinfo
                0x000000000201be98        0x8 c:/devkitpro/devkitarm/bin/../lib/gcc/arm-none-eabi/9.1.0/../../../../arm-none-eabi/lib/thumb\libg.a(lib_a-gettzinfo.o)
                0x000000000201be98                __gettzinfo
 .text.gmtime_r
                0x000000000201bea0      0x1d8 c:/devkitpro/devkitarm/bin/../lib/gcc/arm-none-eabi/9.1.0/../../../../arm-none-eabi/lib/thumb\libg.a(lib_a-gmtime_r.o)
                0x000000000201bea0                gmtime_r
 .text.iswspace
                0x000000000201c078       0x10 c:/devkitpro/devkitarm/bin/../lib/gcc/arm-none-eabi/9.1.0/../../../../arm-none-eabi/lib/thumb\libg.a(lib_a-iswspace.o)
                0x000000000201c078                iswspace
 .text._localeconv_r
                0x000000000201c088        0x8 c:/devkitpro/devkitarm/bin/../lib/gcc/arm-none-eabi/9.1.0/../../../../arm-none-eabi/lib/thumb\libg.a(lib_a-localeconv.o)
                0x000000000201c088                _localeconv_r
 .text._mbsnrtowcs_r
                0x000000000201c090       0xc0 c:/devkitpro/devkitarm/bin/../lib/gcc/arm-none-eabi/9.1.0/../../../../arm-none-eabi/lib/thumb\libg.a(lib_a-mbsnrtowcs.o)
                0x000000000201c090                _mbsnrtowcs_r
 .text.memchr   0x000000000201c150       0x78 c:/devkitpro/devkitarm/bin/../lib/gcc/arm-none-eabi/9.1.0/../../../../arm-none-eabi/lib/thumb\libg.a(lib_a-memchr-stub.o)
                0x000000000201c150                memchr
 .text._Balloc  0x000000000201c1c8       0x54 c:/devkitpro/devkitarm/bin/../lib/gcc/arm-none-eabi/9.1.0/../../../../arm-none-eabi/lib/thumb\libg.a(lib_a-mprec.o)
                0x000000000201c1c8                _Balloc
 .text._Bfree   0x000000000201c21c       0x14 c:/devkitpro/devkitarm/bin/../lib/gcc/arm-none-eabi/9.1.0/../../../../arm-none-eabi/lib/thumb\libg.a(lib_a-mprec.o)
                0x000000000201c21c                _Bfree
 .text.__multadd
                0x000000000201c230       0x88 c:/devkitpro/devkitarm/bin/../lib/gcc/arm-none-eabi/9.1.0/../../../../arm-none-eabi/lib/thumb\libg.a(lib_a-mprec.o)
                0x000000000201c230                __multadd
 .text.__hi0bits
                0x000000000201c2b8       0x38 c:/devkitpro/devkitarm/bin/../lib/gcc/arm-none-eabi/9.1.0/../../../../arm-none-eabi/lib/thumb\libg.a(lib_a-mprec.o)
                0x000000000201c2b8                __hi0bits
 .text.__lo0bits
                0x000000000201c2f0       0x5c c:/devkitpro/devkitarm/bin/../lib/gcc/arm-none-eabi/9.1.0/../../../../arm-none-eabi/lib/thumb\libg.a(lib_a-mprec.o)
                0x000000000201c2f0                __lo0bits
 .text.__i2b    0x000000000201c34c       0x18 c:/devkitpro/devkitarm/bin/../lib/gcc/arm-none-eabi/9.1.0/../../../../arm-none-eabi/lib/thumb\libg.a(lib_a-mprec.o)
                0x000000000201c34c                __i2b
 .text.__multiply
                0x000000000201c364      0x194 c:/devkitpro/devkitarm/bin/../lib/gcc/arm-none-eabi/9.1.0/../../../../arm-none-eabi/lib/thumb\libg.a(lib_a-mprec.o)
                0x000000000201c364                __multiply
 .text.__pow5mult
                0x000000000201c4f8       0xc4 c:/devkitpro/devkitarm/bin/../lib/gcc/arm-none-eabi/9.1.0/../../../../arm-none-eabi/lib/thumb\libg.a(lib_a-mprec.o)
                0x000000000201c4f8                __pow5mult
 .text.__lshift
                0x000000000201c5bc       0xf0 c:/devkitpro/devkitarm/bin/../lib/gcc/arm-none-eabi/9.1.0/../../../../arm-none-eabi/lib/thumb\libg.a(lib_a-mprec.o)
                0x000000000201c5bc                __lshift
 .text.__mcmp   0x000000000201c6ac       0x3c c:/devkitpro/devkitarm/bin/../lib/gcc/arm-none-eabi/9.1.0/../../../../arm-none-eabi/lib/thumb\libg.a(lib_a-mprec.o)
                0x000000000201c6ac                __mcmp
 .text.__mdiff  0x000000000201c6e8      0x148 c:/devkitpro/devkitarm/bin/../lib/gcc/arm-none-eabi/9.1.0/../../../../arm-none-eabi/lib/thumb\libg.a(lib_a-mprec.o)
                0x000000000201c6e8                __mdiff
 .text.__d2b    0x000000000201c830       0xc0 c:/devkitpro/devkitarm/bin/../lib/gcc/arm-none-eabi/9.1.0/../../../../arm-none-eabi/lib/thumb\libg.a(lib_a-mprec.o)
                0x000000000201c830                __d2b
 .text.__sccl   0x000000000201c8f0       0x90 c:/devkitpro/devkitarm/bin/../lib/gcc/arm-none-eabi/9.1.0/../../../../arm-none-eabi/lib/thumb\libg.a(lib_a-sccl.o)
                0x000000000201c8f0                __sccl
 .text.frexp    0x000000000201c980       0x68 c:/devkitpro/devkitarm/bin/../lib/gcc/arm-none-eabi/9.1.0/../../../../arm-none-eabi/lib/thumb\libg.a(lib_a-s_frexp.o)
                0x000000000201c980                frexp
 .text._strtoll_l.isra.0
                0x000000000201c9e8      0x1ac c:/devkitpro/devkitarm/bin/../lib/gcc/arm-none-eabi/9.1.0/../../../../arm-none-eabi/lib/thumb\libg.a(lib_a-strtoll.o)
 .text._strtoll_r
                0x000000000201cb94        0xc c:/devkitpro/devkitarm/bin/../lib/gcc/arm-none-eabi/9.1.0/../../../../arm-none-eabi/lib/thumb\libg.a(lib_a-strtoll.o)
                0x000000000201cb94                _strtoll_r
 .text._strtoull_l.isra.0
                0x000000000201cba0      0x1c8 c:/devkitpro/devkitarm/bin/../lib/gcc/arm-none-eabi/9.1.0/../../../../arm-none-eabi/lib/thumb\libg.a(lib_a-strtoull.o)
 .text._strtoull_r
                0x000000000201cd68        0xc c:/devkitpro/devkitarm/bin/../lib/gcc/arm-none-eabi/9.1.0/../../../../arm-none-eabi/lib/thumb\libg.a(lib_a-strtoull.o)
                0x000000000201cd68                _strtoull_r
 .text._strtoul_l.isra.0
                0x000000000201cd74      0x148 c:/devkitpro/devkitarm/bin/../lib/gcc/arm-none-eabi/9.1.0/../../../../arm-none-eabi/lib/thumb\libg.a(lib_a-strtoul.o)
 .text._strtoul_r
                0x000000000201cebc        0xc c:/devkitpro/devkitarm/bin/../lib/gcc/arm-none-eabi/9.1.0/../../../../arm-none-eabi/lib/thumb\libg.a(lib_a-strtoul.o)
                0x000000000201cebc                _strtoul_r
 .text.strtoul  0x000000000201cec8       0x1c c:/devkitpro/devkitarm/bin/../lib/gcc/arm-none-eabi/9.1.0/../../../../arm-none-eabi/lib/thumb\libg.a(lib_a-strtoul.o)
                0x000000000201cec8                strtoul
 .text.__ssprint_r
                0x000000000201cee4      0x124 c:/devkitpro/devkitarm/bin/../lib/gcc/arm-none-eabi/9.1.0/../../../../arm-none-eabi/lib/thumb\libg.a(lib_a-svfiprintf.o)
                0x000000000201cee4                __ssprint_r
 .text.towctrans
                0x000000000201d008       0x28 c:/devkitpro/devkitarm/bin/../lib/gcc/arm-none-eabi/9.1.0/../../../../arm-none-eabi/lib/thumb\libg.a(lib_a-towctrans.o)
                0x000000000201d008                towctrans
 .text._wcsnrtombs_l
                0x000000000201d030      0x138 c:/devkitpro/devkitarm/bin/../lib/gcc/arm-none-eabi/9.1.0/../../../../arm-none-eabi/lib/thumb\libg.a(lib_a-wcsnrtombs.o)
                0x000000000201d030                _wcsnrtombs_l
 .text._wcsnrtombs_r
                0x000000000201d168       0x30 c:/devkitpro/devkitarm/bin/../lib/gcc/arm-none-eabi/9.1.0/../../../../arm-none-eabi/lib/thumb\libg.a(lib_a-wcsnrtombs.o)
                0x000000000201d168                _wcsnrtombs_r
 .text.__env_lock
                0x000000000201d198       0x14 c:/devkitpro/devkitarm/bin/../lib/gcc/arm-none-eabi/9.1.0/../../../../arm-none-eabi/lib/thumb\libg.a(lib_a-envlock.o)
                0x000000000201d198                __env_lock
 .text.__env_unlock
                0x000000000201d1ac       0x14 c:/devkitpro/devkitarm/bin/../lib/gcc/arm-none-eabi/9.1.0/../../../../arm-none-eabi/lib/thumb\libg.a(lib_a-envlock.o)
                0x000000000201d1ac                __env_unlock
 .text.iswspace_l
                0x000000000201d1c0       0x2c c:/devkitpro/devkitarm/bin/../lib/gcc/arm-none-eabi/9.1.0/../../../../arm-none-eabi/lib/thumb\libg.a(lib_a-iswspace_l.o)
                0x000000000201d1c0                iswspace_l
 .text.__jp2uc  0x000000000201d1ec      0x164 c:/devkitpro/devkitarm/bin/../lib/gcc/arm-none-eabi/9.1.0/../../../../arm-none-eabi/lib/thumb\libg.a(lib_a-jp2uc.o)
 .text._jp2uc_l
                0x000000000201d350       0x6c c:/devkitpro/devkitarm/bin/../lib/gcc/arm-none-eabi/9.1.0/../../../../arm-none-eabi/lib/thumb\libg.a(lib_a-jp2uc.o)
                0x000000000201d350                _jp2uc_l
 .text._uc2jp_l
                0x000000000201d3bc       0x4c c:/devkitpro/devkitarm/bin/../lib/gcc/arm-none-eabi/9.1.0/../../../../arm-none-eabi/lib/thumb\libg.a(lib_a-jp2uc.o)
                0x000000000201d3bc                _uc2jp_l
 .text.bisearch.part.0.constprop.0
                0x000000000201d408       0x5c c:/devkitpro/devkitarm/bin/../lib/gcc/arm-none-eabi/9.1.0/../../../../arm-none-eabi/lib/thumb\libg.a(lib_a-towctrans_l.o)
 .text.towctrans_l
                0x000000000201d464      0x140 c:/devkitpro/devkitarm/bin/../lib/gcc/arm-none-eabi/9.1.0/../../../../arm-none-eabi/lib/thumb\libg.a(lib_a-towctrans_l.o)
                0x000000000201d464                towctrans_l
 .text.category
                0x000000000201d5a4       0x58 c:/devkitpro/devkitarm/bin/../lib/gcc/arm-none-eabi/9.1.0/../../../../arm-none-eabi/lib/thumb\libg.a(lib_a-categories.o)
                0x000000000201d5a4                category
 .text.null_write
                0x000000000201d5fc        0x4 c:/devkitpro/devkitarm/bin/../lib/gcc/arm-none-eabi/9.1.0/../../../../arm-none-eabi/lib/thumb\libsysbase.a(iosupport.o)
 .text.setDefaultDevice
                0x000000000201d600       0x10 c:/devkitpro/devkitarm/bin/../lib/gcc/arm-none-eabi/9.1.0/../../../../arm-none-eabi/lib/thumb\libsysbase.a(iosupport.o)
                0x000000000201d600                setDefaultDevice
 .text.FindDevice
                0x000000000201d610       0x98 c:/devkitpro/devkitarm/bin/../lib/gcc/arm-none-eabi/9.1.0/../../../../arm-none-eabi/lib/thumb\libsysbase.a(iosupport.o)
                0x000000000201d610                FindDevice
 .text.AddDevice
                0x000000000201d6a8       0x78 c:/devkitpro/devkitarm/bin/../lib/gcc/arm-none-eabi/9.1.0/../../../../arm-none-eabi/lib/thumb\libsysbase.a(iosupport.o)
                0x000000000201d6a8                AddDevice
 .text.GetDeviceOpTab
                0x000000000201d720       0x20 c:/devkitpro/devkitarm/bin/../lib/gcc/arm-none-eabi/9.1.0/../../../../arm-none-eabi/lib/thumb\libsysbase.a(iosupport.o)
                0x000000000201d720                GetDeviceOpTab
 .text._fstat_r
                0x000000000201d740       0x4c c:/devkitpro/devkitarm/bin/../lib/gcc/arm-none-eabi/9.1.0/../../../../arm-none-eabi/lib/thumb\libsysbase.a(fstat.o)
                0x000000000201d740                _fstat_r
 .text._gettimeofday_r
                0x000000000201d78c       0x28 c:/devkitpro/devkitarm/bin/../lib/gcc/arm-none-eabi/9.1.0/../../../../arm-none-eabi/lib/thumb\libsysbase.a(gettod.o)
                0x000000000201d78c                _gettimeofday_r
 .text._isatty_r
                0x000000000201d7b4        0x4 c:/devkitpro/devkitarm/bin/../lib/gcc/arm-none-eabi/9.1.0/../../../../arm-none-eabi/lib/thumb\libsysbase.a(isatty.o)
                0x000000000201d7b4                _isatty_r
 .text._lseek_r
                0x000000000201d7b8       0x5c c:/devkitpro/devkitarm/bin/../lib/gcc/arm-none-eabi/9.1.0/../../../../arm-none-eabi/lib/thumb\libsysbase.a(lseek.o)
                0x000000000201d7b8                _lseek_r
 .text._open_r  0x000000000201d814       0x9c c:/devkitpro/devkitarm/bin/../lib/gcc/arm-none-eabi/9.1.0/../../../../arm-none-eabi/lib/thumb\libsysbase.a(open.o)
                0x000000000201d814                _open_r
 .text._read_r  0x000000000201d8b0       0x50 c:/devkitpro/devkitarm/bin/../lib/gcc/arm-none-eabi/9.1.0/../../../../arm-none-eabi/lib/thumb\libsysbase.a(read.o)
                0x000000000201d8b0                _read_r
 .text._sbrk_r  0x000000000201d900       0x54 c:/devkitpro/devkitarm/bin/../lib/gcc/arm-none-eabi/9.1.0/../../../../arm-none-eabi/lib/thumb\libsysbase.a(sbrk.o)
                0x000000000201d900                _sbrk_r
 .text._write_r
                0x000000000201d954       0x50 c:/devkitpro/devkitarm/bin/../lib/gcc/arm-none-eabi/9.1.0/../../../../arm-none-eabi/lib/thumb\libsysbase.a(write.o)
                0x000000000201d954                _write_r
 .text._concatenate_path
                0x000000000201d9a4      0x128 c:/devkitpro/devkitarm/bin/../lib/gcc/arm-none-eabi/9.1.0/../../../../arm-none-eabi/lib/thumb\libsysbase.a(chdir.o)
                0x000000000201d9a4                _concatenate_path
 .text.chdir    0x000000000201dacc       0xf8 c:/devkitpro/devkitarm/bin/../lib/gcc/arm-none-eabi/9.1.0/../../../../arm-none-eabi/lib/thumb\libsysbase.a(chdir.o)
                0x000000000201dacc                chdir
 .text.getcwd   0x000000000201dbc4       0x60 c:/devkitpro/devkitarm/bin/../lib/gcc/arm-none-eabi/9.1.0/../../../../arm-none-eabi/lib/thumb\libsysbase.a(chdir.o)
                0x000000000201dbc4                getcwd
 .text.build_argv
                0x000000000201dc24       0x4c c:/devkitpro/devkitarm/bin/../lib/gcc/arm-none-eabi/9.1.0/../../../../arm-none-eabi/lib/thumb\libsysbase.a(build_argv.o)
                0x000000000201dc24                build_argv
 .text.__flockfile
                0x000000000201dc70       0x10 c:/devkitpro/devkitarm/bin/../lib/gcc/arm-none-eabi/9.1.0/../../../../arm-none-eabi/lib/thumb\libsysbase.a(flock.o)
                0x000000000201dc70                __flockfile
 .text.__funlockfile
                0x000000000201dc80       0x10 c:/devkitpro/devkitarm/bin/../lib/gcc/arm-none-eabi/9.1.0/../../../../arm-none-eabi/lib/thumb\libsysbase.a(flock.o)
                0x000000000201dc80                __funlockfile
 .text.__libc_lock_acquire
                0x000000000201dc90       0x1c c:/devkitpro/devkitarm/bin/../lib/gcc/arm-none-eabi/9.1.0/../../../../arm-none-eabi/lib/thumb\libsysbase.a(syscall_support.o)
                0x000000000201dc90                __libc_lock_acquire
 .text.__libc_lock_release
                0x000000000201dcac       0x1c c:/devkitpro/devkitarm/bin/../lib/gcc/arm-none-eabi/9.1.0/../../../../arm-none-eabi/lib/thumb\libsysbase.a(syscall_support.o)
                0x000000000201dcac                __libc_lock_release
 .text.__libc_lock_init_recursive
                0x000000000201dcc8       0x1c c:/devkitpro/devkitarm/bin/../lib/gcc/arm-none-eabi/9.1.0/../../../../arm-none-eabi/lib/thumb\libsysbase.a(syscall_support.o)
                0x000000000201dcc8                __libc_lock_init_recursive
 .text.__libc_lock_acquire_recursive
                0x000000000201dce4       0x1c c:/devkitpro/devkitarm/bin/../lib/gcc/arm-none-eabi/9.1.0/../../../../arm-none-eabi/lib/thumb\libsysbase.a(syscall_support.o)
                0x000000000201dce4                __libc_lock_acquire_recursive
 .text.__libc_lock_release_recursive
                0x000000000201dd00       0x1c c:/devkitpro/devkitarm/bin/../lib/gcc/arm-none-eabi/9.1.0/../../../../arm-none-eabi/lib/thumb\libsysbase.a(syscall_support.o)
                0x000000000201dd00                __libc_lock_release_recursive
 .text.__libc_lock_close_recursive
                0x000000000201dd1c       0x1c c:/devkitpro/devkitarm/bin/../lib/gcc/arm-none-eabi/9.1.0/../../../../arm-none-eabi/lib/thumb\libsysbase.a(syscall_support.o)
                0x000000000201dd1c                __libc_lock_close_recursive
 .text.__release_handle
                0x000000000201dd38       0x68 c:/devkitpro/devkitarm/bin/../lib/gcc/arm-none-eabi/9.1.0/../../../../arm-none-eabi/lib/thumb\libsysbase.a(handle_manager.o)
                0x000000000201dd38                __release_handle
 .text.__alloc_handle
                0x000000000201dda0       0x80 c:/devkitpro/devkitarm/bin/../lib/gcc/arm-none-eabi/9.1.0/../../../../arm-none-eabi/lib/thumb\libsysbase.a(handle_manager.o)
                0x000000000201dda0                __alloc_handle
 .text.__get_handle
                0x000000000201de20       0x34 c:/devkitpro/devkitarm/bin/../lib/gcc/arm-none-eabi/9.1.0/../../../../arm-none-eabi/lib/thumb\libsysbase.a(handle_manager.o)
                0x000000000201de20                __get_handle
 .text._close_r
                0x000000000201de54       0xb8 c:/devkitpro/devkitarm/bin/../lib/gcc/arm-none-eabi/9.1.0/../../../../arm-none-eabi/lib/thumb\libsysbase.a(handle_manager.o)
                0x000000000201de54                _close_r
 .text.__getreent
                0x000000000201df0c       0x28 c:/devkitpro/devkitarm/bin/../lib/gcc/arm-none-eabi/9.1.0/../../../../arm-none-eabi/lib/thumb\libsysbase.a(getreent.o)
                0x000000000201df0c                __getreent
 .text.__errno  0x000000000201df34        0xc c:/devkitpro/devkitarm/bin/../lib/gcc/arm-none-eabi/9.1.0/../../../../arm-none-eabi/lib/thumb\libg.a(lib_a-errno.o)
                0x000000000201df34                __errno
 .text.__errno.__stub
                0x000000000201df40      0x110 linker stubs
 *(EXCLUDE_FILE(*.twl*) .gnu.warning)
 *(EXCLUDE_FILE(*.twl*) .gnu.linkonce.t*)
 *(.glue_7)
 .glue_7        0x000000000201e060        0x0 linker stubs
 *(.glue_7t)
 .glue_7t       0x000000000201e060        0x0 linker stubs
                0x000000000201e060                . = ALIGN (0x4)

.vfp11_veneer   0x000000000201e060        0x0
 .vfp11_veneer  0x000000000201e060        0x0 linker stubs

.v4_bx          0x000000000201e060        0x0
 .v4_bx         0x000000000201e060        0x0 linker stubs

.iplt           0x000000000201e060        0x0
 .iplt          0x000000000201e060        0x0 c:/devkitpro/devkitarm/bin/../lib/gcc/arm-none-eabi/9.1.0/../../../../arm-none-eabi/lib/thumb/ds_arm9_crt0.o

.fini           0x000000000201e060        0xc
 *(.fini)
 .fini          0x000000000201e060        0x4 c:/devkitpro/devkitarm/bin/../lib/gcc/arm-none-eabi/9.1.0/thumb/crti.o
                0x000000000201e060                _fini
 .fini          0x000000000201e064        0x8 c:/devkitpro/devkitarm/bin/../lib/gcc/arm-none-eabi/9.1.0/thumb/crtn.o
                0x000000000201e06c                __text_end = .

.rodata         0x000000000201e070     0x9724
 *(EXCLUDE_FILE(*.twl*) .rodata)
 .rodata        0x000000000201e070       0x50 C:/devkitPro/Projects/Kaboom!DS/nflib/lib\libnflib.a(nf_basic.o)
 .rodata        0x000000000201e0c0     0x2004 C:/devkitPro/libnds/lib\libnds9.a(default_font.bin.o)
                0x000000000201e0c0                default_font_bin
                0x00000000020200c0                default_font_bin_size
                0x00000000020200c0                default_font_bin_end
 *all.rodata*(*)
 *(EXCLUDE_FILE(*.twl*) .roda)
 *(EXCLUDE_FILE(*.twl*) .rodata.*)
 .rodata.str1.4
                0x00000000020200c4       0x2d Kaboom!DS.o
 *fill*         0x00000000020200f1        0x3 ff
 .rodata.str1.4
                0x00000000020200f4       0x27 C:/devkitPro/Projects/Kaboom!DS/nflib/lib\libnflib.a(nf_2d.o)
                                         0x28 (size before relaxing)
 *fill*         0x000000000202011b        0x1 ff
 .rodata.str1.4
                0x000000000202011c      0x613 C:/devkitPro/Projects/Kaboom!DS/nflib/lib\libnflib.a(nf_basic.o)
                                        0x628 (size before relaxing)
 *fill*         0x000000000202072f        0x1 ff
 .rodata.str1.4
                0x0000000002020730       0x70 C:/devkitPro/Projects/Kaboom!DS/nflib/lib\libnflib.a(nf_sprite256.o)
                                         0x7c (size before relaxing)
 .rodata.str1.4
                0x00000000020207a0       0x4c C:/devkitPro/Projects/Kaboom!DS/nflib/lib\libnflib.a(nf_tiledbg.o)
                                         0x6c (size before relaxing)
 .rodata.nitroFSInit.str1.4
                0x00000000020207ec        0x7 C:/devkitPro/libnds/lib\libfilesystem.a(nitrofs.o)
                                         0x10 (size before relaxing)
 *fill*         0x00000000020207f3        0x1 ff
 .rodata.str1.4
                0x00000000020207f4        0xe C:/devkitPro/libnds/lib\libfilesystem.a(nitrofs.o)
 *fill*         0x0000000002020802        0x2 ff
 .rodata.dotab_fat
                0x0000000002020804       0x70 C:/devkitPro/libnds/lib\libfat.a(libfat.o)
 .rodata.fatInit.str1.4
                0x0000000002020874        0x3 C:/devkitPro/libnds/lib\libfat.a(libfat.o)
 *fill*         0x0000000002020877        0x1 ff
 .rodata.fatMount.str1.4
                0x0000000002020878        0x2 C:/devkitPro/libnds/lib\libfat.a(libfat.o)
 .rodata.str1.4
                0x000000000202087a        0x4 C:/devkitPro/libnds/lib\libfat.a(libfat.o)
 *fill*         0x000000000202087a        0x2 ff
 .rodata._FAT_disc_interfaces
                0x000000000202087c       0x18 C:/devkitPro/libnds/lib\libfat.a(disc.o)
                0x000000000202087c                _FAT_disc_interfaces
 .rodata.str1.4
                0x0000000002020894        0x8 C:/devkitPro/libnds/lib\libfat.a(disc.o)
 .rodata.ILLEGAL_ALIAS_CHARACTERS
                0x0000000002020894       0x12 C:/devkitPro/libnds/lib\libfat.a(directory.o)
 *fill*         0x00000000020208a6        0x2 ff
 .rodata.ILLEGAL_LFN_CHARACTERS
                0x00000000020208a8        0xa C:/devkitPro/libnds/lib\libfat.a(directory.o)
 *fill*         0x00000000020208b2        0x2 ff
 .rodata.LFN_offset_table
                0x00000000020208b4       0x34 C:/devkitPro/libnds/lib\libfat.a(directory.o)
 .rodata._FAT_directory_entryFromPath.str1.4
                0x00000000020208e8        0x7 C:/devkitPro/libnds/lib\libfat.a(directory.o)
 .rodata.FAT_SIG
                0x00000000020208e8        0x3 C:/devkitPro/libnds/lib\libfat.a(partition.o)
 *fill*         0x00000000020208eb        0x1 ff
 .rodata.FS_INFO_SIG1
                0x00000000020208ec        0x4 C:/devkitPro/libnds/lib\libfat.a(partition.o)
 .rodata.FS_INFO_SIG2
                0x00000000020208f0        0x4 C:/devkitPro/libnds/lib\libfat.a(partition.o)
 .rodata.FS_TWL_SIG
                0x00000000020208f4        0x8 C:/devkitPro/libnds/lib\libfat.a(partition.o)
 .rodata.con_write
                0x00000000020208fc       0xd4 C:/devkitPro/libnds/lib\libnds9.a(console.o)
 .rodata.con_write.str1.4
                0x00000000020209d0       0x30 C:/devkitPro/libnds/lib\libnds9.a(console.o)
 .rodata.consoleClear.str1.4
                0x0000000002020a00        0x5 C:/devkitPro/libnds/lib\libnds9.a(console.o)
 *fill*         0x0000000002020a05        0x3 ff
 .rodata.dotab_stdout
                0x0000000002020a08       0x70 C:/devkitPro/libnds/lib\libnds9.a(console.o)
 .rodata.str1.4
                0x0000000002020a78       0x14 C:/devkitPro/libnds/lib\libnds9.a(console.o)
 .rodata.SIN_LUT
                0x0000000002020a8c      0x102 C:/devkitPro/libnds/lib\libnds9.a(trig.o)
                0x0000000002020a8c                SIN_LUT
 *fill*         0x0000000002020b8e        0x2 ff
 .rodata._ctype_
                0x0000000002020b90      0x101 c:/devkitpro/devkitarm/bin/../lib/gcc/arm-none-eabi/9.1.0/../../../../arm-none-eabi/lib/thumb\libg.a(lib_a-ctype_.o)
                0x0000000002020b90                _ctype_
 *fill*         0x0000000002020c91        0x3 ff
 .rodata._global_impure_ptr
                0x0000000002020c94        0x4 c:/devkitpro/devkitarm/bin/../lib/gcc/arm-none-eabi/9.1.0/../../../../arm-none-eabi/lib/thumb\libg.a(lib_a-impure.o)
                0x0000000002020c94                _global_impure_ptr
 .rodata.str1.4
                0x0000000002020c98       0x44 c:/devkitpro/devkitarm/bin/../lib/gcc/arm-none-eabi/9.1.0/../../../../arm-none-eabi/lib/thumb\libg.a(lib_a-locale.o)
                                         0x4c (size before relaxing)
 .rodata._mbrtowc_r.str1.4
                0x0000000002020cdc        0x1 c:/devkitpro/devkitarm/bin/../lib/gcc/arm-none-eabi/9.1.0/../../../../arm-none-eabi/lib/thumb\libg.a(lib_a-mbrtowc.o)
 .rodata.DAYS_IN_MONTH
                0x0000000002020cdc       0x30 c:/devkitpro/devkitarm/bin/../lib/gcc/arm-none-eabi/9.1.0/../../../../arm-none-eabi/lib/thumb\libg.a(lib_a-mktime.o)
 .rodata._DAYS_BEFORE_MONTH
                0x0000000002020d0c       0x30 c:/devkitpro/devkitarm/bin/../lib/gcc/arm-none-eabi/9.1.0/../../../../arm-none-eabi/lib/thumb\libg.a(lib_a-mktime.o)
 .rodata.__month_lengths
                0x0000000002020d3c       0x60 c:/devkitpro/devkitarm/bin/../lib/gcc/arm-none-eabi/9.1.0/../../../../arm-none-eabi/lib/thumb\libg.a(lib_a-month_lengths.o)
                0x0000000002020d3c                __month_lengths
 .rodata.basefix.6959
                0x0000000002020d9c       0x22 c:/devkitpro/devkitarm/bin/../lib/gcc/arm-none-eabi/9.1.0/../../../../arm-none-eabi/lib/thumb\libg.a(lib_a-svfiscanf.o)
 .rodata._svfprintf_r.str1.1
                0x0000000002020dbe       0x3b c:/devkitpro/devkitarm/bin/../lib/gcc/arm-none-eabi/9.1.0/../../../../arm-none-eabi/lib/thumb\libg.a(lib_a-svfprintf.o)
 *fill*         0x0000000002020df9        0x3 ff
 .rodata.blanks.7413
                0x0000000002020dfc       0x10 c:/devkitpro/devkitarm/bin/../lib/gcc/arm-none-eabi/9.1.0/../../../../arm-none-eabi/lib/thumb\libg.a(lib_a-svfprintf.o)
 .rodata.zeroes.7414
                0x0000000002020e0c       0x10 c:/devkitpro/devkitarm/bin/../lib/gcc/arm-none-eabi/9.1.0/../../../../arm-none-eabi/lib/thumb\libg.a(lib_a-svfprintf.o)
 .rodata._tzset_unlocked_r.str1.4
                0x0000000002020e1c       0x53 c:/devkitpro/devkitarm/bin/../lib/gcc/arm-none-eabi/9.1.0/../../../../arm-none-eabi/lib/thumb\libg.a(lib_a-tzset_r.o)
 .rodata.str1.4
                0x0000000002020e6f        0x4 c:/devkitpro/devkitarm/bin/../lib/gcc/arm-none-eabi/9.1.0/../../../../arm-none-eabi/lib/thumb\libg.a(lib_a-tzvars.o)
 .rodata._vfiprintf_r.str1.1
                0x0000000002020e6f       0x29 c:/devkitpro/devkitarm/bin/../lib/gcc/arm-none-eabi/9.1.0/../../../../arm-none-eabi/lib/thumb\libg.a(lib_a-vfiprintf.o)
 *fill*         0x0000000002020e6f        0x1 ff
 .rodata.blanks.7396
                0x0000000002020e70       0x10 c:/devkitpro/devkitarm/bin/../lib/gcc/arm-none-eabi/9.1.0/../../../../arm-none-eabi/lib/thumb\libg.a(lib_a-vfiprintf.o)
 .rodata.zeroes.7397
                0x0000000002020e80       0x10 c:/devkitpro/devkitarm/bin/../lib/gcc/arm-none-eabi/9.1.0/../../../../arm-none-eabi/lib/thumb\libg.a(lib_a-vfiprintf.o)
 .rodata._dtoa_r.str1.4
                0x0000000002020e90       0x12 c:/devkitpro/devkitarm/bin/../lib/gcc/arm-none-eabi/9.1.0/../../../../arm-none-eabi/lib/thumb\libg.a(lib_a-dtoa.o)
 *fill*         0x0000000002020ea2        0x6 ff
 .rodata.__mprec_bigtens
                0x0000000002020ea8       0x28 c:/devkitpro/devkitarm/bin/../lib/gcc/arm-none-eabi/9.1.0/../../../../arm-none-eabi/lib/thumb\libg.a(lib_a-mprec.o)
                0x0000000002020ea8                __mprec_bigtens
 .rodata.__mprec_tens
                0x0000000002020ed0       0xc8 c:/devkitpro/devkitarm/bin/../lib/gcc/arm-none-eabi/9.1.0/../../../../arm-none-eabi/lib/thumb\libg.a(lib_a-mprec.o)
                0x0000000002020ed0                __mprec_tens
 .rodata.p05.6147
                0x0000000002020f98        0xc c:/devkitpro/devkitarm/bin/../lib/gcc/arm-none-eabi/9.1.0/../../../../arm-none-eabi/lib/thumb\libg.a(lib_a-mprec.o)
 .rodata.__action_table
                0x0000000002020fa4       0x6c c:/devkitpro/devkitarm/bin/../lib/gcc/arm-none-eabi/9.1.0/../../../../arm-none-eabi/lib/thumb\libg.a(lib_a-svfiprintf.o)
                0x0000000002020fa4                __action_table
 .rodata.__chclass
                0x0000000002021010      0x100 c:/devkitpro/devkitarm/bin/../lib/gcc/arm-none-eabi/9.1.0/../../../../arm-none-eabi/lib/thumb\libg.a(lib_a-svfiprintf.o)
                0x0000000002021010                __chclass
 .rodata.__state_table
                0x0000000002021110       0x6c c:/devkitpro/devkitarm/bin/../lib/gcc/arm-none-eabi/9.1.0/../../../../arm-none-eabi/lib/thumb\libg.a(lib_a-svfiprintf.o)
                0x0000000002021110                __state_table
 .rodata.__jp2uc
                0x000000000202117c       0x20 c:/devkitpro/devkitarm/bin/../lib/gcc/arm-none-eabi/9.1.0/../../../../arm-none-eabi/lib/thumb\libg.a(lib_a-jp2uc.o)
 .rodata._jp2uc_l.str1.4
                0x000000000202119c       0x12 c:/devkitpro/devkitarm/bin/../lib/gcc/arm-none-eabi/9.1.0/../../../../arm-none-eabi/lib/thumb\libg.a(lib_a-jp2uc.o)
 *fill*         0x00000000020211ae        0x2 ff
 .rodata.a1     0x00000000020211b0       0xbc c:/devkitpro/devkitarm/bin/../lib/gcc/arm-none-eabi/9.1.0/../../../../arm-none-eabi/lib/thumb\libg.a(lib_a-jp2uc.o)
 .rodata.a2     0x000000000202126c       0xbc c:/devkitpro/devkitarm/bin/../lib/gcc/arm-none-eabi/9.1.0/../../../../arm-none-eabi/lib/thumb\libg.a(lib_a-jp2uc.o)
 .rodata.a3     0x0000000002021328       0x5b c:/devkitpro/devkitarm/bin/../lib/gcc/arm-none-eabi/9.1.0/../../../../arm-none-eabi/lib/thumb\libg.a(lib_a-jp2uc.o)
 *fill*         0x0000000002021383        0x1 ff
 .rodata.a6     0x0000000002021384       0x70 c:/devkitpro/devkitarm/bin/../lib/gcc/arm-none-eabi/9.1.0/../../../../arm-none-eabi/lib/thumb\libg.a(lib_a-jp2uc.o)
 .rodata.a7     0x00000000020213f4       0xa2 c:/devkitpro/devkitarm/bin/../lib/gcc/arm-none-eabi/9.1.0/../../../../arm-none-eabi/lib/thumb\libg.a(lib_a-jp2uc.o)
 *fill*         0x0000000002021496        0x2 ff
 .rodata.a8     0x0000000002021498       0x40 c:/devkitpro/devkitarm/bin/../lib/gcc/arm-none-eabi/9.1.0/../../../../arm-none-eabi/lib/thumb\libg.a(lib_a-jp2uc.o)
 .rodata.b02cf  0x00000000020214d8     0x172a c:/devkitpro/devkitarm/bin/../lib/gcc/arm-none-eabi/9.1.0/../../../../arm-none-eabi/lib/thumb\libg.a(lib_a-jp2uc.o)
 *fill*         0x0000000002022c02        0x2 ff
 .rodata.d02f4  0x0000000002022c04     0x1a7c c:/devkitpro/devkitarm/bin/../lib/gcc/arm-none-eabi/9.1.0/../../../../arm-none-eabi/lib/thumb\libg.a(lib_a-jp2uc.o)
 .rodata.categories
                0x0000000002024680     0x309c c:/devkitpro/devkitarm/bin/../lib/gcc/arm-none-eabi/9.1.0/../../../../arm-none-eabi/lib/thumb\libg.a(lib_a-categories.o)
 .rodata.AddDevice.str1.4