Archive member included to satisfy reference by file (symbol)

C:/devkitPro/Projects/Kaboom!DS/nflib/lib\libnflib.a(nf_2d.o)
                              setup.o (NF_Set2D)
C:/devkitPro/Projects/Kaboom!DS/nflib/lib\libnflib.a(nf_basic.o)
                              C:/devkitPro/Projects/Kaboom!DS/nflib/lib\libnflib.a(nf_2d.o) (NF_Error)
C:/devkitPro/Projects/Kaboom!DS/nflib/lib\libnflib.a(nf_sound.o)
                              setup.o (NF_InitRawSoundBuffers)
C:/devkitPro/Projects/Kaboom!DS/nflib/lib\libnflib.a(nf_sprite256.o)
                              setup.o (NF_InitSpriteBuffers)
C:/devkitPro/Projects/Kaboom!DS/nflib/lib\libnflib.a(nf_text.o)
                              setup.o (NF_InitTextSys)
C:/devkitPro/Projects/Kaboom!DS/nflib/lib\libnflib.a(nf_text16.o)
                              setup.o (NF_LoadTextFont16)
C:/devkitPro/Projects/Kaboom!DS/nflib/lib\libnflib.a(nf_tiledbg.o)
                              setup.o (NF_InitTiledBgBuffers)
C:/devkitPro/libnds/lib\libfilesystem.a(nitrofs.o)
                              C:/devkitPro/Projects/Kaboom!DS/nflib/lib\libnflib.a(nf_basic.o) (nitroFSInit)
C:/devkitPro/libnds/lib\libfat.a(libfat.o)
                              C:/devkitPro/Projects/Kaboom!DS/nflib/lib\libnflib.a(nf_basic.o) (fatInitDefault)
C:/devkitPro/libnds/lib\libfat.a(disc.o)
                              C:/devkitPro/libnds/lib\libfat.a(libfat.o) (_FAT_disc_interfaces)
C:/devkitPro/libnds/lib\libfat.a(fatfile.o)
                              C:/devkitPro/libnds/lib\libfat.a(libfat.o) (_FAT_open_r)
C:/devkitPro/libnds/lib\libfat.a(cache.o)
                              C:/devkitPro/libnds/lib\libfat.a(fatfile.o) (_FAT_cache_readSectors)
C:/devkitPro/libnds/lib\libfat.a(fatdir.o)
                              C:/devkitPro/libnds/lib\libfat.a(libfat.o) (_FAT_stat_r)
C:/devkitPro/libnds/lib\libfat.a(directory.o)
                              C:/devkitPro/libnds/lib\libfat.a(fatfile.o) (_FAT_directory_entryGetCluster)
C:/devkitPro/libnds/lib\libfat.a(partition.o)
                              C:/devkitPro/libnds/lib\libfat.a(libfat.o) (_FAT_partition_constructor)
C:/devkitPro/libnds/lib\libfat.a(lock.o)
                              C:/devkitPro/libnds/lib\libfat.a(partition.o) (_FAT_lock_init)
C:/devkitPro/libnds/lib\libfat.a(filetime.o)
                              C:/devkitPro/libnds/lib\libfat.a(fatfile.o) (_FAT_filetime_getTimeFromRTC)
C:/devkitPro/libnds/lib\libfat.a(file_allocation_table.o)
                              C:/devkitPro/libnds/lib\libfat.a(fatfile.o) (_FAT_fat_nextCluster)
C:/devkitPro/libnds/lib\libnds9.a(video.o)
                              C:/devkitPro/Projects/Kaboom!DS/nflib/lib\libnflib.a(nf_basic.o) (setBrightness)
C:/devkitPro/libnds/lib\libnds9.a(console.o)
                              C:/devkitPro/Projects/Kaboom!DS/nflib/lib\libnflib.a(nf_basic.o) (consoleDemoInit)
C:/devkitPro/libnds/lib\libnds9.a(sprite.o)
                              C:/devkitPro/Projects/Kaboom!DS/nflib/lib\libnflib.a(nf_sprite256.o) (oamInit)
C:/devkitPro/libnds/lib\libnds9.a(sound.o)
                              setup.o (soundEnable)
C:/devkitPro/libnds/lib\libnds9.a(paddle.o)
                              input.o (paddleIsInserted)
C:/devkitPro/libnds/lib\libnds9.a(keys.o)
                              main.o (scanKeys)
C:/devkitPro/libnds/lib\libnds9.a(dldi.o)
                              C:/devkitPro/libnds/lib\libfat.a(disc.o) (dldiGetInternal)
C:/devkitPro/libnds/lib\libnds9.a(initSystem.o)
                              c:/devkitpro/devkitarm/bin/../lib/gcc/arm-none-eabi/9.1.0/../../../../arm-none-eabi/lib/thumb/ds_arm9_crt0.o (initSystem)
C:/devkitPro/libnds/lib\libnds9.a(timeSupport.o)
                              C:/devkitPro/libnds/lib\libnds9.a(initSystem.o) (__libnds_gtod)
C:/devkitPro/libnds/lib\libnds9.a(securearea.o)
                              c:/devkitpro/devkitarm/bin/../lib/gcc/arm-none-eabi/9.1.0/../../../../arm-none-eabi/lib/thumb/ds_arm9_crt0.o (__secure_area__)
C:/devkitPro/libnds/lib\libnds9.a(interrupts.o)
                              C:/devkitPro/libnds/lib\libnds9.a(initSystem.o) (irqInit)
C:/devkitPro/libnds/lib\libnds9.a(libnds_exit.arm.o)
                              c:/devkitpro/devkitarm/bin/../lib/gcc/arm-none-eabi/9.1.0/../../../../arm-none-eabi/lib/thumb/ds_arm9_crt0.o (__libnds_exit)
C:/devkitPro/libnds/lib\libnds9.a(card.o)
                              C:/devkitPro/libnds/lib\libfilesystem.a(nitrofs.o) (cardParamCommand)
C:/devkitPro/libnds/lib\libnds9.a(fifosystem.o)
                              C:/devkitPro/libnds/lib\libnds9.a(initSystem.o) (fifoSetValue32Handler)
C:/devkitPro/libnds/lib\libnds9.a(dcache.o)
                              C:/devkitPro/Projects/Kaboom!DS/nflib/lib\libnflib.a(nf_basic.o) (DC_FlushRange)
C:/devkitPro/libnds/lib\libnds9.a(dldi_stub.o)
                              C:/devkitPro/libnds/lib\libnds9.a(dldi.o) (_io_dldi_stub)
C:/devkitPro/libnds/lib\libnds9.a(mpu_setup.o)
[...]
Memory Configuration

Name             Origin             Length             Attributes
ewram            0x0000000002000000 0x0000000000380000
dtcm             0x000000000b000000 0x0000000000004000
vectors          0x0000000001000000 0x0000000000000100
itcm             0x0000000001000100 0x0000000000007f00
*default*        0x0000000000000000 0xffffffffffffffff

Linker script and memory map

                0x0000000002380000                __ewram_end = (ORIGIN (ewram) + LENGTH (ewram))
                0x0000000002380000                __eheap_end = (ORIGIN (ewram) + LENGTH (ewram))
                0x000000000b004000                __dtcm_top = (ORIGIN (dtcm) + LENGTH (dtcm))
                0x000000000b003ff8                __irq_flags = (__dtcm_top - 0x8)
                0x000000000b003ffc                __irq_vector = (__dtcm_top - 0x4)
                0x000000000b003f00                __sp_svc = (__dtcm_top - 0x100)
                0x000000000b003e00                __sp_irq = (__sp_svc - 0x100)
                0x000000000b003d00                __sp_usr = (__sp_irq - 0x100)

.secure         0x0000000002000000      0x800
 *(.secure)
 .secure        0x0000000002000000      0x800 C:/devkitPro/libnds/lib\libnds9.a(securearea.o)
                0x0000000002000000                __secure_area__

.crt0           0x0000000002000800      0x300
                0x0000000002000800                __text_start = .
 *(.crt0)
 .crt0          0x0000000002000800      0x300 c:/devkitpro/devkitarm/bin/../lib/gcc/arm-none-eabi/9.1.0/../../../../arm-none-eabi/lib/thumb/ds_arm9_crt0.o
                0x0000000002000800                _start
                0x0000000002000b00                . = ALIGN (0x4)

.plt
 *(.plt)

.init           0x0000000002000b00        0xc
 *(SORT_NONE(.init))
 .init          0x0000000002000b00        0x4 c:/devkitpro/devkitarm/bin/../lib/gcc/arm-none-eabi/9.1.0/thumb/crti.o
                0x0000000002000b00                _init
 .init          0x0000000002000b04        0x8 c:/devkitpro/devkitarm/bin/../lib/gcc/arm-none-eabi/9.1.0/thumb/crtn.o

.text           0x0000000002000b40    0x1f6f8
 *(EXCLUDE_FILE(*.twl* *.vectors* *.itcm*) .text)
 .text          0x0000000002000b40      0x20c game.o
                0x0000000002000b40                collision(Bomb&)
 .text          0x0000000002000d4c       0x5c input.o
                0x0000000002000d4c                Paddle::isInserted()
                0x0000000002000d58                Paddle::getPaddleDis()
                0x0000000002000d9c                Paddle::setZero()
 .text          0x0000000002000da8      0x3bc setup.o
                0x0000000002000da8                loadGraphics()
                0x0000000002000edc                displayBackgrounds()
                0x0000000002000f0c                spawnBuckets()
                0x0000000002000f70                setup()
 .text          0x0000000002001164      0x324 sprites.o
                0x0000000002001164                Sprite::setScreen(int)
                0x0000000002001168                Sprite::setID(int)
                0x000000000200116c                Sprite::setX(int)
                0x0000000002001170                Sprite::setY(int)
                0x0000000002001174                Sprite::setFrame(int)
                0x0000000002001188                Sprite::setGfx(int)
                0x000000000200118c                Sprite::setPal(int)
                0x0000000002001190                Sprite::setLayer(int)
                0x00000000020011a4                Sprite::getScreen()
                0x00000000020011a8                Sprite::getID()
                0x00000000020011ac                Sprite::getX()
                0x00000000020011b0                Sprite::getY()
                0x00000000020011b4                Sprite::getFrame()
                0x00000000020011b8                Sprite::isSpawned()
                0x00000000020011c0                Sprite::create()
                0x00000000020011e8                Sprite::updatePos()
                0x00000000020011fc                Sprite::show(bool)
                0x000000000200120c                Sprite::setPos(int, int)
                0x0000000002001224                Sprite::move(int, int)
                0x0000000002001248                Sprite::del()
                0x0000000002001264                Sprite::hide()
                0x0000000002001274                Sprite::show()
                0x0000000002001284                MadBomber::velRev()
                0x000000000200128c                MadBomber::velRight()
                0x0000000002001298                MadBomber::velLeft()
                0x00000000020012a4                MadBomber::setVel(int)
                0x00000000020012a8                MadBomber::getVel()
                0x00000000020012ac                MadBomber::bounce(int)
                0x0000000002001310                Bucket::screenBind()
                0x0000000002001340                Bucket::trackBucket(Bucket)
                0x0000000002001350                Bucket::bucketScroll(int)
                0x0000000002001398                Bomb::spawn(int)
                0x00000000020013e0                Bomb::bombScroll(int)
                0x00000000020013fc                Bomb::jumpScreen()
                0x0000000002001420                Bomb::setFinal()
                0x0000000002001428                Bomb::clearFinal()
                0x0000000002001430                Bomb::isFinal()
                0x0000000002001438                Bomb::cycleColor()
 .text          0x0000000002001488      0x874 C:/devkitPro/Projects/Kaboom!DS/nflib/lib\libnflib.a(nf_2d.o)
                0x0000000002001488                NF_Set2D
                0x00000000020014f0                NF_ShowBg
                0x000000000200156c                NF_HideBg
                0x0000000002001610                NF_ScrollBg
                0x0000000002001960                NF_MoveSprite
                0x0000000002001980                NF_SpriteLayer
                0x000000000200199c                NF_ShowSprite
                0x00000000020019bc                NF_HflipSprite
                0x00000000020019d8                NF_GetSpriteHflip
                0x00000000020019f4                NF_VflipSprite
                0x0000000002001a10                NF_GetSpriteVflip
                0x0000000002001a2c                NF_SpriteFrame
                0x0000000002001afc                NF_EnableSpriteRotScale
                0x0000000002001b90                NF_DisableSpriteRotScale
                0x0000000002001c04                NF_SpriteRotScale
 .text          0x0000000002001cfc      0x4a0 C:/devkitPro/Projects/Kaboom!DS/nflib/lib\libnflib.a(nf_basic.o)
                0x0000000002001cfc                NF_Error
                0x0000000002001fa8                NF_SetRootFolder
                0x0000000002002100                NF_DmaMemCopy
                0x000000000200218c                NF_GetLanguage
 .text          0x000000000200219c      0x294 C:/devkitPro/Projects/Kaboom!DS/nflib/lib\libnflib.a(nf_sound.o)
                0x000000000200219c                NF_InitRawSoundBuffers
                0x00000000020021c8                NF_ResetRawSoundBuffers
                0x0000000002002200                NF_LoadRawSound
                0x0000000002002340                NF_UnloadRawSound
                0x00000000020023b0                NF_PlayRawSound
 .text          0x0000000002002430     0x13b4 C:/devkitPro/Projects/Kaboom!DS/nflib/lib\libnflib.a(nf_sprite256.o)
                0x0000000002002430                NF_InitSpriteBuffers
                0x000000000200247c                NF_ResetSpriteBuffers
                0x00000000020024b0                NF_InitSpriteSys
                0x00000000020026c0                NF_LoadSpriteGfx
                0x00000000020027d0                NF_UnloadSpriteGfx
                0x0000000002002840                NF_LoadSpritePal
                0x000000000200293c                NF_UnloadSpritePal
                0x000000000200298c                NF_VramSpriteGfx
                0x0000000002002ce4                NF_VramSpriteGfxDefrag
                0x0000000002002ee8                NF_FreeSpriteGfx
                0x0000000002002fe8                NF_VramSpritePal
                0x00000000020030bc                NF_CreateSprite
                0x000000000200345c                NF_DeleteSprite
                0x00000000020034fc                NF_SpriteOamSet
                0x00000000020035d4                NF_SpriteSetPalColor
                0x000000000200366c                NF_SpriteEditPalColor
                0x00000000020036e8                NF_SpriteUpdatePalette
                0x0000000002003778                NF_SpriteGetPalColor
 .text          0x00000000020037e4      0x844 C:/devkitPro/Projects/Kaboom!DS/nflib/lib\libnflib.a(nf_text.o)
                0x00000000020037e4                NF_InitTextSys
                0x0000000002003818                NF_LoadTextFont
                0x0000000002003a6c                NF_UnloadTextFont
                0x0000000002003a74                NF_CreateTextLayer
                0x0000000002003b08                NF_DeleteTextLayer
                0x0000000002003b60                NF_WriteText
                0x0000000002003eb8                NF_UpdateTextLayers
                0x0000000002003f00                NF_ClearTextLayer
                0x0000000002003f68                NF_DefineTextColor
                0x000000000200400c                NF_SetTextColor
 .text          0x0000000002004028      0x804 C:/devkitPro/Projects/Kaboom!DS/nflib/lib\libnflib.a(nf_text16.o)
                0x0000000002004028                NF_LoadTextFont16
                0x0000000002004298                NF_CreateTextLayer16
                0x0000000002004394                NF_WriteText16
                0x0000000002004790                NF_ClearTextLayer16
 .text          0x000000000200482c     0x19fc C:/devkitPro/Projects/Kaboom!DS/nflib/lib\libnflib.a(nf_tiledbg.o)
                0x000000000200482c                NF_InitTiledBgBuffers
                0x00000000020048c8                NF_ResetTiledBgBuffers
                0x000000000200492c                NF_InitTiledBgSys
                0x0000000002004a5c                NF_LoadTiledBg
                0x0000000002004cdc                NF_LoadTilesForBg
                0x0000000002004f58                NF_UnloadTiledBg
                0x0000000002005010                NF_DeleteTiledBg
                0x00000000020051b8                NF_CreateTiledBg
                0x00000000020057e0                NF_GetTileMapAddress
                0x000000000200589c                NF_GetTileOfMap
                0x00000000020058d4                NF_SetTileOfMap
                0x0000000002005918                NF_UpdateVramMap
                0x0000000002005a38                NF_BgSetPalColor
                0x0000000002005ae8                NF_BgEditPalColor
                0x0000000002005b8c                NF_BgUpdatePalette
                0x0000000002005c4c                NF_BgGetPalColor
                0x0000000002005ce4                NF_GetTilePal
                0x0000000002005d18                NF_SetTilePal
                0x0000000002005d60                NF_LoadExBgPal
                0x0000000002005e4c                NF_UnloadExBgPal
                0x0000000002005e9c                NF_VramExBgPal
                0x0000000002005f50                NF_SetExBgPal
                0x0000000002006010                NF_SetTileHflip
                0x000000000200604c                NF_SetTileVflip
                0x0000000002006088                NF_RotateTileGfx
 *fill*         0x0000000002006228       0x18 ff
 .text          0x0000000002006240     0x4000 C:/devkitPro/libnds/lib\libnds9.a(dldi_stub.o)
                0x0000000002006240                _io_dldi_stub
 .text          0x000000000200a240      0x11c c:/devkitpro/devkitarm/bin/../lib/gcc/arm-none-eabi/9.1.0/thumb\libgcc.a(_udivsi3.o)
                0x000000000200a240                __aeabi_uidiv
                0x000000000200a240                __udivsi3
                0x000000000200a33c                __aeabi_uidivmod
 .text          0x000000000200a35c      0x150 c:/devkitpro/devkitarm/bin/../lib/gcc/arm-none-eabi/9.1.0/thumb\libgcc.a(_divsi3.o)
                0x000000000200a35c                __divsi3
                0x000000000200a35c                __aeabi_idiv
                0x000000000200a48c                __aeabi_idivmod
 .text          0x000000000200a4ac        0x4 c:/devkitpro/devkitarm/bin/../lib/gcc/arm-none-eabi/9.1.0/thumb\libgcc.a(_dvmd_tls.o)
                0x000000000200a4ac                __aeabi_idiv0
                0x000000000200a4ac                __aeabi_ldiv0
 .text          0x000000000200a4b0       0xd4 c:/devkitpro/devkitarm/bin/../lib/gcc/arm-none-eabi/9.1.0/thumb\libgcc.a(_aeabi_ldivmod.o)
                0x000000000200a4b0                __aeabi_ldivmod
 .text          0x000000000200a584       0x28 c:/devkitpro/devkitarm/bin/../lib/gcc/arm-none-eabi/9.1.0/thumb\libgcc.a(_clzdi2.o)
                0x000000000200a584                __clzdi2
 .text          0x000000000200a5ac       0x48 c:/devkitpro/devkitarm/bin/../lib/gcc/arm-none-eabi/9.1.0/thumb\libgcc.a(_clzsi2.o)
                0x000000000200a5ac                __clzsi2
 .text          0x000000000200a5f4      0x224 c:/devkitpro/devkitarm/bin/../lib/gcc/arm-none-eabi/9.1.0/../../../../arm-none-eabi/lib/thumb\libg.a(lib_a-strcmp.o)
                0x000000000200a5f4                strcmp
 .text          0x000000000200a818       0x14 c:/devkitpro/devkitarm/bin/../lib/gcc/arm-none-eabi/9.1.0/thumb\libgcc.a(_thumb1_case_uqi.o)
                0x000000000200a818                __gnu_thumb1_case_uqi
 .text          0x000000000200a82c       0x14 c:/devkitpro/devkitarm/bin/../lib/gcc/arm-none-eabi/9.1.0/thumb\libgcc.a(_thumb1_case_uhi.o)
                0x000000000200a82c                __gnu_thumb1_case_uhi
 .text          0x000000000200a840      0x424 c:/devkitpro/devkitarm/bin/../lib/gcc/arm-none-eabi/9.1.0/thumb\libgcc.a(_arm_addsubdf3.o)
                0x000000000200a840                __aeabi_drsub
                0x000000000200a848                __aeabi_dsub
                0x000000000200a848                __subdf3
                0x000000000200a84c                __aeabi_dadd
                0x000000000200a84c                __adddf3
                0x000000000200ab5c                __floatunsidf
                0x000000000200ab5c                __aeabi_ui2d
                0x000000000200ab80                __floatsidf
                0x000000000200ab80                __aeabi_i2d
                0x000000000200aba8                __aeabi_f2d
                0x000000000200aba8                __extendsfdf2
                0x000000000200abf0                __floatundidf
                0x000000000200abf0                __aeabi_ul2d
                0x000000000200ac04                __floatdidf
                0x000000000200ac04                __aeabi_l2d
 .text          0x000000000200ac64      0x49c c:/devkitpro/devkitarm/bin/../lib/gcc/arm-none-eabi/9.1.0/thumb\libgcc.a(_arm_muldivdf3.o)
                0x000000000200ac64                __aeabi_dmul
                0x000000000200ac64                __muldf3
                0x000000000200aef4                __divdf3
                0x000000000200aef4                __aeabi_ddiv
 .text          0x000000000200b100      0x144 c:/devkitpro/devkitarm/bin/../lib/gcc/arm-none-eabi/9.1.0/thumb\libgcc.a(_arm_cmpdf2.o)
                0x000000000200b100                __gtdf2
                0x000000000200b100                __gedf2
                0x000000000200b108                __ltdf2
                0x000000000200b108                __ledf2
                0x000000000200b110                __nedf2
                0x000000000200b110                __eqdf2
                0x000000000200b110                __cmpdf2
                0x000000000200b198                __aeabi_cdrcmple
                0x000000000200b1b4                __aeabi_cdcmpeq
                0x000000000200b1b4                __aeabi_cdcmple
                0x000000000200b1cc                __aeabi_dcmpeq
                0x000000000200b1e4                __aeabi_dcmplt
                0x000000000200b1fc                __aeabi_dcmple
                0x000000000200b214                __aeabi_dcmpge
                0x000000000200b22c                __aeabi_dcmpgt
 .text          0x000000000200b244       0x38 c:/devkitpro/devkitarm/bin/../lib/gcc/arm-none-eabi/9.1.0/thumb\libgcc.a(_arm_unorddf2.o)
                0x000000000200b244                __unorddf2
                0x000000000200b244                __aeabi_dcmpun
 .text          0x000000000200b27c       0x5c c:/devkitpro/devkitarm/bin/../lib/gcc/arm-none-eabi/9.1.0/thumb\libgcc.a(_arm_fixdfsi.o)
                0x000000000200b27c                __aeabi_d2iz
                0x000000000200b27c                __fixdfsi
 .text          0x000000000200b2d8       0x3c c:/devkitpro/devkitarm/bin/../lib/gcc/arm-none-eabi/9.1.0/thumb\libgcc.a(_aeabi_uldivmod.o)
                0x000000000200b2d8                __aeabi_uldivmod
 *(EXCLUDE_FILE(*.twl* *.vectors* *.itcm*) .stub)
 *(EXCLUDE_FILE(*.twl* *.vectors* *.itcm*) .text.*)
 .text.deregister_tm_clones
                0x000000000200b314       0x2c c:/devkitpro/devkitarm/bin/../lib/gcc/arm-none-eabi/9.1.0/thumb/crtbegin.o
 .text.register_tm_clones
                0x000000000200b340       0x34 c:/devkitpro/devkitarm/bin/../lib/gcc/arm-none-eabi/9.1.0/thumb/crtbegin.o
 .text.__do_global_dtors_aux
                0x000000000200b374       0x30 c:/devkitpro/devkitarm/bin/../lib/gcc/arm-none-eabi/9.1.0/thumb/crtbegin.o
 .text.frame_dummy
                0x000000000200b3a4       0x28 c:/devkitpro/devkitarm/bin/../lib/gcc/arm-none-eabi/9.1.0/thumb/crtbegin.o
 .text.startup  0x000000000200b3cc      0x514 main.o
                0x000000000200b3cc                main
 .text.startup  0x000000000200b8e0       0x34 sprites.o
 .text.nitroFSDirClose
                0x000000000200b914        0x4 C:/devkitPro/libnds/lib\libfilesystem.a(nitrofs.o)
 .text.nitroFSSeek
                0x000000000200b918       0x74 C:/devkitPro/libnds/lib\libfilesystem.a(nitrofs.o)
 .text.nitroFSFstat
                0x000000000200b98c       0x10 C:/devkitPro/libnds/lib\libfilesystem.a(nitrofs.o)
 .text.nitroSubReadBlock
                0x000000000200b99c       0x54 C:/devkitPro/libnds/lib\libfilesystem.a(nitrofs.o)
 .text.nitroSubReadCard
                0x000000000200b9f0       0xa8 C:/devkitPro/libnds/lib\libfilesystem.a(nitrofs.o)
 .text.nitroFSClose
                0x000000000200ba98        0x4 C:/devkitPro/libnds/lib\libfilesystem.a(nitrofs.o)
 .text.nitroDirReset
                0x000000000200ba9c       0x9c C:/devkitPro/libnds/lib\libfilesystem.a(nitrofs.o)
 .text.nitroFSRead
                0x000000000200bb38       0xb8 C:/devkitPro/libnds/lib\libfilesystem.a(nitrofs.o)
 .text.nitroFSDirNext
                0x000000000200bbf0      0x2f4 C:/devkitPro/libnds/lib\libfilesystem.a(nitrofs.o)
 .text.nitroFSDirOpen
                0x000000000200bee4       0xe0 C:/devkitPro/libnds/lib\libfilesystem.a(nitrofs.o)
 .text.nitroFSChdir
                0x000000000200bfc4       0x30 C:/devkitPro/libnds/lib\libfilesystem.a(nitrofs.o)
 .text.nitroFSOpen
                0x000000000200bff4       0xc4 C:/devkitPro/libnds/lib\libfilesystem.a(nitrofs.o)
 .text.nitroFSstat
                0x000000000200c0b8       0x68 C:/devkitPro/libnds/lib\libfilesystem.a(nitrofs.o)
 .text.nitroFSInit
                0x000000000200c120      0x124 C:/devkitPro/libnds/lib\libfilesystem.a(nitrofs.o)
                0x000000000200c120                nitroFSInit
 .text.fatMount
                0x000000000200c244       0xc4 C:/devkitPro/libnds/lib\libfat.a(libfat.o)
                0x000000000200c244                fatMount
 .text.fatInit  0x000000000200c308      0x140 C:/devkitPro/libnds/lib\libfat.a(libfat.o)
                0x000000000200c308                fatInit
 .text.fatInitDefault
                0x000000000200c448        0xc C:/devkitPro/libnds/lib\libfat.a(libfat.o)
                0x000000000200c448                fatInitDefault
 .text._FAT_check_position_for_next_cluster.isra.4.part.5
                0x000000000200c454       0x70 C:/devkitPro/libnds/lib\libfat.a(fatfile.o)
 .text._FAT_syncToDisc.part.6
                0x000000000200c4c4       0xb8 C:/devkitPro/libnds/lib\libfat.a(fatfile.o)
 .text._FAT_file_extend_r
                0x000000000200c57c      0x20c C:/devkitPro/libnds/lib\libfat.a(fatfile.o)
 .text._FAT_open_r
                0x000000000200c788      0x2d8 C:/devkitPro/libnds/lib\libfat.a(fatfile.o)
                0x000000000200c788                _FAT_open_r
 .text._FAT_close_r
                0x000000000200ca60       0x78 C:/devkitPro/libnds/lib\libfat.a(fatfile.o)
                0x000000000200ca60                _FAT_close_r
 .text._FAT_read_r
                0x000000000200cad8      0x388 C:/devkitPro/libnds/lib\libfat.a(fatfile.o)
                0x000000000200cad8                _FAT_read_r
 .text._FAT_write_r
                0x000000000200ce60      0x524 C:/devkitPro/libnds/lib\libfat.a(fatfile.o)
                0x000000000200ce60                _FAT_write_r
 .text._FAT_seek_r
                0x000000000200d384      0x1a0 C:/devkitPro/libnds/lib\libfat.a(fatfile.o)
                0x000000000200d384                _FAT_seek_r
 .text._FAT_fstat_r
                0x000000000200d524       0x8c C:/devkitPro/libnds/lib\libfat.a(fatfile.o)
                0x000000000200d524                _FAT_fstat_r
 .text._FAT_ftruncate_r
                0x000000000200d5b0      0x16c C:/devkitPro/libnds/lib\libfat.a(fatfile.o)
                0x000000000200d5b0                _FAT_ftruncate_r
 .text._FAT_fsync_r
                0x000000000200d71c       0x44 C:/devkitPro/libnds/lib\libfat.a(fatfile.o)
                0x000000000200d71c                _FAT_fsync_r
 .text._FAT_cache_getPage
                0x000000000200d760       0xfc C:/devkitPro/libnds/lib\libfat.a(cache.o)
 .text._FAT_cache_writePartialSector.part.3
                0x000000000200d85c       0x44 C:/devkitPro/libnds/lib\libfat.a(cache.o)
 .text._FAT_cache_constructor
                0x000000000200d8a0       0x90 C:/devkitPro/libnds/lib\libfat.a(cache.o)
                0x000000000200d8a0                _FAT_cache_constructor
 .text._FAT_cache_readSectors
                0x000000000200d930       0x64 C:/devkitPro/libnds/lib\libfat.a(cache.o)
                0x000000000200d930                _FAT_cache_readSectors
 .text._FAT_cache_readPartialSector
                0x000000000200d994       0x40 C:/devkitPro/libnds/lib\libfat.a(cache.o)
                0x000000000200d994                _FAT_cache_readPartialSector
 .text._FAT_cache_readLittleEndianValue
                0x000000000200d9d4       0x70 C:/devkitPro/libnds/lib\libfat.a(cache.o)
                0x000000000200d9d4                _FAT_cache_readLittleEndianValue
 .text._FAT_cache_writePartialSector
                0x000000000200da44       0x20 C:/devkitPro/libnds/lib\libfat.a(cache.o)
                0x000000000200da44                _FAT_cache_writePartialSector
 .text._FAT_cache_writeLittleEndianValue
                0x000000000200da64       0x40 C:/devkitPro/libnds/lib\libfat.a(cache.o)
                0x000000000200da64                _FAT_cache_writeLittleEndianValue
 .text._FAT_cache_eraseWritePartialSector
                0x000000000200daa4       0x68 C:/devkitPro/libnds/lib\libfat.a(cache.o)
                0x000000000200daa4                _FAT_cache_eraseWritePartialSector
 .text._FAT_cache_writeSectors
                0x000000000200db0c       0x74 C:/devkitPro/libnds/lib\libfat.a(cache.o)
                0x000000000200db0c                _FAT_cache_writeSectors
 .text._FAT_cache_flush
                0x000000000200db80       0x40 C:/devkitPro/libnds/lib\libfat.a(cache.o)
                0x000000000200db80                _FAT_cache_flush
 .text._FAT_stat_r
                0x000000000200dbc0       0x90 C:/devkitPro/libnds/lib\libfat.a(fatdir.o)
                0x000000000200dbc0                _FAT_stat_r
 .text._FAT_link_r
                0x000000000200dc50        0xc C:/devkitPro/libnds/lib\libfat.a(fatdir.o)
                0x000000000200dc50                _FAT_link_r
 .text._FAT_unlink_r
                0x000000000200dc5c      0x19c C:/devkitPro/libnds/lib\libfat.a(fatdir.o)
                0x000000000200dc5c                _FAT_unlink_r
 .text._FAT_chdir_r
                0x000000000200ddf8       0x70 C:/devkitPro/libnds/lib\libfat.a(fatdir.o)
                0x000000000200ddf8                _FAT_chdir_r
 .text._FAT_rename_r
                0x000000000200de68      0x1c4 C:/devkitPro/libnds/lib\libfat.a(fatdir.o)
                0x000000000200de68                _FAT_rename_r
 .text._FAT_mkdir_r
                0x000000000200e02c      0x22c C:/devkitPro/libnds/lib\libfat.a(fatdir.o)
                0x000000000200e02c                _FAT_mkdir_r
 .text._FAT_statvfs_r
                0x000000000200e258       0x78 C:/devkitPro/libnds/lib\libfat.a(fatdir.o)
                0x000000000200e258                _FAT_statvfs_r
 .text._FAT_diropen_r
                0x000000000200e2d0       0xb0 C:/devkitPro/libnds/lib\libfat.a(fatdir.o)
                0x000000000200e2d0                _FAT_diropen_r
 .text._FAT_dirreset_r
                0x000000000200e380       0x4c C:/devkitPro/libnds/lib\libfat.a(fatdir.o)
                0x000000000200e380                _FAT_dirreset_r
 .text._FAT_dirnext_r
                0x000000000200e3cc       0x7c C:/devkitPro/libnds/lib\libfat.a(fatdir.o)
                0x000000000200e3cc                _FAT_dirnext_r
 .text._FAT_dirclose_r
                0x000000000200e448       0x20 C:/devkitPro/libnds/lib\libfat.a(fatdir.o)
                0x000000000200e448                _FAT_dirclose_r
 .text._FAT_directory_entryGetAlias
                0x000000000200e468       0xc8 C:/devkitPro/libnds/lib\libfat.a(directory.o)
 .text._FAT_directory_incrementDirEntryPosition
                0x000000000200e530       0x80 C:/devkitPro/libnds/lib\libfat.a(directory.o)
 .text._FAT_directory_mbsncasecmp
                0x000000000200e5b0       0xa8 C:/devkitPro/libnds/lib\libfat.a(directory.o)
 .text._FAT_directory_entryGetCluster.part.5
                0x000000000200e658       0x18 C:/devkitPro/libnds/lib\libfat.a(directory.o)
 .text._FAT_directory_ucs2tombs.constprop.6
                0x000000000200e670       0x98 C:/devkitPro/libnds/lib\libfat.a(directory.o)
 .text._FAT_directory_entryGetCluster
                0x000000000200e708       0x1c C:/devkitPro/libnds/lib\libfat.a(directory.o)
                0x000000000200e708                _FAT_directory_entryGetCluster
 .text._FAT_directory_getNextEntry
                0x000000000200e724      0x1fc C:/devkitPro/libnds/lib\libfat.a(directory.o)
                0x000000000200e724                _FAT_directory_getNextEntry
 .text._FAT_directory_entryExists
                0x000000000200e920       0x80 C:/devkitPro/libnds/lib\libfat.a(directory.o)
 .text._FAT_directory_getFirstEntry
                0x000000000200e9a0       0x20 C:/devkitPro/libnds/lib\libfat.a(directory.o)
                0x000000000200e9a0                _FAT_directory_getFirstEntry
 .text._FAT_directory_getRootEntry
                0x000000000200e9c0       0x60 C:/devkitPro/libnds/lib\libfat.a(directory.o)
                0x000000000200e9c0                _FAT_directory_getRootEntry
 .text._FAT_directory_entryFromPosition
                0x000000000200ea20      0x168 C:/devkitPro/libnds/lib\libfat.a(directory.o)
                0x000000000200ea20                _FAT_directory_entryFromPosition
 .text._FAT_directory_entryFromPath
                0x000000000200eb88      0x214 C:/devkitPro/libnds/lib\libfat.a(directory.o)
                0x000000000200eb88                _FAT_directory_entryFromPath
 .text._FAT_directory_removeEntry
                0x000000000200ed9c       0xe0 C:/devkitPro/libnds/lib\libfat.a(directory.o)
                0x000000000200ed9c                _FAT_directory_removeEntry
 .text._FAT_directory_addEntry
                0x000000000200ee7c      0x7e0 C:/devkitPro/libnds/lib\libfat.a(directory.o)
                0x000000000200ee7c                _FAT_directory_addEntry
 .text._FAT_directory_chdir
                0x000000000200f65c       0x44 C:/devkitPro/libnds/lib\libfat.a(directory.o)
                0x000000000200f65c                _FAT_directory_chdir
 .text._FAT_directory_entryStat
                0x000000000200f6a0       0xdc C:/devkitPro/libnds/lib\libfat.a(directory.o)
                0x000000000200f6a0                _FAT_directory_entryStat
 .text.isValidMBR
                0x000000000200f77c       0x5c C:/devkitPro/libnds/lib\libfat.a(partition.o)
 .text._FAT_updateFS_INFO
                0x000000000200f7d8       0x54 C:/devkitPro/libnds/lib\libfat.a(partition.o)
 .text._FAT_partition_createFSinfo.part.4
                0x000000000200f82c       0x40 C:/devkitPro/libnds/lib\libfat.a(partition.o)
 .text._FAT_partition_readFSinfo.part.5
                0x000000000200f86c       0x94 C:/devkitPro/libnds/lib\libfat.a(partition.o)
 .text.FindFirstValidPartition_buf
                0x000000000200f900      0x11c C:/devkitPro/libnds/lib\libfat.a(partition.o)
                0x000000000200f900                FindFirstValidPartition_buf
 .text._FAT_partition_constructor_buf
                0x000000000200fa1c      0x2d4 C:/devkitPro/libnds/lib\libfat.a(partition.o)
                0x000000000200fa1c                _FAT_partition_constructor_buf
 .text._FAT_partition_constructor
                0x000000000200fcf0       0x40 C:/devkitPro/libnds/lib\libfat.a(partition.o)
                0x000000000200fcf0                _FAT_partition_constructor
 .text._FAT_partition_getPartitionFromPath
                0x000000000200fd30       0x14 C:/devkitPro/libnds/lib\libfat.a(partition.o)
                0x000000000200fd30                _FAT_partition_getPartitionFromPath
 .text._FAT_partition_readFSinfo
                0x000000000200fd44       0x10 C:/devkitPro/libnds/lib\libfat.a(partition.o)
                0x000000000200fd44                _FAT_partition_readFSinfo
 .text._FAT_lock_init
                0x000000000200fd54        0x4 C:/devkitPro/libnds/lib\libfat.a(lock.o)
                0x000000000200fd54                _FAT_lock_init
 .text._FAT_lock
                0x000000000200fd58        0x4 C:/devkitPro/libnds/lib\libfat.a(lock.o)
                0x000000000200fd58                _FAT_lock
 .text._FAT_unlock
                0x000000000200fd5c        0x4 C:/devkitPro/libnds/lib\libfat.a(lock.o)
                0x000000000200fd5c                _FAT_unlock
 .text._FAT_filetime_getTimeFromRTC
                0x000000000200fd60       0x44 C:/devkitPro/libnds/lib\libfat.a(filetime.o)
                0x000000000200fd60                _FAT_filetime_getTimeFromRTC
 .text._FAT_filetime_getDateFromRTC
                0x000000000200fda4       0x44 C:/devkitPro/libnds/lib\libfat.a(filetime.o)
                0x000000000200fda4                _FAT_filetime_getDateFromRTC
 .text._FAT_filetime_to_time_t
                0x000000000200fde8       0x38 C:/devkitPro/libnds/lib\libfat.a(filetime.o)
                0x000000000200fde8                _FAT_filetime_to_time_t
 .text._FAT_fat_writeFatEntry.part.0
                0x000000000200fe20      0x134 C:/devkitPro/libnds/lib\libfat.a(file_allocation_table.o)
 .text._FAT_fat_nextCluster
                0x000000000200ff54      0x104 C:/devkitPro/libnds/lib\libfat.a(file_allocation_table.o)
                0x000000000200ff54                _FAT_fat_nextCluster
 .text._FAT_fat_clearLinks.part.1
                0x0000000002010058       0x60 C:/devkitPro/libnds/lib\libfat.a(file_allocation_table.o)
 .text._FAT_fat_linkFreeCluster
                0x00000000020100b8       0xa8 C:/devkitPro/libnds/lib\libfat.a(file_allocation_table.o)
                0x00000000020100b8                _FAT_fat_linkFreeCluster
 .text._FAT_fat_linkFreeClusterCleared
                0x0000000002010160       0x68 C:/devkitPro/libnds/lib\libfat.a(file_allocation_table.o)
                0x0000000002010160                _FAT_fat_linkFreeClusterCleared
 .text._FAT_fat_clearLinks
                0x00000000020101c8       0x18 C:/devkitPro/libnds/lib\libfat.a(file_allocation_table.o)
                0x00000000020101c8                _FAT_fat_clearLinks
 .text._FAT_fat_trimChain
                0x00000000020101e0       0xac C:/devkitPro/libnds/lib\libfat.a(file_allocation_table.o)
                0x00000000020101e0                _FAT_fat_trimChain
 .text._FAT_fat_lastCluster
                0x000000000201028c       0x34 C:/devkitPro/libnds/lib\libfat.a(file_allocation_table.o)
                0x000000000201028c                _FAT_fat_lastCluster
 .text._FAT_fat_freeClusterCount
                0x00000000020102c0       0x2c C:/devkitPro/libnds/lib\libfat.a(file_allocation_table.o)
                0x00000000020102c0                _FAT_fat_freeClusterCount
 .text.setBrightness
                0x00000000020102ec       0x40 C:/devkitPro/libnds/lib\libnds9.a(video.o)
                0x00000000020102ec                setBrightness
 .text.vramDefault
                0x000000000201032c       0xd0 C:/devkitPro/libnds/lib\libnds9.a(video.o)
                0x000000000201032c                vramDefault
 .text.newRow   0x00000000020103fc       0xb4 C:/devkitPro/libnds/lib\libnds9.a(console.o)
 .text.consolePrintChar
                0x00000000020104b0       0xec C:/devkitPro/libnds/lib\libnds9.a(console.o)
                0x00000000020104b0                consolePrintChar
 .text.consoleCls
                0x000000000201059c       0xe0 C:/devkitPro/libnds/lib\libnds9.a(console.o)
 .text.consoleLoadFont
                0x000000000201067c      0x280 C:/devkitPro/libnds/lib\libnds9.a(console.o)
                0x000000000201067c                consoleLoadFont
 .text.consoleInit
                0x00000000020108fc      0x15c C:/devkitPro/libnds/lib\libnds9.a(console.o)
                0x00000000020108fc                consoleInit
 .text.consoleDemoInit
                0x0000000002010a58       0x40 C:/devkitPro/libnds/lib\libnds9.a(console.o)
                0x0000000002010a58                consoleDemoInit
 .text.con_write
                0x0000000002010a98      0x27c C:/devkitPro/libnds/lib\libnds9.a(console.o)
                0x0000000002010a98                con_write
 .text.consoleClear
                0x0000000002010d14       0x10 C:/devkitPro/libnds/lib\libnds9.a(console.o)
                0x0000000002010d14                consoleClear
 .text.oamInit  0x0000000002010d24      0x11c C:/devkitPro/libnds/lib\libnds9.a(sprite.o)
                0x0000000002010d24                oamInit
 .text.oamGfxPtrToOffset
                0x0000000002010e40       0x34 C:/devkitPro/libnds/lib\libnds9.a(sprite.o)
                0x0000000002010e40                oamGfxPtrToOffset
 .text.oamSet   0x0000000002010e74      0x148 C:/devkitPro/libnds/lib\libnds9.a(sprite.o)
                0x0000000002010e74                oamSet
 .text.oamUpdate
                0x0000000002010fbc       0x60 C:/devkitPro/libnds/lib\libnds9.a(sprite.o)
                0x0000000002010fbc                oamUpdate
 .text.oamRotateScale
                0x000000000201101c       0x58 C:/devkitPro/libnds/lib\libnds9.a(sprite.o)
                0x000000000201101c                oamRotateScale
 .text.soundEnable
                0x0000000002011074       0x10 C:/devkitPro/libnds/lib\libnds9.a(sound.o)
                0x0000000002011074                soundEnable
 .text.soundPlayNoise
                0x0000000002011084       0x34 C:/devkitPro/libnds/lib\libnds9.a(sound.o)
                0x0000000002011084                soundPlayNoise
 .text.soundPlaySample
                0x00000000020110b8       0x68 C:/devkitPro/libnds/lib\libnds9.a(sound.o)
                0x00000000020110b8                soundPlaySample
 .text.soundKill
                0x0000000002011120       0x14 C:/devkitPro/libnds/lib\libnds9.a(sound.o)
                0x0000000002011120                soundKill
 .text.soundSetVolume
                0x0000000002011134       0x14 C:/devkitPro/libnds/lib\libnds9.a(sound.o)
                0x0000000002011134                soundSetVolume
 .text.soundSetFreq
                0x0000000002011148       0x14 C:/devkitPro/libnds/lib\libnds9.a(sound.o)
                0x0000000002011148                soundSetFreq
 .text.paddleIsInserted
                0x000000000201115c       0x64 C:/devkitPro/libnds/lib\libnds9.a(paddle.o)
                0x000000000201115c                paddleIsInserted
 .text.paddleRead
                0x00000000020111c0       0x40 C:/devkitPro/libnds/lib\libnds9.a(paddle.o)
                0x00000000020111c0                paddleRead
 .text.scanKeys
                0x0000000002011200       0x8c C:/devkitPro/libnds/lib\libnds9.a(keys.o)
                0x0000000002011200                scanKeys
 .text.keysHeld
                0x000000000201128c        0xc C:/devkitPro/libnds/lib\libnds9.a(keys.o)
                0x000000000201128c                keysHeld
 .text.keysDown
                0x0000000002011298       0x14 C:/devkitPro/libnds/lib\libnds9.a(keys.o)
                0x0000000002011298                keysDown
 .text.keysUp   0x00000000020112ac       0x18 C:/devkitPro/libnds/lib\libnds9.a(keys.o)
                0x00000000020112ac                keysUp
 .text.dldiGetInternal
                0x00000000020112c4       0x34 C:/devkitPro/libnds/lib\libnds9.a(dldi.o)
                0x00000000020112c4                dldiGetInternal
 .text.get_io_dsisd
                0x00000000020112f8       0x24 C:/devkitPro/libnds/lib\libnds9.a(dldi.o)
                0x00000000020112f8                get_io_dsisd
 .text.initSystem
                0x000000000201131c      0x198 C:/devkitPro/libnds/lib\libnds9.a(initSystem.o)
                0x000000000201131c                initSystem
 .text.__libnds_gtod
                0x00000000020114b4       0x28 C:/devkitPro/libnds/lib\libnds9.a(timeSupport.o)
                0x00000000020114b4                __libnds_gtod
 .text.irqDummy
                0x00000000020114dc        0x4 C:/devkitPro/libnds/lib\libnds9.a(interrupts.o)
                0x00000000020114dc                irqDummy
 .text.irqSet   0x00000000020114e0       0x6c C:/devkitPro/libnds/lib\libnds9.a(interrupts.o)
                0x00000000020114e0                irqSet
 .text.irqInit  0x000000000201154c       0x50 C:/devkitPro/libnds/lib\libnds9.a(interrupts.o)
                0x000000000201154c                irqInit
 .text.irqEnable
                0x000000000201159c       0x64 C:/devkitPro/libnds/lib\libnds9.a(interrupts.o)
                0x000000000201159c                irqEnable
 .text.systemErrorExit
                0x0000000002011600        0x4 C:/devkitPro/libnds/lib\libnds9.a(libnds_exit.arm.o)
                0x0000000002011600                systemErrorExit
 *fill*         0x0000000002011604        0x4 ff
 .text.__libnds_exit
                0x0000000002011608       0x5c C:/devkitPro/libnds/lib\libnds9.a(libnds_exit.arm.o)
                0x0000000002011608                __libnds_exit
 .text.cardPolledTransfer
                0x0000000002011664       0x54 C:/devkitPro/libnds/lib\libnds9.a(card.o)
                0x0000000002011664                cardPolledTransfer
 .text.cardParamCommand
                0x00000000020116b8       0x34 C:/devkitPro/libnds/lib\libnds9.a(card.o)
                0x00000000020116b8                cardParamCommand
 .text.fifo_waitBlock
                0x00000000020116ec       0x80 C:/devkitPro/libnds/lib\libnds9.a(fifosystem.o)
 .text.fifo_queueBlock
                0x000000000201176c       0x40 C:/devkitPro/libnds/lib\libnds9.a(fifosystem.o)
 .text.fifoInternalSendInterrupt
                0x00000000020117ac       0xac C:/devkitPro/libnds/lib\libnds9.a(fifosystem.o)
 .text.fifoInternalSend.part.2
                0x0000000002011858       0xd4 C:/devkitPro/libnds/lib\libnds9.a(fifosystem.o)
 .text.fifoGetValue32.part.3
                0x000000000201192c       0x74 C:/devkitPro/libnds/lib\libnds9.a(fifosystem.o)
 .text.fifoSetValue32Handler
                0x00000000020119a0       0x78 C:/devkitPro/libnds/lib\libnds9.a(fifosystem.o)
                0x00000000020119a0                fifoSetValue32Handler
 .text.fifoSendValue32
                0x0000000002011a18       0x4c C:/devkitPro/libnds/lib\libnds9.a(fifosystem.o)
                0x0000000002011a18                fifoSendValue32
 .text.fifoSendDatamsg
                0x0000000002011a64       0x90 C:/devkitPro/libnds/lib\libnds9.a(fifosystem.o)
                0x0000000002011a64                fifoSendDatamsg
 .text.fifoGetValue32
                0x0000000002011af4       0x10 C:/devkitPro/libnds/lib\libnds9.a(fifosystem.o)
                0x0000000002011af4                fifoGetValue32
 .text.fifoGetDatamsg
                0x0000000002011b04      0x138 C:/devkitPro/libnds/lib\libnds9.a(fifosystem.o)
                0x0000000002011b04                fifoGetDatamsg
 .text.fifoInternalRecvInterrupt
                0x0000000002011c3c      0x3dc C:/devkitPro/libnds/lib\libnds9.a(fifosystem.o)
 .text.fifoSetDatamsgHandler
                0x0000000002012018       0x9c C:/devkitPro/libnds/lib\libnds9.a(fifosystem.o)
                0x0000000002012018                fifoSetDatamsgHandler
 .text.fifoCheckValue32
                0x00000000020120b4       0x24 C:/devkitPro/libnds/lib\libnds9.a(fifosystem.o)
                0x00000000020120b4                fifoCheckValue32
 .text.fifoInit
                0x00000000020120d8      0x104 C:/devkitPro/libnds/lib\libnds9.a(fifosystem.o)
                0x00000000020120d8                fifoInit
 .text.DC_FlushRange
                0x00000000020121dc       0x24 C:/devkitPro/libnds/lib\libnds9.a(dcache.o)
                0x00000000020121dc                DC_FlushRange
 .text.DC_InvalidateRange
                0x0000000002012200       0x2c C:/devkitPro/libnds/lib\libnds9.a(dcache.o)
                0x0000000002012200                DC_InvalidateRange
 .text.__libnds_mpu_setup
                0x000000000201222c      0x174 C:/devkitPro/libnds/lib\libnds9.a(mpu_setup.o)
                0x000000000201222c                __libnds_mpu_setup
 .text.memUncached
                0x00000000020123a0       0x20 C:/devkitPro/libnds/lib\libnds9.a(mpu_setup.o)
                0x00000000020123a0                memUncached
 .text.swiWaitForVBlank
                0x00000000020123c0        0x8 C:/devkitPro/libnds/lib\libnds9.a(IntrWait.o)
                0x00000000020123c0                swiWaitForVBlank
 .text.swiIntrWait
                0x00000000020123c8       0x70 C:/devkitPro/libnds/lib\libnds9.a(IntrWait.o)
                0x00000000020123c8                swiIntrWait
 .text.setCpuClock
                0x0000000002012438       0x50 C:/devkitPro/libnds/lib\libnds9.a(cpu_clock.o)
                0x0000000002012438                setCpuClock
 .text.swiSoftReset
                0x0000000002012488       0x2c C:/devkitPro/libnds/lib\libnds9.a(swiSoftReset.o)
                0x0000000002012488                swiSoftReset
 .text.swiDelay
                0x00000000020124b4        0x4 C:/devkitPro/libnds/lib\libnds9.a(biosCalls.o)
                0x00000000020124b4                swiDelay
 .text.checkIfText.part.0
                0x00000000020124b8       0x40 C:/devkitPro/libnds/lib\libnds9.a(background.o)
 .text.bgUpdate
                0x00000000020124f8      0x104 C:/devkitPro/libnds/lib\libnds9.a(background.o)
                0x00000000020124f8                bgUpdate
 .text.bgInit_call
                0x00000000020125fc      0x110 C:/devkitPro/libnds/lib\libnds9.a(background.o)
                0x00000000020125fc                bgInit_call
 .text.bgInitSub_call
                0x000000000201270c       0xf4 C:/devkitPro/libnds/lib\libnds9.a(background.o)
                0x000000000201270c                bgInitSub_call
 .text.oamAllocReset
                0x0000000002012800       0x1c C:/devkitPro/libnds/lib\libnds9.a(sprite_alloc.o)
                0x0000000002012800                oamAllocReset
 .text.systemValueHandler
                0x000000000201281c       0x48 C:/devkitPro/libnds/lib\libnds9.a(system.o)
                0x000000000201281c                systemValueHandler
 .text.systemMsgHandler
                0x0000000002012864       0x5c C:/devkitPro/libnds/lib\libnds9.a(system.o)
                0x0000000002012864                systemMsgHandler
 .text.powerOn  0x00000000020128c0       0x2c C:/devkitPro/libnds/lib\libnds9.a(system.o)
                0x00000000020128c0                powerOn
 .text.sinLutLookup
                0x00000000020128ec       0x3c C:/devkitPro/libnds/lib\libnds9.a(trig.o)
                0x00000000020128ec                sinLutLookup
 .text.sinLerp  0x0000000002012928       0x44 C:/devkitPro/libnds/lib\libnds9.a(trig.o)
                0x0000000002012928                sinLerp
 .text.cosLerp  0x000000000201296c       0x14 C:/devkitPro/libnds/lib\libnds9.a(trig.o)
                0x000000000201296c                cosLerp
 .text.__muldi3
                0x0000000002012980       0x54 c:/devkitpro/devkitarm/bin/../lib/gcc/arm-none-eabi/9.1.0/thumb\libgcc.a(_muldi3.o)
                0x0000000002012980                __muldi3
                0x0000000002012980                __aeabi_lmul
 .text.__udivmoddi4
                0x00000000020129d4      0x19c c:/devkitpro/devkitarm/bin/../lib/gcc/arm-none-eabi/9.1.0/thumb\libgcc.a(_udivmoddi4.o)
                0x00000000020129d4                __udivmoddi4
 .text.calloc   0x0000000002012b70       0x18 c:/devkitpro/devkitarm/bin/../lib/gcc/arm-none-eabi/9.1.0/../../../../arm-none-eabi/lib/thumb\libg.a(lib_a-calloc.o)
                0x0000000002012b70                calloc
 .text._calloc_r
                0x0000000002012b88       0x60 c:/devkitpro/devkitarm/bin/../lib/gcc/arm-none-eabi/9.1.0/../../../../arm-none-eabi/lib/thumb\libg.a(lib_a-callocr.o)
                0x0000000002012b88                _calloc_r
 .text._fclose_r
                0x0000000002012be8       0xe8 c:/devkitpro/devkitarm/bin/../lib/gcc/arm-none-eabi/9.1.0/../../../../arm-none-eabi/lib/thumb\libg.a(lib_a-fclose.o)
                0x0000000002012be8                _fclose_r
 .text.fclose   0x0000000002012cd0       0x14 c:/devkitpro/devkitarm/bin/../lib/gcc/arm-none-eabi/9.1.0/../../../../arm-none-eabi/lib/thumb\libg.a(lib_a-fclose.o)
                0x0000000002012cd0                fclose
 .text.__sflush_r
                0x0000000002012ce4      0x1c0 c:/devkitpro/devkitarm/bin/../lib/gcc/arm-none-eabi/9.1.0/../../../../arm-none-eabi/lib/thumb\libg.a(lib_a-fflush.o)
                0x0000000002012ce4                __sflush_r
 .text._fflush_r
                0x0000000002012ea4       0x70 c:/devkitpro/devkitarm/bin/../lib/gcc/arm-none-eabi/9.1.0/../../../../arm-none-eabi/lib/thumb\libg.a(lib_a-fflush.o)
                0x0000000002012ea4                _fflush_r
 .text.fflush   0x0000000002012f14       0x2c c:/devkitpro/devkitarm/bin/../lib/gcc/arm-none-eabi/9.1.0/../../../../arm-none-eabi/lib/thumb\libg.a(lib_a-fflush.o)
                0x0000000002012f14                fflush
 .text.std      0x0000000002012f40       0x54 c:/devkitpro/devkitarm/bin/../lib/gcc/arm-none-eabi/9.1.0/../../../../arm-none-eabi/lib/thumb\libg.a(lib_a-findfp.o)
 .text._cleanup_r
                0x0000000002012f94       0x14 c:/devkitpro/devkitarm/bin/../lib/gcc/arm-none-eabi/9.1.0/../../../../arm-none-eabi/lib/thumb\libg.a(lib_a-findfp.o)
                0x0000000002012f94                _cleanup_r
 .text.__sfmoreglue
                0x0000000002012fa8       0x34 c:/devkitpro/devkitarm/bin/../lib/gcc/arm-none-eabi/9.1.0/../../../../arm-none-eabi/lib/thumb\libg.a(lib_a-findfp.o)
                0x0000000002012fa8                __sfmoreglue
 .text.__sinit  0x0000000002012fdc       0x64 c:/devkitpro/devkitarm/bin/../lib/gcc/arm-none-eabi/9.1.0/../../../../arm-none-eabi/lib/thumb\libg.a(lib_a-findfp.o)
                0x0000000002012fdc                __sinit
 .text.__sfp    0x0000000002013040       0xb4 c:/devkitpro/devkitarm/bin/../lib/gcc/arm-none-eabi/9.1.0/../../../../arm-none-eabi/lib/thumb\libg.a(lib_a-findfp.o)
                0x0000000002013040                __sfp
 .text.__sfp_lock_acquire
                0x00000000020130f4       0x14 c:/devkitpro/devkitarm/bin/../lib/gcc/arm-none-eabi/9.1.0/../../../../arm-none-eabi/lib/thumb\libg.a(lib_a-findfp.o)
                0x00000000020130f4                __sfp_lock_acquire
 .text.__sfp_lock_release
                0x0000000002013108       0x14 c:/devkitpro/devkitarm/bin/../lib/gcc/arm-none-eabi/9.1.0/../../../../arm-none-eabi/lib/thumb\libg.a(lib_a-findfp.o)
                0x0000000002013108                __sfp_lock_release
 .text._fopen_r
                0x000000000201311c       0xb8 c:/devkitpro/devkitarm/bin/../lib/gcc/arm-none-eabi/9.1.0/../../../../arm-none-eabi/lib/thumb\libg.a(lib_a-fopen.o)
                0x000000000201311c                _fopen_r
 .text.fopen    0x00000000020131d4       0x18 c:/devkitpro/devkitarm/bin/../lib/gcc/arm-none-eabi/9.1.0/../../../../arm-none-eabi/lib/thumb\libg.a(lib_a-fopen.o)
                0x00000000020131d4                fopen
 .text._fread_r
                0x00000000020131ec      0x1fc c:/devkitpro/devkitarm/bin/../lib/gcc/arm-none-eabi/9.1.0/../../../../arm-none-eabi/lib/thumb\libg.a(lib_a-fread.o)
                0x00000000020131ec                _fread_r
 .text.fread    0x00000000020133e8       0x24 c:/devkitpro/devkitarm/bin/../lib/gcc/arm-none-eabi/9.1.0/../../../../arm-none-eabi/lib/thumb\libg.a(lib_a-fread.o)
                0x00000000020133e8                fread
 .text._malloc_trim_r
                0x000000000201340c       0xa0 c:/devkitpro/devkitarm/bin/../lib/gcc/arm-none-eabi/9.1.0/../../../../arm-none-eabi/lib/thumb\libg.a(lib_a-freer.o)
                0x000000000201340c                _malloc_trim_r
 .text._free_r  0x00000000020134ac      0x1e0 c:/devkitpro/devkitarm/bin/../lib/gcc/arm-none-eabi/9.1.0/../../../../arm-none-eabi/lib/thumb\libg.a(lib_a-freer.o)
                0x00000000020134ac                _free_r
 .text._fseek_r
                0x000000000201368c       0x18 c:/devkitpro/devkitarm/bin/../lib/gcc/arm-none-eabi/9.1.0/../../../../arm-none-eabi/lib/thumb\libg.a(lib_a-fseek.o)
                0x000000000201368c                _fseek_r
 .text.fseek    0x00000000020136a4       0x24 c:/devkitpro/devkitarm/bin/../lib/gcc/arm-none-eabi/9.1.0/../../../../arm-none-eabi/lib/thumb\libg.a(lib_a-fseek.o)
                0x00000000020136a4                fseek
 .text._fseeko_r
                0x00000000020136c8      0x414 c:/devkitpro/devkitarm/bin/../lib/gcc/arm-none-eabi/9.1.0/../../../../arm-none-eabi/lib/thumb\libg.a(lib_a-fseeko.o)
                0x00000000020136c8                _fseeko_r
 .text.ftell    0x0000000002013adc       0x24 c:/devkitpro/devkitarm/bin/../lib/gcc/arm-none-eabi/9.1.0/../../../../arm-none-eabi/lib/thumb\libg.a(lib_a-ftell.o)
                0x0000000002013adc                ftell
 .text._ftello_r
                0x0000000002013b00      0x124 c:/devkitpro/devkitarm/bin/../lib/gcc/arm-none-eabi/9.1.0/../../../../arm-none-eabi/lib/thumb\libg.a(lib_a-ftello.o)
                0x0000000002013b00                _ftello_r
 .text._fwalk   0x0000000002013c24       0x48 c:/devkitpro/devkitarm/bin/../lib/gcc/arm-none-eabi/9.1.0/../../../../arm-none-eabi/lib/thumb\libg.a(lib_a-fwalk.o)
                0x0000000002013c24                _fwalk
 .text._fwalk_reent
                0x0000000002013c6c       0x50 c:/devkitpro/devkitarm/bin/../lib/gcc/arm-none-eabi/9.1.0/../../../../arm-none-eabi/lib/thumb\libg.a(lib_a-fwalk.o)
                0x0000000002013c6c                _fwalk_reent
 .text.__libc_init_array
                0x0000000002013cbc       0x50 c:/devkitpro/devkitarm/bin/../lib/gcc/arm-none-eabi/9.1.0/../../../../arm-none-eabi/lib/thumb\libg.a(lib_a-init.o)
                0x0000000002013cbc                __libc_init_array
 .text.iprintf  0x0000000002013d0c       0x24 c:/devkitpro/devkitarm/bin/../lib/gcc/arm-none-eabi/9.1.0/../../../../arm-none-eabi/lib/thumb\libg.a(lib_a-iprintf.o)
                0x0000000002013d0c                iprintf
 .text.localtime_r
                0x0000000002013d30      0x244 c:/devkitpro/devkitarm/bin/../lib/gcc/arm-none-eabi/9.1.0/../../../../arm-none-eabi/lib/thumb\libg.a(lib_a-lcltime_r.o)
                0x0000000002013d30                localtime_r
 .text.__locale_mb_cur_max
                0x0000000002013f74       0x10 c:/devkitpro/devkitarm/bin/../lib/gcc/arm-none-eabi/9.1.0/../../../../arm-none-eabi/lib/thumb\libg.a(lib_a-locale.o)
                0x0000000002013f74                __locale_mb_cur_max
 .text.__swhatbuf_r
                0x0000000002013f84       0x64 c:/devkitpro/devkitarm/bin/../lib/gcc/arm-none-eabi/9.1.0/../../../../arm-none-eabi/lib/thumb\libg.a(lib_a-makebuf.o)
                0x0000000002013f84                __swhatbuf_r
 .text.__smakebuf_r
                0x0000000002013fe8       0x98 c:/devkitpro/devkitarm/bin/../lib/gcc/arm-none-eabi/9.1.0/../../../../arm-none-eabi/lib/thumb\libg.a(lib_a-makebuf.o)
                0x0000000002013fe8                __smakebuf_r
 .text.malloc   0x0000000002014080       0x14 c:/devkitpro/devkitarm/bin/../lib/gcc/arm-none-eabi/9.1.0/../../../../arm-none-eabi/lib/thumb\libg.a(lib_a-malloc.o)
                0x0000000002014080                malloc
 .text.free     0x0000000002014094       0x14 c:/devkitpro/devkitarm/bin/../lib/gcc/arm-none-eabi/9.1.0/../../../../arm-none-eabi/lib/thumb\libg.a(lib_a-malloc.o)
                0x0000000002014094                free
 .text._malloc_r
                0x00000000020140a8      0x59c c:/devkitpro/devkitarm/bin/../lib/gcc/arm-none-eabi/9.1.0/../../../../arm-none-eabi/lib/thumb\libg.a(lib_a-mallocr.o)
                0x00000000020140a8                _malloc_r
 .text._mbrtowc_r
                0x0000000002014644       0x60 c:/devkitpro/devkitarm/bin/../lib/gcc/arm-none-eabi/9.1.0/../../../../arm-none-eabi/lib/thumb\libg.a(lib_a-mbrtowc.o)
                0x0000000002014644                _mbrtowc_r
 .text.mbrtowc  0x00000000020146a4       0x80 c:/devkitpro/devkitarm/bin/../lib/gcc/arm-none-eabi/9.1.0/../../../../arm-none-eabi/lib/thumb\libg.a(lib_a-mbrtowc.o)
                0x00000000020146a4                mbrtowc
 .text.mbsrtowcs
                0x0000000002014724       0x28 c:/devkitpro/devkitarm/bin/../lib/gcc/arm-none-eabi/9.1.0/../../../../arm-none-eabi/lib/thumb\libg.a(lib_a-mbsrtowcs.o)
                0x0000000002014724                mbsrtowcs
 .text.__utf8_mbtowc
                0x000000000201474c      0x280 c:/devkitpro/devkitarm/bin/../lib/gcc/arm-none-eabi/9.1.0/../../../../arm-none-eabi/lib/thumb\libg.a(lib_a-mbtowc_r.o)
                0x000000000201474c                __utf8_mbtowc
 .text.memcmp   0x00000000020149cc       0x4c c:/devkitpro/devkitarm/bin/../lib/gcc/arm-none-eabi/9.1.0/../../../../arm-none-eabi/lib/thumb\libg.a(lib_a-memcmp.o)
                0x00000000020149cc                memcmp
 .text.memcpy   0x0000000002014a18       0xa8 c:/devkitpro/devkitarm/bin/../lib/gcc/arm-none-eabi/9.1.0/../../../../arm-none-eabi/lib/thumb\libg.a(lib_a-memcpy-stub.o)
                0x0000000002014a18                memcpy
 .text.memmove  0x0000000002014ac0       0xb0 c:/devkitpro/devkitarm/bin/../lib/gcc/arm-none-eabi/9.1.0/../../../../arm-none-eabi/lib/thumb\libg.a(lib_a-memmove.o)
                0x0000000002014ac0                memmove
 .text.memset   0x0000000002014b70       0xb0 c:/devkitpro/devkitarm/bin/../lib/gcc/arm-none-eabi/9.1.0/../../../../arm-none-eabi/lib/thumb\libg.a(lib_a-memset.o)
                0x0000000002014b70                memset
 .text.validate_structure
                0x0000000002014c20      0x1e0 c:/devkitpro/devkitarm/bin/../lib/gcc/arm-none-eabi/9.1.0/../../../../arm-none-eabi/lib/thumb\libg.a(lib_a-mktime.o)
 .text.mktime   0x0000000002014e00      0x450 c:/devkitpro/devkitarm/bin/../lib/gcc/arm-none-eabi/9.1.0/../../../../arm-none-eabi/lib/thumb\libg.a(lib_a-mktime.o)
                0x0000000002014e00                mktime
 .text.__malloc_lock
                0x0000000002015250       0x14 c:/devkitpro/devkitarm/bin/../lib/gcc/arm-none-eabi/9.1.0/../../../../arm-none-eabi/lib/thumb\libg.a(lib_a-mlock.o)
                0x0000000002015250                __malloc_lock
 .text.__malloc_unlock
                0x0000000002015264       0x14 c:/devkitpro/devkitarm/bin/../lib/gcc/arm-none-eabi/9.1.0/../../../../arm-none-eabi/lib/thumb\libg.a(lib_a-mlock.o)
                0x0000000002015264                __malloc_unlock
 .text.rand     0x0000000002015278       0x34 c:/devkitpro/devkitarm/bin/../lib/gcc/arm-none-eabi/9.1.0/../../../../arm-none-eabi/lib/thumb\libg.a(lib_a-rand.o)
                0x0000000002015278                rand
 .text.realloc  0x00000000020152ac       0x18 c:/devkitpro/devkitarm/bin/../lib/gcc/arm-none-eabi/9.1.0/../../../../arm-none-eabi/lib/thumb\libg.a(lib_a-realloc.o)
                0x00000000020152ac                realloc
 .text._realloc_r
                0x00000000020152c4      0x38c c:/devkitpro/devkitarm/bin/../lib/gcc/arm-none-eabi/9.1.0/../../../../arm-none-eabi/lib/thumb\libg.a(lib_a-reallocr.o)
                0x00000000020152c4                _realloc_r
 .text.lflush   0x0000000002015650       0x20 c:/devkitpro/devkitarm/bin/../lib/gcc/arm-none-eabi/9.1.0/../../../../arm-none-eabi/lib/thumb\libg.a(lib_a-refill.o)
 .text.__srefill_r
                0x0000000002015670      0x118 c:/devkitpro/devkitarm/bin/../lib/gcc/arm-none-eabi/9.1.0/../../../../arm-none-eabi/lib/thumb\libg.a(lib_a-refill.o)
                0x0000000002015670                __srefill_r
 .text.rewind   0x0000000002015788       0x20 c:/devkitpro/devkitarm/bin/../lib/gcc/arm-none-eabi/9.1.0/../../../../arm-none-eabi/lib/thumb\libg.a(lib_a-rewind.o)
                0x0000000002015788                rewind
 .text.setvbuf  0x00000000020157a8      0x1ac c:/devkitpro/devkitarm/bin/../lib/gcc/arm-none-eabi/9.1.0/../../../../arm-none-eabi/lib/thumb\libg.a(lib_a-setvbuf.o)
                0x00000000020157a8                setvbuf
 .text.siscanf  0x0000000002015954       0x4c c:/devkitpro/devkitarm/bin/../lib/gcc/arm-none-eabi/9.1.0/../../../../arm-none-eabi/lib/thumb\libg.a(lib_a-siscanf.o)
                0x0000000002015954                siscanf
 .text.sprintf  0x00000000020159a0       0x40 c:/devkitpro/devkitarm/bin/../lib/gcc/arm-none-eabi/9.1.0/../../../../arm-none-eabi/lib/thumb\libg.a(lib_a-sprintf.o)
                0x00000000020159a0                sprintf
 .text.__sread  0x00000000020159e0       0x34 c:/devkitpro/devkitarm/bin/../lib/gcc/arm-none-eabi/9.1.0/../../../../arm-none-eabi/lib/thumb\libg.a(lib_a-stdio.o)
                0x00000000020159e0                __sread
 .text.__seofread
                0x0000000002015a14        0x4 c:/devkitpro/devkitarm/bin/../lib/gcc/arm-none-eabi/9.1.0/../../../../arm-none-eabi/lib/thumb\libg.a(lib_a-stdio.o)
                0x0000000002015a14                __seofread
 .text.__swrite
                0x0000000002015a18       0x54 c:/devkitpro/devkitarm/bin/../lib/gcc/arm-none-eabi/9.1.0/../../../../arm-none-eabi/lib/thumb\libg.a(lib_a-stdio.o)
                0x0000000002015a18                __swrite
 .text.__sseek  0x0000000002015a6c       0x40 c:/devkitpro/devkitarm/bin/../lib/gcc/arm-none-eabi/9.1.0/../../../../arm-none-eabi/lib/thumb\libg.a(lib_a-stdio.o)
                0x0000000002015a6c                __sseek
 .text.__sclose
                0x0000000002015aac       0x10 c:/devkitpro/devkitarm/bin/../lib/gcc/arm-none-eabi/9.1.0/../../../../arm-none-eabi/lib/thumb\libg.a(lib_a-stdio.o)
                0x0000000002015aac                __sclose
 .text.stpcpy   0x0000000002015abc       0x50 c:/devkitpro/devkitarm/bin/../lib/gcc/arm-none-eabi/9.1.0/../../../../arm-none-eabi/lib/thumb\libg.a(lib_a-stpcpy.o)
                0x0000000002015abc                stpcpy
 .text.strcasecmp
                0x0000000002015b0c       0x48 c:/devkitpro/devkitarm/bin/../lib/gcc/arm-none-eabi/9.1.0/../../../../arm-none-eabi/lib/thumb\libg.a(lib_a-strcasecmp.o)
                0x0000000002015b0c                strcasecmp
 .text.strchr   0x0000000002015b54       0xc8 c:/devkitpro/devkitarm/bin/../lib/gcc/arm-none-eabi/9.1.0/../../../../arm-none-eabi/lib/thumb\libg.a(lib_a-strchr.o)
                0x0000000002015b54                strchr
 .text.strcpy   0x0000000002015c1c       0x10 c:/devkitpro/devkitarm/bin/../lib/gcc/arm-none-eabi/9.1.0/../../../../arm-none-eabi/lib/thumb\libg.a(lib_a-strcpy.o)
                0x0000000002015c1c                strcpy
 .text.strdup   0x0000000002015c2c       0x14 c:/devkitpro/devkitarm/bin/../lib/gcc/arm-none-eabi/9.1.0/../../../../arm-none-eabi/lib/thumb\libg.a(lib_a-strdup.o)
                0x0000000002015c2c                strdup
 .text._strdup_r
                0x0000000002015c40       0x2c c:/devkitpro/devkitarm/bin/../lib/gcc/arm-none-eabi/9.1.0/../../../../arm-none-eabi/lib/thumb\libg.a(lib_a-strdup_r.o)
                0x0000000002015c40                _strdup_r
 .text.strlen   0x0000000002015c6c       0x60 c:/devkitpro/devkitarm/bin/../lib/gcc/arm-none-eabi/9.1.0/../../../../arm-none-eabi/lib/thumb\libg.a(lib_a-strlen-stub.o)
                0x0000000002015c6c                strlen
 .text.strncasecmp
                0x0000000002015ccc       0x54 c:/devkitpro/devkitarm/bin/../lib/gcc/arm-none-eabi/9.1.0/../../../../arm-none-eabi/lib/thumb\libg.a(lib_a-strncasecmp.o)
                0x0000000002015ccc                strncasecmp
 .text.strncmp  0x0000000002015d20       0x78 c:/devkitpro/devkitarm/bin/../lib/gcc/arm-none-eabi/9.1.0/../../../../arm-none-eabi/lib/thumb\libg.a(lib_a-strncmp.o)
                0x0000000002015d20                strncmp
 .text.strncpy  0x0000000002015d98       0x74 c:/devkitpro/devkitarm/bin/../lib/gcc/arm-none-eabi/9.1.0/../../../../arm-none-eabi/lib/thumb\libg.a(lib_a-strncpy.o)
                0x0000000002015d98                strncpy
 .text.strnlen  0x0000000002015e0c       0x24 c:/devkitpro/devkitarm/bin/../lib/gcc/arm-none-eabi/9.1.0/../../../../arm-none-eabi/lib/thumb\libg.a(lib_a-strnlen.o)
                0x0000000002015e0c                strnlen
 .text.strpbrk  0x0000000002015e30       0x3c c:/devkitpro/devkitarm/bin/../lib/gcc/arm-none-eabi/9.1.0/../../../../arm-none-eabi/lib/thumb\libg.a(lib_a-strpbrk.o)
                0x0000000002015e30                strpbrk
 .text.strrchr  0x0000000002015e6c       0x2c c:/devkitpro/devkitarm/bin/../lib/gcc/arm-none-eabi/9.1.0/../../../../arm-none-eabi/lib/thumb\libg.a(lib_a-strrchr.o)
                0x0000000002015e6c                strrchr
 .text._strtol_l.isra.0
                0x0000000002015e98      0x140 c:/devkitpro/devkitarm/bin/../lib/gcc/arm-none-eabi/9.1.0/../../../../arm-none-eabi/lib/thumb\libg.a(lib_a-strtol.o)
 .text._strtol_r
                0x0000000002015fd8        0xc c:/devkitpro/devkitarm/bin/../lib/gcc/arm-none-eabi/9.1.0/../../../../arm-none-eabi/lib/thumb\libg.a(lib_a-strtol.o)
                0x0000000002015fd8                _strtol_r
 .text.get_arg  0x0000000002015fe4       0x32 c:/devkitpro/devkitarm/bin/../lib/gcc/arm-none-eabi/9.1.0/../../../../arm-none-eabi/lib/thumb\libg.a(lib_a-svfiscanf.o)
 .text._sungetc_r
                0x0000000002016016       0x7e c:/devkitpro/devkitarm/bin/../lib/gcc/arm-none-eabi/9.1.0/../../../../arm-none-eabi/lib/thumb\libg.a(lib_a-svfiscanf.o)
                0x0000000002016016                _sungetc_r
 .text.__ssrefill_r
                0x0000000002016094       0x42 c:/devkitpro/devkitarm/bin/../lib/gcc/arm-none-eabi/9.1.0/../../../../arm-none-eabi/lib/thumb\libg.a(lib_a-svfiscanf.o)
                0x0000000002016094                __ssrefill_r
 .text._sfread_r
                0x00000000020160d6       0x8a c:/devkitpro/devkitarm/bin/../lib/gcc/arm-none-eabi/9.1.0/../../../../arm-none-eabi/lib/thumb\libg.a(lib_a-svfiscanf.o)
                0x00000000020160d6                _sfread_r
 .text.__ssvfiscanf_r
                0x0000000002016160     0x1b54 c:/devkitpro/devkitarm/bin/../lib/gcc/arm-none-eabi/9.1.0/../../../../arm-none-eabi/lib/thumb\libg.a(lib_a-svfiscanf.o)
                0x0000000002016160                __ssvfiscanf_r
 .text.get_arg  0x0000000002017cb4      0x3d8 c:/devkitpro/devkitarm/bin/../lib/gcc/arm-none-eabi/9.1.0/../../../../arm-none-eabi/lib/thumb\libg.a(lib_a-svfprintf.o)
 .text._svfprintf_r
                0x000000000201808c     0x2494 c:/devkitpro/devkitarm/bin/../lib/gcc/arm-none-eabi/9.1.0/../../../../arm-none-eabi/lib/thumb\libg.a(lib_a-svfprintf.o)
                0x000000000201808c                _svfprintf_r
 .text.lseek    0x000000000201a520       0x24 c:/devkitpro/devkitarm/bin/../lib/gcc/arm-none-eabi/9.1.0/../../../../arm-none-eabi/lib/thumb\libg.a(lib_a-syslseek.o)
                0x000000000201a520                lseek
 .text.open     0x000000000201a544       0x28 c:/devkitpro/devkitarm/bin/../lib/gcc/arm-none-eabi/9.1.0/../../../../arm-none-eabi/lib/thumb\libg.a(lib_a-sysopen.o)
                0x000000000201a544                open
 .text.read     0x000000000201a56c       0x1c c:/devkitpro/devkitarm/bin/../lib/gcc/arm-none-eabi/9.1.0/../../../../arm-none-eabi/lib/thumb\libg.a(lib_a-sysread.o)
                0x000000000201a56c                read
 .text.time     0x000000000201a588       0x34 c:/devkitpro/devkitarm/bin/../lib/gcc/arm-none-eabi/9.1.0/../../../../arm-none-eabi/lib/thumb\libg.a(lib_a-time.o)
                0x000000000201a588                time
 .text.towlower
                0x000000000201a5bc       0x10 c:/devkitpro/devkitarm/bin/../lib/gcc/arm-none-eabi/9.1.0/../../../../arm-none-eabi/lib/thumb\libg.a(lib_a-towlower.o)
                0x000000000201a5bc                towlower
 .text.towupper
                0x000000000201a5cc       0x10 c:/devkitpro/devkitarm/bin/../lib/gcc/arm-none-eabi/9.1.0/../../../../arm-none-eabi/lib/thumb\libg.a(lib_a-towupper.o)
                0x000000000201a5cc                towupper
 .text.__tzcalc_limits
                0x000000000201a5dc      0x1a8 c:/devkitpro/devkitarm/bin/../lib/gcc/arm-none-eabi/9.1.0/../../../../arm-none-eabi/lib/thumb\libg.a(lib_a-tzcalc_limits.o)
                0x000000000201a5dc                __tzcalc_limits
 .text.__tz_lock
                0x000000000201a784       0x14 c:/devkitpro/devkitarm/bin/../lib/gcc/arm-none-eabi/9.1.0/../../../../arm-none-eabi/lib/thumb\libg.a(lib_a-tzlock.o)
                0x000000000201a784                __tz_lock
 .text.__tz_unlock
                0x000000000201a798       0x14 c:/devkitpro/devkitarm/bin/../lib/gcc/arm-none-eabi/9.1.0/../../../../arm-none-eabi/lib/thumb\libg.a(lib_a-tzlock.o)
                0x000000000201a798                __tz_unlock
 .text._tzset_unlocked
                0x000000000201a7ac       0x10 c:/devkitpro/devkitarm/bin/../lib/gcc/arm-none-eabi/9.1.0/../../../../arm-none-eabi/lib/thumb\libg.a(lib_a-tzset.o)
                0x000000000201a7ac                _tzset_unlocked
 .text._tzset_unlocked_r
                0x000000000201a7bc      0x360 c:/devkitpro/devkitarm/bin/../lib/gcc/arm-none-eabi/9.1.0/../../../../arm-none-eabi/lib/thumb\libg.a(lib_a-tzset_r.o)
                0x000000000201a7bc                _tzset_unlocked_r
 .text.__submore
                0x000000000201ab1c       0x88 c:/devkitpro/devkitarm/bin/../lib/gcc/arm-none-eabi/9.1.0/../../../../arm-none-eabi/lib/thumb\libg.a(lib_a-ungetc.o)
                0x000000000201ab1c                __submore
 .text.get_arg  0x000000000201aba4      0x3d8 c:/devkitpro/devkitarm/bin/../lib/gcc/arm-none-eabi/9.1.0/../../../../arm-none-eabi/lib/thumb\libg.a(lib_a-vfiprintf.o)
 .text.__sprint_r
                0x000000000201af7c       0x20 c:/devkitpro/devkitarm/bin/../lib/gcc/arm-none-eabi/9.1.0/../../../../arm-none-eabi/lib/thumb\libg.a(lib_a-vfiprintf.o)
                0x000000000201af7c                __sprint_r
 .text._vfiprintf_r
                0x000000000201af9c     0x1804 c:/devkitpro/devkitarm/bin/../lib/gcc/arm-none-eabi/9.1.0/../../../../arm-none-eabi/lib/thumb\libg.a(lib_a-vfiprintf.o)
                0x000000000201af9c                _vfiprintf_r
 .text.__sbprintf
                0x000000000201c7a0       0x8c c:/devkitpro/devkitarm/bin/../lib/gcc/arm-none-eabi/9.1.0/../../../../arm-none-eabi/lib/thumb\libg.a(lib_a-vfiprintf.o)
 .text._wcrtomb_r
                0x000000000201c82c       0x5c c:/devkitpro/devkitarm/bin/../lib/gcc/arm-none-eabi/9.1.0/../../../../arm-none-eabi/lib/thumb\libg.a(lib_a-wcrtomb.o)
                0x000000000201c82c                _wcrtomb_r
 .text.wcrtomb  0x000000000201c888       0x74 c:/devkitpro/devkitarm/bin/../lib/gcc/arm-none-eabi/9.1.0/../../../../arm-none-eabi/lib/thumb\libg.a(lib_a-wcrtomb.o)
                0x000000000201c888                wcrtomb
 .text._wcsrtombs_r
                0x000000000201c8fc       0x1c c:/devkitpro/devkitarm/bin/../lib/gcc/arm-none-eabi/9.1.0/../../../../arm-none-eabi/lib/thumb\libg.a(lib_a-wcsrtombs.o)
                0x000000000201c8fc                _wcsrtombs_r
 .text.wctob    0x000000000201c918       0x48 c:/devkitpro/devkitarm/bin/../lib/gcc/arm-none-eabi/9.1.0/../../../../arm-none-eabi/lib/thumb\libg.a(lib_a-wctob.o)
                0x000000000201c918                wctob
 .text.__utf8_wctomb
                0x000000000201c960       0xb4 c:/devkitpro/devkitarm/bin/../lib/gcc/arm-none-eabi/9.1.0/../../../../arm-none-eabi/lib/thumb\libg.a(lib_a-wctomb_r.o)
                0x000000000201c960                __utf8_wctomb
 .text.__swsetup_r
                0x000000000201ca14       0xd8 c:/devkitpro/devkitarm/bin/../lib/gcc/arm-none-eabi/9.1.0/../../../../arm-none-eabi/lib/thumb\libg.a(lib_a-wsetup.o)
                0x000000000201ca14                __swsetup_r
 .text.div      0x000000000201caec       0x34 c:/devkitpro/devkitarm/bin/../lib/gcc/arm-none-eabi/9.1.0/../../../../arm-none-eabi/lib/thumb\libg.a(lib_a-div.o)
                0x000000000201caec                div
 .text.quorem   0x000000000201cb20      0x14c c:/devkitpro/devkitarm/bin/../lib/gcc/arm-none-eabi/9.1.0/../../../../arm-none-eabi/lib/thumb\libg.a(lib_a-dtoa.o)
 .text._dtoa_r  0x000000000201cc6c      0xf70 c:/devkitpro/devkitarm/bin/../lib/gcc/arm-none-eabi/9.1.0/../../../../arm-none-eabi/lib/thumb\libg.a(lib_a-dtoa.o)
                0x000000000201cc6c                _dtoa_r
 .text.__sflags
                0x000000000201dbdc       0xa4 c:/devkitpro/devkitarm/bin/../lib/gcc/arm-none-eabi/9.1.0/../../../../arm-none-eabi/lib/thumb\libg.a(lib_a-flags.o)
                0x000000000201dbdc                __sflags
 .text.__sfvwrite_r
                0x000000000201dc80      0x348 c:/devkitpro/devkitarm/bin/../lib/gcc/arm-none-eabi/9.1.0/../../../../arm-none-eabi/lib/thumb\libg.a(lib_a-fvwrite.o)
                0x000000000201dc80                __sfvwrite_r
 .text._findenv_r
                0x000000000201dfc8       0x94 c:/devkitpro/devkitarm/bin/../lib/gcc/arm-none-eabi/9.1.0/../../../../arm-none-eabi/lib/thumb\libg.a(lib_a-getenv_r.o)
                0x000000000201dfc8                _findenv_r
 .text._getenv_r
                0x000000000201e05c       0x10 c:/devkitpro/devkitarm/bin/../lib/gcc/arm-none-eabi/9.1.0/../../../../arm-none-eabi/lib/thumb\libg.a(lib_a-getenv_r.o)
                0x000000000201e05c                _getenv_r
 .text.__gettzinfo
                0x000000000201e06c        0x8 c:/devkitpro/devkitarm/bin/../lib/gcc/arm-none-eabi/9.1.0/../../../../arm-none-eabi/lib/thumb\libg.a(lib_a-gettzinfo.o)
                0x000000000201e06c                __gettzinfo
 .text.gmtime_r
                0x000000000201e074      0x1d8 c:/devkitpro/devkitarm/bin/../lib/gcc/arm-none-eabi/9.1.0/../../../../arm-none-eabi/lib/thumb\libg.a(lib_a-gmtime_r.o)
                0x000000000201e074                gmtime_r
 .text.iswspace
                0x000000000201e24c       0x10 c:/devkitpro/devkitarm/bin/../lib/gcc/arm-none-eabi/9.1.0/../../../../arm-none-eabi/lib/thumb\libg.a(lib_a-iswspace.o)
                0x000000000201e24c                iswspace
 .text._localeconv_r
                0x000000000201e25c        0x8 c:/devkitpro/devkitarm/bin/../lib/gcc/arm-none-eabi/9.1.0/../../../../arm-none-eabi/lib/thumb\libg.a(lib_a-localeconv.o)
                0x000000000201e25c                _localeconv_r
 .text._mbsnrtowcs_r
                0x000000000201e264       0xc0 c:/devkitpro/devkitarm/bin/../lib/gcc/arm-none-eabi/9.1.0/../../../../arm-none-eabi/lib/thumb\libg.a(lib_a-mbsnrtowcs.o)
                0x000000000201e264                _mbsnrtowcs_r
 .text.memchr   0x000000000201e324       0x78 c:/devkitpro/devkitarm/bin/../lib/gcc/arm-none-eabi/9.1.0/../../../../arm-none-eabi/lib/thumb\libg.a(lib_a-memchr-stub.o)
                0x000000000201e324                memchr
 .text._Balloc  0x000000000201e39c       0x54 c:/devkitpro/devkitarm/bin/../lib/gcc/arm-none-eabi/9.1.0/../../../../arm-none-eabi/lib/thumb\libg.a(lib_a-mprec.o)
                0x000000000201e39c                _Balloc
 .text._Bfree   0x000000000201e3f0       0x14 c:/devkitpro/devkitarm/bin/../lib/gcc/arm-none-eabi/9.1.0/../../../../arm-none-eabi/lib/thumb\libg.a(lib_a-mprec.o)
                0x000000000201e3f0                _Bfree
 .text.__multadd
                0x000000000201e404       0x88 c:/devkitpro/devkitarm/bin/../lib/gcc/arm-none-eabi/9.1.0/../../../../arm-none-eabi/lib/thumb\libg.a(lib_a-mprec.o)
                0x000000000201e404                __multadd
 .text.__hi0bits
                0x000000000201e48c       0x38 c:/devkitpro/devkitarm/bin/../lib/gcc/arm-none-eabi/9.1.0/../../../../arm-none-eabi/lib/thumb\libg.a(lib_a-mprec.o)
                0x000000000201e48c                __hi0bits
 .text.__lo0bits
                0x000000000201e4c4       0x5c c:/devkitpro/devkitarm/bin/../lib/gcc/arm-none-eabi/9.1.0/../../../../arm-none-eabi/lib/thumb\libg.a(lib_a-mprec.o)
                0x000000000201e4c4                __lo0bits
 .text.__i2b    0x000000000201e520       0x18 c:/devkitpro/devkitarm/bin/../lib/gcc/arm-none-eabi/9.1.0/../../../../arm-none-eabi/lib/thumb\libg.a(lib_a-mprec.o)
                0x000000000201e520                __i2b
 .text.__multiply
                0x000000000201e538      0x194 c:/devkitpro/devkitarm/bin/../lib/gcc/arm-none-eabi/9.1.0/../../../../arm-none-eabi/lib/thumb\libg.a(lib_a-mprec.o)
                0x000000000201e538                __multiply
 .text.__pow5mult
                0x000000000201e6cc       0xc4 c:/devkitpro/devkitarm/bin/../lib/gcc/arm-none-eabi/9.1.0/../../../../arm-none-eabi/lib/thumb\libg.a(lib_a-mprec.o)
                0x000000000201e6cc                __pow5mult
 .text.__lshift
                0x000000000201e790       0xf0 c:/devkitpro/devkitarm/bin/../lib/gcc/arm-none-eabi/9.1.0/../../../../arm-none-eabi/lib/thumb\libg.a(lib_a-mprec.o)
                0x000000000201e790                __lshift
 .text.__mcmp   0x000000000201e880       0x3c c:/devkitpro/devkitarm/bin/../lib/gcc/arm-none-eabi/9.1.0/../../../../arm-none-eabi/lib/thumb\libg.a(lib_a-mprec.o)
                0x000000000201e880                __mcmp
 .text.__mdiff  0x000000000201e8bc      0x148 c:/devkitpro/devkitarm/bin/../lib/gcc/arm-none-eabi/9.1.0/../../../../arm-none-eabi/lib/thumb\libg.a(lib_a-mprec.o)
                0x000000000201e8bc                __mdiff
 .text.__d2b    0x000000000201ea04       0xc0 c:/devkitpro/devkitarm/bin/../lib/gcc/arm-none-eabi/9.1.0/../../../../arm-none-eabi/lib/thumb\libg.a(lib_a-mprec.o)
                0x000000000201ea04                __d2b
 .text.__sccl   0x000000000201eac4       0x90 c:/devkitpro/devkitarm/bin/../lib/gcc/arm-none-eabi/9.1.0/../../../../arm-none-eabi/lib/thumb\libg.a(lib_a-sccl.o)
                0x000000000201eac4                __sccl
 .text.frexp    0x000000000201eb54       0x68 c:/devkitpro/devkitarm/bin/../lib/gcc/arm-none-eabi/9.1.0/../../../../arm-none-eabi/lib/thumb\libg.a(lib_a-s_frexp.o)
                0x000000000201eb54                frexp
 .text._strtoll_l.isra.0
                0x000000000201ebbc      0x1ac c:/devkitpro/devkitarm/bin/../lib/gcc/arm-none-eabi/9.1.0/../../../../arm-none-eabi/lib/thumb\libg.a(lib_a-strtoll.o)
 .text._strtoll_r
                0x000000000201ed68        0xc c:/devkitpro/devkitarm/bin/../lib/gcc/arm-none-eabi/9.1.0/../../../../arm-none-eabi/lib/thumb\libg.a(lib_a-strtoll.o)
                0x000000000201ed68                _strtoll_r
 .text._strtoull_l.isra.0
                0x000000000201ed74      0x1c8 c:/devkitpro/devkitarm/bin/../lib/gcc/arm-none-eabi/9.1.0/../../../../arm-none-eabi/lib/thumb\libg.a(lib_a-strtoull.o)
 .text._strtoull_r
                0x000000000201ef3c        0xc c:/devkitpro/devkitarm/bin/../lib/gcc/arm-none-eabi/9.1.0/../../../../arm-none-eabi/lib/thumb\libg.a(lib_a-strtoull.o)
                0x000000000201ef3c                _strtoull_r
 .text._strtoul_l.isra.0
                0x000000000201ef48      0x148 c:/devkitpro/devkitarm/bin/../lib/gcc/arm-none-eabi/9.1.0/../../../../arm-none-eabi/lib/thumb\libg.a(lib_a-strtoul.o)
 .text._strtoul_r
                0x000000000201f090        0xc c:/devkitpro/devkitarm/bin/../lib/gcc/arm-none-eabi/9.1.0/../../../../arm-none-eabi/lib/thumb\libg.a(lib_a-strtoul.o)
                0x000000000201f090                _strtoul_r
 .text.strtoul  0x000000000201f09c       0x1c c:/devkitpro/devkitarm/bin/../lib/gcc/arm-none-eabi/9.1.0/../../../../arm-none-eabi/lib/thumb\libg.a(lib_a-strtoul.o)
                0x000000000201f09c                strtoul
 .text.__ssprint_r
                0x000000000201f0b8      0x124 c:/devkitpro/devkitarm/bin/../lib/gcc/arm-none-eabi/9.1.0/../../../../arm-none-eabi/lib/thumb\libg.a(lib_a-svfiprintf.o)
                0x000000000201f0b8                __ssprint_r
 .text.towctrans
                0x000000000201f1dc       0x28 c:/devkitpro/devkitarm/bin/../lib/gcc/arm-none-eabi/9.1.0/../../../../arm-none-eabi/lib/thumb\libg.a(lib_a-towctrans.o)
                0x000000000201f1dc                towctrans
 .text._wcsnrtombs_l
                0x000000000201f204      0x138 c:/devkitpro/devkitarm/bin/../lib/gcc/arm-none-eabi/9.1.0/../../../../arm-none-eabi/lib/thumb\libg.a(lib_a-wcsnrtombs.o)
                0x000000000201f204                _wcsnrtombs_l
 .text._wcsnrtombs_r
                0x000000000201f33c       0x30 c:/devkitpro/devkitarm/bin/../lib/gcc/arm-none-eabi/9.1.0/../../../../arm-none-eabi/lib/thumb\libg.a(lib_a-wcsnrtombs.o)
                0x000000000201f33c                _wcsnrtombs_r
 .text.__env_lock
                0x000000000201f36c       0x14 c:/devkitpro/devkitarm/bin/../lib/gcc/arm-none-eabi/9.1.0/../../../../arm-none-eabi/lib/thumb\libg.a(lib_a-envlock.o)
                0x000000000201f36c                __env_lock
 .text.__env_unlock
                0x000000000201f380       0x14 c:/devkitpro/devkitarm/bin/../lib/gcc/arm-none-eabi/9.1.0/../../../../arm-none-eabi/lib/thumb\libg.a(lib_a-envlock.o)
                0x000000000201f380                __env_unlock
 .text.iswspace_l
                0x000000000201f394       0x2c c:/devkitpro/devkitarm/bin/../lib/gcc/arm-none-eabi/9.1.0/../../../../arm-none-eabi/lib/thumb\libg.a(lib_a-iswspace_l.o)
                0x000000000201f394                iswspace_l
 .text.__jp2uc  0x000000000201f3c0      0x164 c:/devkitpro/devkitarm/bin/../lib/gcc/arm-none-eabi/9.1.0/../../../../arm-none-eabi/lib/thumb\libg.a(lib_a-jp2uc.o)
 .text._jp2uc_l
                0x000000000201f524       0x6c c:/devkitpro/devkitarm/bin/../lib/gcc/arm-none-eabi/9.1.0/../../../../arm-none-eabi/lib/thumb\libg.a(lib_a-jp2uc.o)
                0x000000000201f524                _jp2uc_l
 .text._uc2jp_l
                0x000000000201f590       0x4c c:/devkitpro/devkitarm/bin/../lib/gcc/arm-none-eabi/9.1.0/../../../../arm-none-eabi/lib/thumb\libg.a(lib_a-jp2uc.o)
                0x000000000201f590                _uc2jp_l
 .text.bisearch.part.0.constprop.0
                0x000000000201f5dc       0x5c c:/devkitpro/devkitarm/bin/../lib/gcc/arm-none-eabi/9.1.0/../../../../arm-none-eabi/lib/thumb\libg.a(lib_a-towctrans_l.o)
 .text.towctrans_l
                0x000000000201f638      0x140 c:/devkitpro/devkitarm/bin/../lib/gcc/arm-none-eabi/9.1.0/../../../../arm-none-eabi/lib/thumb\libg.a(lib_a-towctrans_l.o)
                0x000000000201f638                towctrans_l
 .text.category
                0x000000000201f778       0x58 c:/devkitpro/devkitarm/bin/../lib/gcc/arm-none-eabi/9.1.0/../../../../arm-none-eabi/lib/thumb\libg.a(lib_a-categories.o)
                0x000000000201f778                category
 .text.null_write
                0x000000000201f7d0        0x4 c:/devkitpro/devkitarm/bin/../lib/gcc/arm-none-eabi/9.1.0/../../../../arm-none-eabi/lib/thumb\libsysbase.a(iosupport.o)
 .text.setDefaultDevice
                0x000000000201f7d4       0x10 c:/devkitpro/devkitarm/bin/../lib/gcc/arm-none-eabi/9.1.0/../../../../arm-none-eabi/lib/thumb\libsysbase.a(iosupport.o)
                0x000000000201f7d4                setDefaultDevice
 .text.FindDevice
                0x000000000201f7e4       0x98 c:/devkitpro/devkitarm/bin/../lib/gcc/arm-none-eabi/9.1.0/../../../../arm-none-eabi/lib/thumb\libsysbase.a(iosupport.o)
                0x000000000201f7e4                FindDevice
 .text.AddDevice
                0x000000000201f87c       0x78 c:/devkitpro/devkitarm/bin/../lib/gcc/arm-none-eabi/9.1.0/../../../../arm-none-eabi/lib/thumb\libsysbase.a(iosupport.o)
                0x000000000201f87c                AddDevice
 .text.GetDeviceOpTab
                0x000000000201f8f4       0x20 c:/devkitpro/devkitarm/bin/../lib/gcc/arm-none-eabi/9.1.0/../../../../arm-none-eabi/lib/thumb\libsysbase.a(iosupport.o)
                0x000000000201f8f4                GetDeviceOpTab
 .text._fstat_r
                0x000000000201f914       0x4c c:/devkitpro/devkitarm/bin/../lib/gcc/arm-none-eabi/9.1.0/../../../../arm-none-eabi/lib/thumb\libsysbase.a(fstat.o)
                0x000000000201f914                _fstat_r
 .text._gettimeofday_r
                0x000000000201f960       0x28 c:/devkitpro/devkitarm/bin/../lib/gcc/arm-none-eabi/9.1.0/../../../../arm-none-eabi/lib/thumb\libsysbase.a(gettod.o)
                0x000000000201f960                _gettimeofday_r
 .text._isatty_r
                0x000000000201f988        0x4 c:/devkitpro/devkitarm/bin/../lib/gcc/arm-none-eabi/9.1.0/../../../../arm-none-eabi/lib/thumb\libsysbase.a(isatty.o)
                0x000000000201f988                _isatty_r
 .text._lseek_r
                0x000000000201f98c       0x5c c:/devkitpro/devkitarm/bin/../lib/gcc/arm-none-eabi/9.1.0/../../../../arm-none-eabi/lib/thumb\libsysbase.a(lseek.o)
                0x000000000201f98c                _lseek_r
 .text._open_r  0x000000000201f9e8       0x9c c:/devkitpro/devkitarm/bin/../lib/gcc/arm-none-eabi/9.1.0/../../../../arm-none-eabi/lib/thumb\libsysbase.a(open.o)
                0x000000000201f9e8                _open_r
 .text._read_r  0x000000000201fa84       0x50 c:/devkitpro/devkitarm/bin/../lib/gcc/arm-none-eabi/9.1.0/../../../../arm-none-eabi/lib/thumb\libsysbase.a(read.o)
                0x000000000201fa84                _read_r
 .text._sbrk_r  0x000000000201fad4       0x54 c:/devkitpro/devkitarm/bin/../lib/gcc/arm-none-eabi/9.1.0/../../../../arm-none-eabi/lib/thumb\libsysbase.a(sbrk.o)
                0x000000000201fad4                _sbrk_r
 .text._write_r
                0x000000000201fb28       0x50 c:/devkitpro/devkitarm/bin/../lib/gcc/arm-none-eabi/9.1.0/../../../../arm-none-eabi/lib/thumb\libsysbase.a(write.o)
                0x000000000201fb28                _write_r
 .text._concatenate_path
                0x000000000201fb78      0x128 c:/devkitpro/devkitarm/bin/../lib/gcc/arm-none-eabi/9.1.0/../../../../arm-none-eabi/lib/thumb\libsysbase.a(chdir.o)
                0x000000000201fb78                _concatenate_path
 .text.chdir    0x000000000201fca0       0xf8 c:/devkitpro/devkitarm/bin/../lib/gcc/arm-none-eabi/9.1.0/../../../../arm-none-eabi/lib/thumb\libsysbase.a(chdir.o)
                0x000000000201fca0                chdir
 .text.getcwd   0x000000000201fd98       0x60 c:/devkitpro/devkitarm/bin/../lib/gcc/arm-none-eabi/9.1.0/../../../../arm-none-eabi/lib/thumb\libsysbase.a(chdir.o)
                0x000000000201fd98                getcwd
 .text.build_argv
                0x000000000201fdf8       0x4c c:/devkitpro/devkitarm/bin/../lib/gcc/arm-none-eabi/9.1.0/../../../../arm-none-eabi/lib/thumb\libsysbase.a(build_argv.o)
                0x000000000201fdf8                build_argv
 .text.__flockfile
                0x000000000201fe44       0x10 c:/devkitpro/devkitarm/bin/../lib/gcc/arm-none-eabi/9.1.0/../../../../arm-none-eabi/lib/thumb\libsysbase.a(flock.o)
                0x000000000201fe44                __flockfile
 .text.__funlockfile
                0x000000000201fe54       0x10 c:/devkitpro/devkitarm/bin/../lib/gcc/arm-none-eabi/9.1.0/../../../../arm-none-eabi/lib/thumb\libsysbase.a(flock.o)
                0x000000000201fe54                __funlockfile
 .text.__libc_lock_acquire
                0x000000000201fe64       0x1c c:/devkitpro/devkitarm/bin/../lib/gcc/arm-none-eabi/9.1.0/../../../../arm-none-eabi/lib/thumb\libsysbase.a(syscall_support.o)
                0x000000000201fe64                __libc_lock_acquire
 .text.__libc_lock_release
                0x000000000201fe80       0x1c c:/devkitpro/devkitarm/bin/../lib/gcc/arm-none-eabi/9.1.0/../../../../arm-none-eabi/lib/thumb\libsysbase.a(syscall_support.o)
                0x000000000201fe80                __libc_lock_release
 .text.__libc_lock_init_recursive
                0x000000000201fe9c       0x1c c:/devkitpro/devkitarm/bin/../lib/gcc/arm-none-eabi/9.1.0/../../../../arm-none-eabi/lib/thumb\libsysbase.a(syscall_support.o)
                0x000000000201fe9c                __libc_lock_init_recursive
 .text.__libc_lock_acquire_recursive
                0x000000000201feb8       0x1c c:/devkitpro/devkitarm/bin/../lib/gcc/arm-none-eabi/9.1.0/../../../../arm-none-eabi/lib/thumb\libsysbase.a(syscall_support.o)
                0x000000000201feb8                __libc_lock_acquire_recursive
 .text.__libc_lock_release_recursive
                0x000000000201fed4       0x1c c:/devkitpro/devkitarm/bin/../lib/gcc/arm-none-eabi/9.1.0/../../../../arm-none-eabi/lib/thumb\libsysbase.a(syscall_support.o)
                0x000000000201fed4                __libc_lock_release_recursive
 .text.__libc_lock_close_recursive
                0x000000000201fef0       0x1c c:/devkitpro/devkitarm/bin/../lib/gcc/arm-none-eabi/9.1.0/../../../../arm-none-eabi/lib/thumb\libsysbase.a(syscall_support.o)
                0x000000000201fef0                __libc_lock_close_recursive
 .text.__release_handle
                0x000000000201ff0c       0x68 c:/devkitpro/devkitarm/bin/../lib/gcc/arm-none-eabi/9.1.0/../../../../arm-none-eabi/lib/thumb\libsysbase.a(handle_manager.o)
                0x000000000201ff0c                __release_handle
 .text.__alloc_handle
                0x000000000201ff74       0x80 c:/devkitpro/devkitarm/bin/../lib/gcc/arm-none-eabi/9.1.0/../../../../arm-none-eabi/lib/thumb\libsysbase.a(handle_manager.o)
                0x000000000201ff74                __alloc_handle
 .text.__get_handle
                0x000000000201fff4       0x34 c:/devkitpro/devkitarm/bin/../lib/gcc/arm-none-eabi/9.1.0/../../../../arm-none-eabi/lib/thumb\libsysbase.a(handle_manager.o)
                0x000000000201fff4                __get_handle
 .text._close_r
                0x0000000002020028       0xb8 c:/devkitpro/devkitarm/bin/../lib/gcc/arm-none-eabi/9.1.0/../../../../arm-none-eabi/lib/thumb\libsysbase.a(handle_manager.o)
                0x0000000002020028                _close_r
 .text.__getreent
                0x00000000020200e0       0x28 c:/devkitpro/devkitarm/bin/../lib/gcc/arm-none-eabi/9.1.0/../../../../arm-none-eabi/lib/thumb\libsysbase.a(getreent.o)
                0x00000000020200e0                __getreent
 .text.__errno  0x0000000002020108        0xc c:/devkitpro/devkitarm/bin/../lib/gcc/arm-none-eabi/9.1.0/../../../../arm-none-eabi/lib/thumb\libg.a(lib_a-errno.o)
                0x0000000002020108                __errno
 *fill*         0x0000000002020114        0x4 ff
 .text.__errno.__stub
                0x0000000002020118      0x110 linker stubs
 *(EXCLUDE_FILE(*.twl*) .gnu.warning)
 *(EXCLUDE_FILE(*.twl*) .gnu.linkonce.t*)
 *(.glue_7)
 .glue_7        0x0000000002020238        0x0 linker stubs
 *(.glue_7t)
 .glue_7t       0x0000000002020238        0x0 linker stubs
                0x0000000002020238                . = ALIGN (0x4)

.vfp11_veneer   0x0000000002020238        0x0
 .vfp11_veneer  0x0000000002020238        0x0 linker stubs

.v4_bx          0x0000000002020238        0x0
 .v4_bx         0x0000000002020238        0x0 linker stubs

.iplt           0x0000000002020238        0x0
 .iplt          0x0000000002020238        0x0 c:/devkitpro/devkitarm/bin/../lib/gcc/arm-none-eabi/9.1.0/../../../../arm-none-eabi/lib/thumb/ds_arm9_crt0.o

.fini           0x0000000002020238        0xc
 *(.fini)
 .fini          0x0000000002020238        0x4 c:/devkitpro/devkitarm/bin/../lib/gcc/arm-none-eabi/9.1.0/thumb/crti.o
                0x0000000002020238                _fini
 .fini          0x000000000202023c        0x8 c:/devkitpro/devkitarm/bin/../lib/gcc/arm-none-eabi/9.1.0/thumb/crtn.o
                0x0000000002020244                __text_end = .

.rodata         0x0000000002020248     0x9944
 *(EXCLUDE_FILE(*.twl*) .rodata)
 .rodata        0x0000000002020248       0x40 main.o
 .rodata        0x0000000002020288       0x50 C:/devkitPro/Projects/Kaboom!DS/nflib/lib\libnflib.a(nf_basic.o)
 .rodata        0x00000000020202d8     0x2004 C:/devkitPro/libnds/lib\libnds9.a(default_font.bin.o)
                0x00000000020202d8                default_font_bin
                0x00000000020222d8                default_font_bin_size
                0x00000000020222d8                default_font_bin_end
 *all.rodata*(*)
 *(EXCLUDE_FILE(*.twl*) .roda)
 *(EXCLUDE_FILE(*.twl*) .rodata.*)
 .rodata.str1.4
                0x00000000020222dc        0x9 main.o
 *fill*         0x00000000020222e5        0x3 ff
 .rodata.str1.4
                0x00000000020222e8      0x1d8 setup.o
 .rodata.str1.4
                0x00000000020224c0       0x27 C:/devkitPro/Projects/Kaboom!DS/nflib/lib\libnflib.a(nf_2d.o)
                                         0x28 (size before relaxing)
 *fill*         0x00000000020224e7        0x1 ff
 .rodata.str1.4
                0x00000000020224e8      0x613 C:/devkitPro/Projects/Kaboom!DS/nflib/lib\libnflib.a(nf_basic.o)
                                        0x628 (size before relaxing)
 *fill*         0x0000000002022afb        0x1 ff
 .rodata.str1.4
                0x0000000002022afc       0x26 C:/devkitPro/Projects/Kaboom!DS/nflib/lib\libnflib.a(nf_sound.o)
                                         0x28 (size before relaxing)
 *fill*         0x0000000002022b22        0x2 ff
 .rodata.str1.4
                0x0000000002022b24       0x6c C:/devkitPro/Projects/Kaboom!DS/nflib/lib\libnflib.a(nf_sprite256.o)
                                         0x7c (size before relaxing)
 .rodata.str1.4
                0x0000000002022b90       0x15 C:/devkitPro/Projects/Kaboom!DS/nflib/lib\libnflib.a(nf_text.o)
                                         0x28 (size before relaxing)
 .rodata.str1.4
                0x0000000002022ba5       0x28 C:/devkitPro/Projects/Kaboom!DS/nflib/lib\libnflib.a(nf_text16.o)
 *fill*         0x0000000002022ba5        0x3 ff
 .rodata.str1.4
                0x0000000002022ba8       0x40 C:/devkitPro/Projects/Kaboom!DS/nflib/lib\libnflib.a(nf_tiledbg.o)
                                         0x6c (size before relaxing)
 .rodata.nitroFSInit.str1.4
                0x0000000002022be8        0x7 C:/devkitPro/libnds/lib\libfilesystem.a(nitrofs.o)
                                         0x10 (size before relaxing)
 *fill*         0x0000000002022bef        0x1 ff
 .rodata.str1.4
                0x0000000002022bf0        0xe C:/devkitPro/libnds/lib\libfilesystem.a(nitrofs.o)
 *fill*         0x0000000002022bfe        0x2 ff
 .rodata.dotab_fat
                0x0000000002022c00       0x70 C:/devkitPro/libnds/lib\libfat.a(libfat.o)
 .rodata.fatInit.str1.4
                0x0000000002022c70        0x3 C:/devkitPro/libnds/lib\libfat.a(libfat.o)
 *fill*         0x0000000002022c73        0x1 ff
 .rodata.fatMount.str1.4
                0x0000000002022c74        0x2 C:/devkitPro/libnds/lib\libfat.a(libfat.o)
 .rodata.str1.4
                0x0000000002022c76        0x4 C:/devkitPro/libnds/lib\libfat.a(libfat.o)
 *fill*         0x0000000002022c76        0x2 ff
 .rodata._FAT_disc_interfaces
                0x0000000002022c78       0x18 C:/devkitPro/libnds/lib\libfat.a(disc.o)
                0x0000000002022c78                _FAT_disc_interfaces
 .rodata.str1.4
                0x0000000002022c90        0x8 C:/devkitPro/libnds/lib\libfat.a(disc.o)
 .rodata.ILLEGAL_ALIAS_CHARACTERS
                0x0000000002022c90       0x12 C:/devkitPro/libnds/lib\libfat.a(directory.o)
 *fill*         0x0000000002022ca2        0x2 ff
 .rodata.ILLEGAL_LFN_CHARACTERS
                0x0000000002022ca4        0xa C:/devkitPro/libnds/lib\libfat.a(directory.o)
 *fill*         0x0000000002022cae        0x2 ff
 .rodata.LFN_offset_table
                0x0000000002022cb0       0x34 C:/devkitPro/libnds/lib\libfat.a(directory.o)
 .rodata._FAT_directory_entryFromPath.str1.4
                0x0000000002022ce4        0x7 C:/devkitPro/libnds/lib\libfat.a(directory.o)
 .rodata.FAT_SIG
                0x0000000002022ce4        0x3 C:/devkitPro/libnds/lib\libfat.a(partition.o)
 *fill*         0x0000000002022ce7        0x1 ff
 .rodata.FS_INFO_SIG1
                0x0000000002022ce8        0x4 C:/devkitPro/libnds/lib\libfat.a(partition.o)
 .rodata.FS_INFO_SIG2
                0x0000000002022cec        0x4 C:/devkitPro/libnds/lib\libfat.a(partition.o)
 .rodata.FS_TWL_SIG
                0x0000000002022cf0        0x8 C:/devkitPro/libnds/lib\libfat.a(partition.o)
 .rodata.con_write
                0x0000000002022cf8       0xd4 C:/devkitPro/libnds/lib\libnds9.a(console.o)
 .rodata.con_write.str1.4
                0x0000000002022dcc       0x30 C:/devkitPro/libnds/lib\libnds9.a(console.o)
 .rodata.consoleClear.str1.4