Archive member included to satisfy reference by file (symbol)

C:/devkitPro/libnds/lib\libnds9.a(video.o)
                              main.o (setBrightness)
C:/devkitPro/libnds/lib\libnds9.a(console.o)
                              main.o (consoleDemoInit)
C:/devkitPro/libnds/lib\libnds9.a(initSystem.o)
                              c:/devkitpro/devkitarm/bin/../lib/gcc/arm-none-eabi/9.1.0/../../../../arm-none-eabi/lib/thumb/ds_arm9_crt0.o (initSystem)
C:/devkitPro/libnds/lib\libnds9.a(timeSupport.o)
                              C:/devkitPro/libnds/lib\libnds9.a(initSystem.o) (__libnds_gtod)
C:/devkitPro/libnds/lib\libnds9.a(securearea.o)
                              c:/devkitpro/devkitarm/bin/../lib/gcc/arm-none-eabi/9.1.0/../../../../arm-none-eabi/lib/thumb/ds_arm9_crt0.o (__secure_area__)
C:/devkitPro/libnds/lib\libnds9.a(interrupts.o)
                              C:/devkitPro/libnds/lib\libnds9.a(initSystem.o) (irqInit)
C:/devkitPro/libnds/lib\libnds9.a(libnds_exit.arm.o)
                              c:/devkitpro/devkitarm/bin/../lib/gcc/arm-none-eabi/9.1.0/../../../../arm-none-eabi/lib/thumb/ds_arm9_crt0.o (__libnds_exit)
C:/devkitPro/libnds/lib\libnds9.a(fifosystem.o)
                              C:/devkitPro/libnds/lib\libnds9.a(initSystem.o) (fifoSetValue32Handler)
C:/devkitPro/libnds/lib\libnds9.a(mpu_setup.o)
                              c:/devkitpro/devkitarm/bin/../lib/gcc/arm-none-eabi/9.1.0/../../../../arm-none-eabi/lib/thumb/ds_arm9_crt0.o (__libnds_mpu_setup)
C:/devkitPro/libnds/lib\libnds9.a(IntrWait.o)
                              main.o (swiWaitForVBlank)
C:/devkitPro/libnds/lib\libnds9.a(cpu_clock.o)
                              C:/devkitPro/libnds/lib\libnds9.a(initSystem.o) (setCpuClock)
C:/devkitPro/libnds/lib\libnds9.a(interruptDispatcher.o)
                              C:/devkitPro/libnds/lib\libnds9.a(interrupts.o) (IntrMain)
C:/devkitPro/libnds/lib\libnds9.a(debugprint.o)
                              C:/devkitPro/libnds/lib\libnds9.a(console.o) (nocashWrite)
C:/devkitPro/libnds/lib\libnds9.a(swiSoftReset.o)
                              C:/devkitPro/libnds/lib\libnds9.a(fifosystem.o) (swiSoftReset)
C:/devkitPro/libnds/lib\libnds9.a(default_font.bin.o)
                              C:/devkitPro/libnds/lib\libnds9.a(console.o) (default_font_bin)
C:/devkitPro/libnds/lib\libnds9.a(background.o)
                              C:/devkitPro/libnds/lib\libnds9.a(console.o) (bgState)
C:/devkitPro/libnds/lib\libnds9.a(system.o)
                              C:/devkitPro/libnds/lib\libnds9.a(initSystem.o) (systemValueHandler)
C:/devkitPro/libnds/lib\libnds9.a(trig.o)
                              C:/devkitPro/libnds/lib\libnds9.a(background.o) (sinLerp)
C:/devkitPro/libnds/lib\libnds9.a(biosCalls.o)
                              C:/devkitPro/libnds/lib\libnds9.a(system.o) (swiDelay)
c:/devkitpro/devkitarm/bin/../lib/gcc/arm-none-eabi/9.1.0/thumb\libgcc.a(_divsi3.o)
                              C:/devkitPro/libnds/lib\libnds9.a(console.o) (__aeabi_idivmod)
c:/devkitpro/devkitarm/bin/../lib/gcc/arm-none-eabi/9.1.0/thumb\libgcc.a(_dvmd_tls.o)
                              c:/devkitpro/devkitarm/bin/../lib/gcc/arm-none-eabi/9.1.0/thumb\libgcc.a(_divsi3.o) (__aeabi_idiv0)
c:/devkitpro/devkitarm/bin/../lib/gcc/arm-none-eabi/9.1.0/../../../../arm-none-eabi/lib/thumb\libg.a(lib_a-bsearch.o)
                              C:/devkitPro/libnds/lib\libnds9.a(trig.o) (bsearch)
c:/devkitpro/devkitarm/bin/../lib/gcc/arm-none-eabi/9.1.0/../../../../arm-none-eabi/lib/thumb\libg.a(lib_a-init.o)
                              c:/devkitpro/devkitarm/bin/../lib/gcc/arm-none-eabi/9.1.0/../../../../arm-none-eabi/lib/thumb/ds_arm9_crt0.o (__libc_init_array)
c:/devkitpro/devkitarm/bin/../lib/gcc/arm-none-eabi/9.1.0/../../../../arm-none-eabi/lib/thumb\libg.a(lib_a-iprintf.o)
                              main.o (iprintf)
c:/devkitpro/devkitarm/bin/../lib/gcc/arm-none-eabi/9.1.0/../../../../arm-none-eabi/lib/thumb\libg.a(lib_a-memcpy-stub.o)
                              C:/devkitPro/libnds/lib\libnds9.a(console.o) (memcpy)
c:/devkitpro/devkitarm/bin/../lib/gcc/arm-none-eabi/9.1.0/../../../../arm-none-eabi/lib/thumb\libg.a(lib_a-memset.o)
                              C:/devkitPro/libnds/lib\libnds9.a(background.o) (memset)
c:/devkitpro/devkitarm/bin/../lib/gcc/arm-none-eabi/9.1.0/../../../../arm-none-eabi/lib/thumb\libg.a(lib_a-setvbuf.o)
                              C:/devkitPro/libnds/lib\libnds9.a(console.o) (setvbuf)
c:/devkitpro/devkitarm/bin/../lib/gcc/arm-none-eabi/9.1.0/../../../../arm-none-eabi/lib/thumb\libg.a(lib_a-siscanf.o)
                              C:/devkitPro/libnds/lib\libnds9.a(console.o) (siscanf)
c:/devkitpro/devkitarm/bin/../lib/gcc/arm-none-eabi/9.1.0/../../../../arm-none-eabi/lib/thumb\libg.a(lib_a-stdio.o)
                              c:/devkitpro/devkitarm/bin/../lib/gcc/arm-none-eabi/9.1.0/../../../../arm-none-eabi/lib/thumb\libg.a(lib_a-siscanf.o) (__seofread)
[...]
Memory Configuration

Name             Origin             Length             Attributes
ewram            0x0000000002000000 0x0000000000380000
dtcm             0x000000000b000000 0x0000000000004000
vectors          0x0000000001000000 0x0000000000000100
itcm             0x0000000001000100 0x0000000000007f00
*default*        0x0000000000000000 0xffffffffffffffff

Linker script and memory map

                0x0000000002380000                __ewram_end = (ORIGIN (ewram) + LENGTH (ewram))
                0x0000000002380000                __eheap_end = (ORIGIN (ewram) + LENGTH (ewram))
                0x000000000b004000                __dtcm_top = (ORIGIN (dtcm) + LENGTH (dtcm))
                0x000000000b003ff8                __irq_flags = (__dtcm_top - 0x8)
                0x000000000b003ffc                __irq_vector = (__dtcm_top - 0x4)
                0x000000000b003f00                __sp_svc = (__dtcm_top - 0x100)
                0x000000000b003e00                __sp_irq = (__sp_svc - 0x100)
                0x000000000b003d00                __sp_usr = (__sp_irq - 0x100)

.secure         0x0000000002000000      0x800
 *(.secure)
 .secure        0x0000000002000000      0x800 C:/devkitPro/libnds/lib\libnds9.a(securearea.o)
                0x0000000002000000                __secure_area__

.crt0           0x0000000002000800      0x300
                0x0000000002000800                __text_start = .
 *(.crt0)
 .crt0          0x0000000002000800      0x300 c:/devkitpro/devkitarm/bin/../lib/gcc/arm-none-eabi/9.1.0/../../../../arm-none-eabi/lib/thumb/ds_arm9_crt0.o
                0x0000000002000800                _start
                0x0000000002000b00                . = ALIGN (0x4)

.plt
 *(.plt)

.init           0x0000000002000b00        0xc
 *(SORT_NONE(.init))
 .init          0x0000000002000b00        0x4 c:/devkitpro/devkitarm/bin/../lib/gcc/arm-none-eabi/9.1.0/thumb/crti.o
                0x0000000002000b00                _init
 .init          0x0000000002000b04        0x8 c:/devkitpro/devkitarm/bin/../lib/gcc/arm-none-eabi/9.1.0/thumb/crtn.o

.text           0x0000000002000b10     0x9038
 *(EXCLUDE_FILE(*.twl* *.vectors* *.itcm*) .text)
 .text          0x0000000002000b10      0x150 c:/devkitpro/devkitarm/bin/../lib/gcc/arm-none-eabi/9.1.0/thumb\libgcc.a(_divsi3.o)
                0x0000000002000b10                __divsi3
                0x0000000002000b10                __aeabi_idiv
                0x0000000002000c40                __aeabi_idivmod
 .text          0x0000000002000c60        0x4 c:/devkitpro/devkitarm/bin/../lib/gcc/arm-none-eabi/9.1.0/thumb\libgcc.a(_dvmd_tls.o)
                0x0000000002000c60                __aeabi_idiv0
                0x0000000002000c60                __aeabi_ldiv0
 .text          0x0000000002000c64      0x224 c:/devkitpro/devkitarm/bin/../lib/gcc/arm-none-eabi/9.1.0/../../../../arm-none-eabi/lib/thumb\libg.a(lib_a-strcmp.o)
                0x0000000002000c64                strcmp
 .text          0x0000000002000e88       0x14 c:/devkitpro/devkitarm/bin/../lib/gcc/arm-none-eabi/9.1.0/thumb\libgcc.a(_thumb1_case_uqi.o)
                0x0000000002000e88                __gnu_thumb1_case_uqi
 .text          0x0000000002000e9c       0x14 c:/devkitpro/devkitarm/bin/../lib/gcc/arm-none-eabi/9.1.0/thumb\libgcc.a(_thumb1_case_uhi.o)
                0x0000000002000e9c                __gnu_thumb1_case_uhi
 .text          0x0000000002000eb0      0x11c c:/devkitpro/devkitarm/bin/../lib/gcc/arm-none-eabi/9.1.0/thumb\libgcc.a(_udivsi3.o)
                0x0000000002000eb0                __aeabi_uidiv
                0x0000000002000eb0                __udivsi3
                0x0000000002000fac                __aeabi_uidivmod
 .text          0x0000000002000fcc       0x3c c:/devkitpro/devkitarm/bin/../lib/gcc/arm-none-eabi/9.1.0/thumb\libgcc.a(_aeabi_uldivmod.o)
                0x0000000002000fcc                __aeabi_uldivmod
 .text          0x0000000002001008       0x28 c:/devkitpro/devkitarm/bin/../lib/gcc/arm-none-eabi/9.1.0/thumb\libgcc.a(_clzdi2.o)
                0x0000000002001008                __clzdi2
 .text          0x0000000002001030       0x48 c:/devkitpro/devkitarm/bin/../lib/gcc/arm-none-eabi/9.1.0/thumb\libgcc.a(_clzsi2.o)
                0x0000000002001030                __clzsi2
 *(EXCLUDE_FILE(*.twl* *.vectors* *.itcm*) .stub)
 *(EXCLUDE_FILE(*.twl* *.vectors* *.itcm*) .text.*)
 .text.deregister_tm_clones
                0x0000000002001078       0x2c c:/devkitpro/devkitarm/bin/../lib/gcc/arm-none-eabi/9.1.0/thumb/crtbegin.o
 .text.register_tm_clones
                0x00000000020010a4       0x34 c:/devkitpro/devkitarm/bin/../lib/gcc/arm-none-eabi/9.1.0/thumb/crtbegin.o
 .text.__do_global_dtors_aux
                0x00000000020010d8       0x30 c:/devkitpro/devkitarm/bin/../lib/gcc/arm-none-eabi/9.1.0/thumb/crtbegin.o
 .text.frame_dummy
                0x0000000002001108       0x28 c:/devkitpro/devkitarm/bin/../lib/gcc/arm-none-eabi/9.1.0/thumb/crtbegin.o
 .text.startup  0x0000000002001130       0x24 main.o
                0x0000000002001130                main
 .text.setBrightness
                0x0000000002001154       0x40 C:/devkitPro/libnds/lib\libnds9.a(video.o)
                0x0000000002001154                setBrightness
 .text.vramDefault
                0x0000000002001194       0xd0 C:/devkitPro/libnds/lib\libnds9.a(video.o)
                0x0000000002001194                vramDefault
 .text.newRow   0x0000000002001264       0xb4 C:/devkitPro/libnds/lib\libnds9.a(console.o)
 .text.consolePrintChar
                0x0000000002001318       0xec C:/devkitPro/libnds/lib\libnds9.a(console.o)
                0x0000000002001318                consolePrintChar
 .text.consoleCls
                0x0000000002001404       0xe0 C:/devkitPro/libnds/lib\libnds9.a(console.o)
 .text.consoleLoadFont
                0x00000000020014e4      0x280 C:/devkitPro/libnds/lib\libnds9.a(console.o)
                0x00000000020014e4                consoleLoadFont
 .text.consoleInit
                0x0000000002001764      0x15c C:/devkitPro/libnds/lib\libnds9.a(console.o)
                0x0000000002001764                consoleInit
 .text.consoleDemoInit
                0x00000000020018c0       0x40 C:/devkitPro/libnds/lib\libnds9.a(console.o)
                0x00000000020018c0                consoleDemoInit
 .text.con_write
                0x0000000002001900      0x27c C:/devkitPro/libnds/lib\libnds9.a(console.o)
                0x0000000002001900                con_write
 .text.consoleClear
                0x0000000002001b7c       0x10 C:/devkitPro/libnds/lib\libnds9.a(console.o)
                0x0000000002001b7c                consoleClear
 .text.initSystem
                0x0000000002001b8c      0x198 C:/devkitPro/libnds/lib\libnds9.a(initSystem.o)
                0x0000000002001b8c                initSystem
 .text.__libnds_gtod
                0x0000000002001d24       0x28 C:/devkitPro/libnds/lib\libnds9.a(timeSupport.o)
                0x0000000002001d24                __libnds_gtod
 .text.irqDummy
                0x0000000002001d4c        0x4 C:/devkitPro/libnds/lib\libnds9.a(interrupts.o)
                0x0000000002001d4c                irqDummy
 .text.irqSet   0x0000000002001d50       0x6c C:/devkitPro/libnds/lib\libnds9.a(interrupts.o)
                0x0000000002001d50                irqSet
 .text.irqInit  0x0000000002001dbc       0x50 C:/devkitPro/libnds/lib\libnds9.a(interrupts.o)
                0x0000000002001dbc                irqInit
 .text.irqEnable
                0x0000000002001e0c       0x64 C:/devkitPro/libnds/lib\libnds9.a(interrupts.o)
                0x0000000002001e0c                irqEnable
 .text.systemErrorExit
                0x0000000002001e70        0x4 C:/devkitPro/libnds/lib\libnds9.a(libnds_exit.arm.o)
                0x0000000002001e70                systemErrorExit
 *fill*         0x0000000002001e74        0x4 ff
 .text.__libnds_exit
                0x0000000002001e78       0x5c C:/devkitPro/libnds/lib\libnds9.a(libnds_exit.arm.o)
                0x0000000002001e78                __libnds_exit
 .text.fifo_waitBlock
                0x0000000002001ed4       0x80 C:/devkitPro/libnds/lib\libnds9.a(fifosystem.o)
 .text.fifo_queueBlock
                0x0000000002001f54       0x40 C:/devkitPro/libnds/lib\libnds9.a(fifosystem.o)
 .text.fifoInternalSendInterrupt
                0x0000000002001f94       0xac C:/devkitPro/libnds/lib\libnds9.a(fifosystem.o)
 .text.fifoInternalSend.part.2
                0x0000000002002040       0xd4 C:/devkitPro/libnds/lib\libnds9.a(fifosystem.o)
 .text.fifoGetValue32.part.3
                0x0000000002002114       0x74 C:/devkitPro/libnds/lib\libnds9.a(fifosystem.o)
 .text.fifoSetValue32Handler
                0x0000000002002188       0x78 C:/devkitPro/libnds/lib\libnds9.a(fifosystem.o)
                0x0000000002002188                fifoSetValue32Handler
 .text.fifoSendValue32
                0x0000000002002200       0x4c C:/devkitPro/libnds/lib\libnds9.a(fifosystem.o)
                0x0000000002002200                fifoSendValue32
 .text.fifoGetDatamsg
                0x000000000200224c      0x138 C:/devkitPro/libnds/lib\libnds9.a(fifosystem.o)
                0x000000000200224c                fifoGetDatamsg
 .text.fifoInternalRecvInterrupt
                0x0000000002002384      0x3dc C:/devkitPro/libnds/lib\libnds9.a(fifosystem.o)
 .text.fifoSetDatamsgHandler
                0x0000000002002760       0x9c C:/devkitPro/libnds/lib\libnds9.a(fifosystem.o)
                0x0000000002002760                fifoSetDatamsgHandler
 .text.fifoInit
                0x00000000020027fc      0x104 C:/devkitPro/libnds/lib\libnds9.a(fifosystem.o)
                0x00000000020027fc                fifoInit
 .text.__libnds_mpu_setup
                0x0000000002002900      0x174 C:/devkitPro/libnds/lib\libnds9.a(mpu_setup.o)
                0x0000000002002900                __libnds_mpu_setup
 .text.memUncached
                0x0000000002002a74       0x20 C:/devkitPro/libnds/lib\libnds9.a(mpu_setup.o)
                0x0000000002002a74                memUncached
 .text.swiWaitForVBlank
                0x0000000002002a94        0x8 C:/devkitPro/libnds/lib\libnds9.a(IntrWait.o)
                0x0000000002002a94                swiWaitForVBlank
 .text.swiIntrWait
                0x0000000002002a9c       0x70 C:/devkitPro/libnds/lib\libnds9.a(IntrWait.o)
                0x0000000002002a9c                swiIntrWait
 .text.setCpuClock
                0x0000000002002b0c       0x50 C:/devkitPro/libnds/lib\libnds9.a(cpu_clock.o)
                0x0000000002002b0c                setCpuClock
 .text.swiSoftReset
                0x0000000002002b5c       0x2c C:/devkitPro/libnds/lib\libnds9.a(swiSoftReset.o)
                0x0000000002002b5c                swiSoftReset
 .text.checkIfText.part.0
                0x0000000002002b88       0x40 C:/devkitPro/libnds/lib\libnds9.a(background.o)
 .text.bgUpdate
                0x0000000002002bc8      0x104 C:/devkitPro/libnds/lib\libnds9.a(background.o)
                0x0000000002002bc8                bgUpdate
 .text.bgInit_call
                0x0000000002002ccc      0x110 C:/devkitPro/libnds/lib\libnds9.a(background.o)
                0x0000000002002ccc                bgInit_call
 .text.bgInitSub_call
                0x0000000002002ddc       0xf4 C:/devkitPro/libnds/lib\libnds9.a(background.o)
                0x0000000002002ddc                bgInitSub_call
 .text.systemValueHandler
                0x0000000002002ed0       0x48 C:/devkitPro/libnds/lib\libnds9.a(system.o)
                0x0000000002002ed0                systemValueHandler
 .text.systemMsgHandler
                0x0000000002002f18       0x5c C:/devkitPro/libnds/lib\libnds9.a(system.o)
                0x0000000002002f18                systemMsgHandler
 .text.powerOn  0x0000000002002f74       0x2c C:/devkitPro/libnds/lib\libnds9.a(system.o)
                0x0000000002002f74                powerOn
 .text.sinLutLookup
                0x0000000002002fa0       0x3c C:/devkitPro/libnds/lib\libnds9.a(trig.o)
                0x0000000002002fa0                sinLutLookup
 .text.sinLerp  0x0000000002002fdc       0x44 C:/devkitPro/libnds/lib\libnds9.a(trig.o)
                0x0000000002002fdc                sinLerp
 .text.cosLerp  0x0000000002003020       0x14 C:/devkitPro/libnds/lib\libnds9.a(trig.o)
                0x0000000002003020                cosLerp
 .text.swiDelay
                0x0000000002003034        0x4 C:/devkitPro/libnds/lib\libnds9.a(biosCalls.o)
                0x0000000002003034                swiDelay
 .text.__libc_init_array
                0x0000000002003038       0x50 c:/devkitpro/devkitarm/bin/../lib/gcc/arm-none-eabi/9.1.0/../../../../arm-none-eabi/lib/thumb\libg.a(lib_a-init.o)
                0x0000000002003038                __libc_init_array
 .text.iprintf  0x0000000002003088       0x24 c:/devkitpro/devkitarm/bin/../lib/gcc/arm-none-eabi/9.1.0/../../../../arm-none-eabi/lib/thumb\libg.a(lib_a-iprintf.o)
                0x0000000002003088                iprintf
 .text.memcpy   0x00000000020030ac       0xa8 c:/devkitpro/devkitarm/bin/../lib/gcc/arm-none-eabi/9.1.0/../../../../arm-none-eabi/lib/thumb\libg.a(lib_a-memcpy-stub.o)
                0x00000000020030ac                memcpy
 .text.memset   0x0000000002003154       0xb0 c:/devkitpro/devkitarm/bin/../lib/gcc/arm-none-eabi/9.1.0/../../../../arm-none-eabi/lib/thumb\libg.a(lib_a-memset.o)
                0x0000000002003154                memset
 .text.setvbuf  0x0000000002003204      0x1ac c:/devkitpro/devkitarm/bin/../lib/gcc/arm-none-eabi/9.1.0/../../../../arm-none-eabi/lib/thumb\libg.a(lib_a-setvbuf.o)
                0x0000000002003204                setvbuf
 .text.siscanf  0x00000000020033b0       0x4c c:/devkitpro/devkitarm/bin/../lib/gcc/arm-none-eabi/9.1.0/../../../../arm-none-eabi/lib/thumb\libg.a(lib_a-siscanf.o)
                0x00000000020033b0                siscanf
 .text.__sread  0x00000000020033fc       0x34 c:/devkitpro/devkitarm/bin/../lib/gcc/arm-none-eabi/9.1.0/../../../../arm-none-eabi/lib/thumb\libg.a(lib_a-stdio.o)
                0x00000000020033fc                __sread
 .text.__seofread
                0x0000000002003430        0x4 c:/devkitpro/devkitarm/bin/../lib/gcc/arm-none-eabi/9.1.0/../../../../arm-none-eabi/lib/thumb\libg.a(lib_a-stdio.o)
                0x0000000002003430                __seofread
 .text.__swrite
                0x0000000002003434       0x54 c:/devkitpro/devkitarm/bin/../lib/gcc/arm-none-eabi/9.1.0/../../../../arm-none-eabi/lib/thumb\libg.a(lib_a-stdio.o)
                0x0000000002003434                __swrite
 .text.__sseek  0x0000000002003488       0x40 c:/devkitpro/devkitarm/bin/../lib/gcc/arm-none-eabi/9.1.0/../../../../arm-none-eabi/lib/thumb\libg.a(lib_a-stdio.o)
                0x0000000002003488                __sseek
 .text.__sclose
                0x00000000020034c8       0x10 c:/devkitpro/devkitarm/bin/../lib/gcc/arm-none-eabi/9.1.0/../../../../arm-none-eabi/lib/thumb\libg.a(lib_a-stdio.o)
                0x00000000020034c8                __sclose
 .text.strlen   0x00000000020034d8       0x60 c:/devkitpro/devkitarm/bin/../lib/gcc/arm-none-eabi/9.1.0/../../../../arm-none-eabi/lib/thumb\libg.a(lib_a-strlen-stub.o)
                0x00000000020034d8                strlen
 .text.get_arg  0x0000000002003538       0x32 c:/devkitpro/devkitarm/bin/../lib/gcc/arm-none-eabi/9.1.0/../../../../arm-none-eabi/lib/thumb\libg.a(lib_a-svfiscanf.o)
 .text._sungetc_r
                0x000000000200356a       0x7e c:/devkitpro/devkitarm/bin/../lib/gcc/arm-none-eabi/9.1.0/../../../../arm-none-eabi/lib/thumb\libg.a(lib_a-svfiscanf.o)
                0x000000000200356a                _sungetc_r
 .text.__ssrefill_r
                0x00000000020035e8       0x42 c:/devkitpro/devkitarm/bin/../lib/gcc/arm-none-eabi/9.1.0/../../../../arm-none-eabi/lib/thumb\libg.a(lib_a-svfiscanf.o)
                0x00000000020035e8                __ssrefill_r
 .text._sfread_r
                0x000000000200362a       0x8a c:/devkitpro/devkitarm/bin/../lib/gcc/arm-none-eabi/9.1.0/../../../../arm-none-eabi/lib/thumb\libg.a(lib_a-svfiscanf.o)
                0x000000000200362a                _sfread_r
 .text.__ssvfiscanf_r
                0x00000000020036b4     0x1b54 c:/devkitpro/devkitarm/bin/../lib/gcc/arm-none-eabi/9.1.0/../../../../arm-none-eabi/lib/thumb\libg.a(lib_a-svfiscanf.o)
                0x00000000020036b4                __ssvfiscanf_r
 .text.__submore
                0x0000000002005208       0x88 c:/devkitpro/devkitarm/bin/../lib/gcc/arm-none-eabi/9.1.0/../../../../arm-none-eabi/lib/thumb\libg.a(lib_a-ungetc.o)
                0x0000000002005208                __submore
 .text.get_arg  0x0000000002005290      0x3d8 c:/devkitpro/devkitarm/bin/../lib/gcc/arm-none-eabi/9.1.0/../../../../arm-none-eabi/lib/thumb\libg.a(lib_a-vfiprintf.o)
 .text.__sprint_r
                0x0000000002005668       0x20 c:/devkitpro/devkitarm/bin/../lib/gcc/arm-none-eabi/9.1.0/../../../../arm-none-eabi/lib/thumb\libg.a(lib_a-vfiprintf.o)
                0x0000000002005668                __sprint_r
 .text._vfiprintf_r
                0x0000000002005688     0x1804 c:/devkitpro/devkitarm/bin/../lib/gcc/arm-none-eabi/9.1.0/../../../../arm-none-eabi/lib/thumb\libg.a(lib_a-vfiprintf.o)
                0x0000000002005688                _vfiprintf_r
 .text.__sbprintf
                0x0000000002006e8c       0x8c c:/devkitpro/devkitarm/bin/../lib/gcc/arm-none-eabi/9.1.0/../../../../arm-none-eabi/lib/thumb\libg.a(lib_a-vfiprintf.o)
 .text._wcrtomb_r
                0x0000000002006f18       0x5c c:/devkitpro/devkitarm/bin/../lib/gcc/arm-none-eabi/9.1.0/../../../../arm-none-eabi/lib/thumb\libg.a(lib_a-wcrtomb.o)
                0x0000000002006f18                _wcrtomb_r
 .text._wcsrtombs_r
                0x0000000002006f74       0x1c c:/devkitpro/devkitarm/bin/../lib/gcc/arm-none-eabi/9.1.0/../../../../arm-none-eabi/lib/thumb\libg.a(lib_a-wcsrtombs.o)
                0x0000000002006f74                _wcsrtombs_r
 .text.__swsetup_r
                0x0000000002006f90       0xd8 c:/devkitpro/devkitarm/bin/../lib/gcc/arm-none-eabi/9.1.0/../../../../arm-none-eabi/lib/thumb\libg.a(lib_a-wsetup.o)
                0x0000000002006f90                __swsetup_r
 .text.__sflush_r
                0x0000000002007068      0x1c0 c:/devkitpro/devkitarm/bin/../lib/gcc/arm-none-eabi/9.1.0/../../../../arm-none-eabi/lib/thumb\libg.a(lib_a-fflush.o)
                0x0000000002007068                __sflush_r
 .text._fflush_r
                0x0000000002007228       0x70 c:/devkitpro/devkitarm/bin/../lib/gcc/arm-none-eabi/9.1.0/../../../../arm-none-eabi/lib/thumb\libg.a(lib_a-fflush.o)
                0x0000000002007228                _fflush_r
 .text.std      0x0000000002007298       0x54 c:/devkitpro/devkitarm/bin/../lib/gcc/arm-none-eabi/9.1.0/../../../../arm-none-eabi/lib/thumb\libg.a(lib_a-findfp.o)
 .text._cleanup_r
                0x00000000020072ec       0x14 c:/devkitpro/devkitarm/bin/../lib/gcc/arm-none-eabi/9.1.0/../../../../arm-none-eabi/lib/thumb\libg.a(lib_a-findfp.o)
                0x00000000020072ec                _cleanup_r
 .text.__sinit  0x0000000002007300       0x64 c:/devkitpro/devkitarm/bin/../lib/gcc/arm-none-eabi/9.1.0/../../../../arm-none-eabi/lib/thumb\libg.a(lib_a-findfp.o)
                0x0000000002007300                __sinit
 .text.__sfp_lock_acquire
                0x0000000002007364       0x14 c:/devkitpro/devkitarm/bin/../lib/gcc/arm-none-eabi/9.1.0/../../../../arm-none-eabi/lib/thumb\libg.a(lib_a-findfp.o)
                0x0000000002007364                __sfp_lock_acquire
 .text.__sfp_lock_release
                0x0000000002007378       0x14 c:/devkitpro/devkitarm/bin/../lib/gcc/arm-none-eabi/9.1.0/../../../../arm-none-eabi/lib/thumb\libg.a(lib_a-findfp.o)
                0x0000000002007378                __sfp_lock_release
 .text._malloc_trim_r
                0x000000000200738c       0xa0 c:/devkitpro/devkitarm/bin/../lib/gcc/arm-none-eabi/9.1.0/../../../../arm-none-eabi/lib/thumb\libg.a(lib_a-freer.o)
                0x000000000200738c                _malloc_trim_r
 .text._free_r  0x000000000200742c      0x1e0 c:/devkitpro/devkitarm/bin/../lib/gcc/arm-none-eabi/9.1.0/../../../../arm-none-eabi/lib/thumb\libg.a(lib_a-freer.o)
                0x000000000200742c                _free_r
 .text.__sfvwrite_r
                0x000000000200760c      0x348 c:/devkitpro/devkitarm/bin/../lib/gcc/arm-none-eabi/9.1.0/../../../../arm-none-eabi/lib/thumb\libg.a(lib_a-fvwrite.o)
                0x000000000200760c                __sfvwrite_r
 .text._fwalk_reent
                0x0000000002007954       0x50 c:/devkitpro/devkitarm/bin/../lib/gcc/arm-none-eabi/9.1.0/../../../../arm-none-eabi/lib/thumb\libg.a(lib_a-fwalk.o)
                0x0000000002007954                _fwalk_reent
 .text.iswspace
                0x00000000020079a4       0x10 c:/devkitpro/devkitarm/bin/../lib/gcc/arm-none-eabi/9.1.0/../../../../arm-none-eabi/lib/thumb\libg.a(lib_a-iswspace.o)
                0x00000000020079a4                iswspace
 .text._localeconv_r
                0x00000000020079b4        0x8 c:/devkitpro/devkitarm/bin/../lib/gcc/arm-none-eabi/9.1.0/../../../../arm-none-eabi/lib/thumb\libg.a(lib_a-localeconv.o)
                0x00000000020079b4                _localeconv_r
 .text.__locale_mb_cur_max
                0x00000000020079bc       0x10 c:/devkitpro/devkitarm/bin/../lib/gcc/arm-none-eabi/9.1.0/../../../../arm-none-eabi/lib/thumb\libg.a(lib_a-locale.o)
                0x00000000020079bc                __locale_mb_cur_max
 .text.__swhatbuf_r
                0x00000000020079cc       0x64 c:/devkitpro/devkitarm/bin/../lib/gcc/arm-none-eabi/9.1.0/../../../../arm-none-eabi/lib/thumb\libg.a(lib_a-makebuf.o)
                0x00000000020079cc                __swhatbuf_r
 .text.__smakebuf_r
                0x0000000002007a30       0x98 c:/devkitpro/devkitarm/bin/../lib/gcc/arm-none-eabi/9.1.0/../../../../arm-none-eabi/lib/thumb\libg.a(lib_a-makebuf.o)
                0x0000000002007a30                __smakebuf_r
 .text.malloc   0x0000000002007ac8       0x14 c:/devkitpro/devkitarm/bin/../lib/gcc/arm-none-eabi/9.1.0/../../../../arm-none-eabi/lib/thumb\libg.a(lib_a-malloc.o)
                0x0000000002007ac8                malloc
 .text.free     0x0000000002007adc       0x14 c:/devkitpro/devkitarm/bin/../lib/gcc/arm-none-eabi/9.1.0/../../../../arm-none-eabi/lib/thumb\libg.a(lib_a-malloc.o)
                0x0000000002007adc                free
 .text._malloc_r
                0x0000000002007af0      0x59c c:/devkitpro/devkitarm/bin/../lib/gcc/arm-none-eabi/9.1.0/../../../../arm-none-eabi/lib/thumb\libg.a(lib_a-mallocr.o)
                0x0000000002007af0                _malloc_r
 .text._mbrtowc_r
                0x000000000200808c       0x60 c:/devkitpro/devkitarm/bin/../lib/gcc/arm-none-eabi/9.1.0/../../../../arm-none-eabi/lib/thumb\libg.a(lib_a-mbrtowc.o)
                0x000000000200808c                _mbrtowc_r
 .text.__utf8_mbtowc
                0x00000000020080ec      0x280 c:/devkitpro/devkitarm/bin/../lib/gcc/arm-none-eabi/9.1.0/../../../../arm-none-eabi/lib/thumb\libg.a(lib_a-mbtowc_r.o)
                0x00000000020080ec                __utf8_mbtowc
 .text.memchr   0x000000000200836c       0x78 c:/devkitpro/devkitarm/bin/../lib/gcc/arm-none-eabi/9.1.0/../../../../arm-none-eabi/lib/thumb\libg.a(lib_a-memchr-stub.o)
                0x000000000200836c                memchr
 .text.memmove  0x00000000020083e4       0xb0 c:/devkitpro/devkitarm/bin/../lib/gcc/arm-none-eabi/9.1.0/../../../../arm-none-eabi/lib/thumb\libg.a(lib_a-memmove.o)
                0x00000000020083e4                memmove
 .text.__malloc_lock
                0x0000000002008494       0x14 c:/devkitpro/devkitarm/bin/../lib/gcc/arm-none-eabi/9.1.0/../../../../arm-none-eabi/lib/thumb\libg.a(lib_a-mlock.o)
                0x0000000002008494                __malloc_lock
 .text.__malloc_unlock
                0x00000000020084a8       0x14 c:/devkitpro/devkitarm/bin/../lib/gcc/arm-none-eabi/9.1.0/../../../../arm-none-eabi/lib/thumb\libg.a(lib_a-mlock.o)
                0x00000000020084a8                __malloc_unlock
 .text.realloc  0x00000000020084bc       0x18 c:/devkitpro/devkitarm/bin/../lib/gcc/arm-none-eabi/9.1.0/../../../../arm-none-eabi/lib/thumb\libg.a(lib_a-realloc.o)
                0x00000000020084bc                realloc
 .text._realloc_r
                0x00000000020084d4      0x38c c:/devkitpro/devkitarm/bin/../lib/gcc/arm-none-eabi/9.1.0/../../../../arm-none-eabi/lib/thumb\libg.a(lib_a-reallocr.o)
                0x00000000020084d4                _realloc_r
 .text.__sccl   0x0000000002008860       0x90 c:/devkitpro/devkitarm/bin/../lib/gcc/arm-none-eabi/9.1.0/../../../../arm-none-eabi/lib/thumb\libg.a(lib_a-sccl.o)
                0x0000000002008860                __sccl
 .text.strncpy  0x00000000020088f0       0x74 c:/devkitpro/devkitarm/bin/../lib/gcc/arm-none-eabi/9.1.0/../../../../arm-none-eabi/lib/thumb\libg.a(lib_a-strncpy.o)
                0x00000000020088f0                strncpy
 .text._strtoll_l.isra.0
                0x0000000002008964      0x1ac c:/devkitpro/devkitarm/bin/../lib/gcc/arm-none-eabi/9.1.0/../../../../arm-none-eabi/lib/thumb\libg.a(lib_a-strtoll.o)
 .text._strtoll_r
                0x0000000002008b10        0xc c:/devkitpro/devkitarm/bin/../lib/gcc/arm-none-eabi/9.1.0/../../../../arm-none-eabi/lib/thumb\libg.a(lib_a-strtoll.o)
                0x0000000002008b10                _strtoll_r
 .text._strtol_l.isra.0
                0x0000000002008b1c      0x140 c:/devkitpro/devkitarm/bin/../lib/gcc/arm-none-eabi/9.1.0/../../../../arm-none-eabi/lib/thumb\libg.a(lib_a-strtol.o)
 .text._strtol_r
                0x0000000002008c5c        0xc c:/devkitpro/devkitarm/bin/../lib/gcc/arm-none-eabi/9.1.0/../../../../arm-none-eabi/lib/thumb\libg.a(lib_a-strtol.o)
                0x0000000002008c5c                _strtol_r
 .text._strtoull_l.isra.0
                0x0000000002008c68      0x1c8 c:/devkitpro/devkitarm/bin/../lib/gcc/arm-none-eabi/9.1.0/../../../../arm-none-eabi/lib/thumb\libg.a(lib_a-strtoull.o)
 .text._strtoull_r
                0x0000000002008e30        0xc c:/devkitpro/devkitarm/bin/../lib/gcc/arm-none-eabi/9.1.0/../../../../arm-none-eabi/lib/thumb\libg.a(lib_a-strtoull.o)
                0x0000000002008e30                _strtoull_r
 .text._strtoul_l.isra.0
                0x0000000002008e3c      0x148 c:/devkitpro/devkitarm/bin/../lib/gcc/arm-none-eabi/9.1.0/../../../../arm-none-eabi/lib/thumb\libg.a(lib_a-strtoul.o)
 .text._strtoul_r
                0x0000000002008f84        0xc c:/devkitpro/devkitarm/bin/../lib/gcc/arm-none-eabi/9.1.0/../../../../arm-none-eabi/lib/thumb\libg.a(lib_a-strtoul.o)
                0x0000000002008f84                _strtoul_r
 .text._wcsnrtombs_l
                0x0000000002008f90      0x138 c:/devkitpro/devkitarm/bin/../lib/gcc/arm-none-eabi/9.1.0/../../../../arm-none-eabi/lib/thumb\libg.a(lib_a-wcsnrtombs.o)
                0x0000000002008f90                _wcsnrtombs_l
 .text._wcsnrtombs_r
                0x00000000020090c8       0x30 c:/devkitpro/devkitarm/bin/../lib/gcc/arm-none-eabi/9.1.0/../../../../arm-none-eabi/lib/thumb\libg.a(lib_a-wcsnrtombs.o)
                0x00000000020090c8                _wcsnrtombs_r
 .text.__utf8_wctomb
                0x00000000020090f8       0xb4 c:/devkitpro/devkitarm/bin/../lib/gcc/arm-none-eabi/9.1.0/../../../../arm-none-eabi/lib/thumb\libg.a(lib_a-wctomb_r.o)
                0x00000000020090f8                __utf8_wctomb
 .text._fclose_r
                0x00000000020091ac       0xe8 c:/devkitpro/devkitarm/bin/../lib/gcc/arm-none-eabi/9.1.0/../../../../arm-none-eabi/lib/thumb\libg.a(lib_a-fclose.o)
                0x00000000020091ac                _fclose_r
 .text.iswspace_l
                0x0000000002009294       0x2c c:/devkitpro/devkitarm/bin/../lib/gcc/arm-none-eabi/9.1.0/../../../../arm-none-eabi/lib/thumb\libg.a(lib_a-iswspace_l.o)
                0x0000000002009294                iswspace_l
 .text.__jp2uc  0x00000000020092c0      0x164 c:/devkitpro/devkitarm/bin/../lib/gcc/arm-none-eabi/9.1.0/../../../../arm-none-eabi/lib/thumb\libg.a(lib_a-jp2uc.o)
 .text._jp2uc_l
                0x0000000002009424       0x6c c:/devkitpro/devkitarm/bin/../lib/gcc/arm-none-eabi/9.1.0/../../../../arm-none-eabi/lib/thumb\libg.a(lib_a-jp2uc.o)
                0x0000000002009424                _jp2uc_l
 .text.category
                0x0000000002009490       0x58 c:/devkitpro/devkitarm/bin/../lib/gcc/arm-none-eabi/9.1.0/../../../../arm-none-eabi/lib/thumb\libg.a(lib_a-categories.o)
                0x0000000002009490                category
 .text.null_write
                0x00000000020094e8        0x4 c:/devkitpro/devkitarm/bin/../lib/gcc/arm-none-eabi/9.1.0/../../../../arm-none-eabi/lib/thumb\libsysbase.a(iosupport.o)
 .text._fstat_r
                0x00000000020094ec       0x4c c:/devkitpro/devkitarm/bin/../lib/gcc/arm-none-eabi/9.1.0/../../../../arm-none-eabi/lib/thumb\libsysbase.a(fstat.o)
                0x00000000020094ec                _fstat_r
 .text._isatty_r
                0x0000000002009538        0x4 c:/devkitpro/devkitarm/bin/../lib/gcc/arm-none-eabi/9.1.0/../../../../arm-none-eabi/lib/thumb\libsysbase.a(isatty.o)
                0x0000000002009538                _isatty_r
 .text._lseek_r
                0x000000000200953c       0x5c c:/devkitpro/devkitarm/bin/../lib/gcc/arm-none-eabi/9.1.0/../../../../arm-none-eabi/lib/thumb\libsysbase.a(lseek.o)
                0x000000000200953c                _lseek_r
 .text._read_r  0x0000000002009598       0x50 c:/devkitpro/devkitarm/bin/../lib/gcc/arm-none-eabi/9.1.0/../../../../arm-none-eabi/lib/thumb\libsysbase.a(read.o)
                0x0000000002009598                _read_r
 .text._sbrk_r  0x00000000020095e8       0x54 c:/devkitpro/devkitarm/bin/../lib/gcc/arm-none-eabi/9.1.0/../../../../arm-none-eabi/lib/thumb\libsysbase.a(sbrk.o)
                0x00000000020095e8                _sbrk_r
 .text._write_r
                0x000000000200963c       0x50 c:/devkitpro/devkitarm/bin/../lib/gcc/arm-none-eabi/9.1.0/../../../../arm-none-eabi/lib/thumb\libsysbase.a(write.o)
                0x000000000200963c                _write_r
 .text.build_argv
                0x000000000200968c       0x4c c:/devkitpro/devkitarm/bin/../lib/gcc/arm-none-eabi/9.1.0/../../../../arm-none-eabi/lib/thumb\libsysbase.a(build_argv.o)
                0x000000000200968c                build_argv
 .text.__flockfile
                0x00000000020096d8       0x10 c:/devkitpro/devkitarm/bin/../lib/gcc/arm-none-eabi/9.1.0/../../../../arm-none-eabi/lib/thumb\libsysbase.a(flock.o)
                0x00000000020096d8                __flockfile
 .text.__funlockfile
                0x00000000020096e8       0x10 c:/devkitpro/devkitarm/bin/../lib/gcc/arm-none-eabi/9.1.0/../../../../arm-none-eabi/lib/thumb\libsysbase.a(flock.o)
                0x00000000020096e8                __funlockfile
 .text.__libc_lock_acquire
                0x00000000020096f8       0x1c c:/devkitpro/devkitarm/bin/../lib/gcc/arm-none-eabi/9.1.0/../../../../arm-none-eabi/lib/thumb\libsysbase.a(syscall_support.o)
                0x00000000020096f8                __libc_lock_acquire
 .text.__libc_lock_release
                0x0000000002009714       0x1c c:/devkitpro/devkitarm/bin/../lib/gcc/arm-none-eabi/9.1.0/../../../../arm-none-eabi/lib/thumb\libsysbase.a(syscall_support.o)
                0x0000000002009714                __libc_lock_release
 .text.__libc_lock_init_recursive
                0x0000000002009730       0x1c c:/devkitpro/devkitarm/bin/../lib/gcc/arm-none-eabi/9.1.0/../../../../arm-none-eabi/lib/thumb\libsysbase.a(syscall_support.o)
                0x0000000002009730                __libc_lock_init_recursive
 .text.__libc_lock_acquire_recursive
                0x000000000200974c       0x1c c:/devkitpro/devkitarm/bin/../lib/gcc/arm-none-eabi/9.1.0/../../../../arm-none-eabi/lib/thumb\libsysbase.a(syscall_support.o)
                0x000000000200974c                __libc_lock_acquire_recursive
 .text.__libc_lock_release_recursive
                0x0000000002009768       0x1c c:/devkitpro/devkitarm/bin/../lib/gcc/arm-none-eabi/9.1.0/../../../../arm-none-eabi/lib/thumb\libsysbase.a(syscall_support.o)
                0x0000000002009768                __libc_lock_release_recursive
 .text.__libc_lock_close_recursive
                0x0000000002009784       0x1c c:/devkitpro/devkitarm/bin/../lib/gcc/arm-none-eabi/9.1.0/../../../../arm-none-eabi/lib/thumb\libsysbase.a(syscall_support.o)
                0x0000000002009784                __libc_lock_close_recursive
 .text.__get_handle
                0x00000000020097a0       0x34 c:/devkitpro/devkitarm/bin/../lib/gcc/arm-none-eabi/9.1.0/../../../../arm-none-eabi/lib/thumb\libsysbase.a(handle_manager.o)
                0x00000000020097a0                __get_handle
 .text._close_r
                0x00000000020097d4       0xb8 c:/devkitpro/devkitarm/bin/../lib/gcc/arm-none-eabi/9.1.0/../../../../arm-none-eabi/lib/thumb\libsysbase.a(handle_manager.o)
                0x00000000020097d4                _close_r
 .text.__getreent
                0x000000000200988c       0x28 c:/devkitpro/devkitarm/bin/../lib/gcc/arm-none-eabi/9.1.0/../../../../arm-none-eabi/lib/thumb\libsysbase.a(getreent.o)
                0x000000000200988c                __getreent
 .text.__muldi3
                0x00000000020098b4       0x54 c:/devkitpro/devkitarm/bin/../lib/gcc/arm-none-eabi/9.1.0/thumb\libgcc.a(_muldi3.o)
                0x00000000020098b4                __muldi3
                0x00000000020098b4                __aeabi_lmul
 .text.__udivmoddi4
                0x0000000002009908      0x19c c:/devkitpro/devkitarm/bin/../lib/gcc/arm-none-eabi/9.1.0/thumb\libgcc.a(_udivmoddi4.o)
                0x0000000002009908                __udivmoddi4
 *fill*         0x0000000002009aa4        0x4 ff
 .text.__udivmoddi4.__stub
                0x0000000002009aa8       0x90 linker stubs
 *(EXCLUDE_FILE(*.twl*) .gnu.warning)
 *(EXCLUDE_FILE(*.twl*) .gnu.linkonce.t*)
 *(.glue_7)
 .glue_7        0x0000000002009b48        0x0 linker stubs
 *(.glue_7t)
 .glue_7t       0x0000000002009b48        0x0 linker stubs
                0x0000000002009b48                . = ALIGN (0x4)

.vfp11_veneer   0x0000000002009b48        0x0
 .vfp11_veneer  0x0000000002009b48        0x0 linker stubs

.v4_bx          0x0000000002009b48        0x0
 .v4_bx         0x0000000002009b48        0x0 linker stubs

.iplt           0x0000000002009b48        0x0
 .iplt          0x0000000002009b48        0x0 c:/devkitpro/devkitarm/bin/../lib/gcc/arm-none-eabi/9.1.0/../../../../arm-none-eabi/lib/thumb/ds_arm9_crt0.o

.fini           0x0000000002009b48        0xc
 *(.fini)
 .fini          0x0000000002009b48        0x4 c:/devkitpro/devkitarm/bin/../lib/gcc/arm-none-eabi/9.1.0/thumb/crti.o
                0x0000000002009b48                _fini
 .fini          0x0000000002009b4c        0x8 c:/devkitpro/devkitarm/bin/../lib/gcc/arm-none-eabi/9.1.0/thumb/crtn.o
                0x0000000002009b54                __text_end = .

.rodata         0x0000000002009b54     0x8c50
 *(EXCLUDE_FILE(*.twl*) .rodata)
 .rodata        0x0000000002009b54     0x2004 C:/devkitPro/libnds/lib\libnds9.a(default_font.bin.o)
                0x0000000002009b54                default_font_bin
                0x000000000200bb54                default_font_bin_size
                0x000000000200bb54                default_font_bin_end
 *all.rodata*(*)
 *(EXCLUDE_FILE(*.twl*) .roda)
 *(EXCLUDE_FILE(*.twl*) .rodata.*)
 .rodata.str1.4
                0x000000000200bb58        0xf main.o
 *fill*         0x000000000200bb67        0x1 ff
 .rodata.con_write
                0x000000000200bb68       0xd4 C:/devkitPro/libnds/lib\libnds9.a(console.o)
 .rodata.con_write.str1.4
                0x000000000200bc3c       0x30 C:/devkitPro/libnds/lib\libnds9.a(console.o)
 .rodata.consoleClear.str1.4
                0x000000000200bc6c        0x5 C:/devkitPro/libnds/lib\libnds9.a(console.o)
 *fill*         0x000000000200bc71        0x3 ff
 .rodata.dotab_stdout
                0x000000000200bc74       0x70 C:/devkitPro/libnds/lib\libnds9.a(console.o)
 .rodata.str1.4
                0x000000000200bce4       0x14 C:/devkitPro/libnds/lib\libnds9.a(console.o)
 .rodata.SIN_LUT
                0x000000000200bcf8      0x102 C:/devkitPro/libnds/lib\libnds9.a(trig.o)
                0x000000000200bcf8                SIN_LUT
 *fill*         0x000000000200bdfa        0x2 ff
 .rodata.basefix.6959
                0x000000000200bdfc       0x22 c:/devkitpro/devkitarm/bin/../lib/gcc/arm-none-eabi/9.1.0/../../../../arm-none-eabi/lib/thumb\libg.a(lib_a-svfiscanf.o)
 .rodata._vfiprintf_r.str1.1
                0x000000000200be1e       0x29 c:/devkitpro/devkitarm/bin/../lib/gcc/arm-none-eabi/9.1.0/../../../../arm-none-eabi/lib/thumb\libg.a(lib_a-vfiprintf.o)
 *fill*         0x000000000200be47        0x1 ff
 .rodata.blanks.7396
                0x000000000200be48       0x10 c:/devkitpro/devkitarm/bin/../lib/gcc/arm-none-eabi/9.1.0/../../../../arm-none-eabi/lib/thumb\libg.a(lib_a-vfiprintf.o)
 .rodata.zeroes.7397
                0x000000000200be58       0x10 c:/devkitpro/devkitarm/bin/../lib/gcc/arm-none-eabi/9.1.0/../../../../arm-none-eabi/lib/thumb\libg.a(lib_a-vfiprintf.o)
 .rodata._ctype_
                0x000000000200be68      0x101 c:/devkitpro/devkitarm/bin/../lib/gcc/arm-none-eabi/9.1.0/../../../../arm-none-eabi/lib/thumb\libg.a(lib_a-ctype_.o)
                0x000000000200be68                _ctype_
 *fill*         0x000000000200bf69        0x3 ff
 .rodata.str1.4
                0x000000000200bf6c       0x48 c:/devkitpro/devkitarm/bin/../lib/gcc/arm-none-eabi/9.1.0/../../../../arm-none-eabi/lib/thumb\libg.a(lib_a-locale.o)
                                         0x4c (size before relaxing)
 .rodata._mbrtowc_r.str1.4
                0x000000000200bfb4        0x1 c:/devkitpro/devkitarm/bin/../lib/gcc/arm-none-eabi/9.1.0/../../../../arm-none-eabi/lib/thumb\libg.a(lib_a-mbrtowc.o)
 .rodata.__action_table
                0x000000000200bfb4       0x6c c:/devkitpro/devkitarm/bin/../lib/gcc/arm-none-eabi/9.1.0/../../../../arm-none-eabi/lib/thumb\libg.a(lib_a-svfiprintf.o)
                0x000000000200bfb4                __action_table
 .rodata.__chclass
                0x000000000200c020      0x100 c:/devkitpro/devkitarm/bin/../lib/gcc/arm-none-eabi/9.1.0/../../../../arm-none-eabi/lib/thumb\libg.a(lib_a-svfiprintf.o)
                0x000000000200c020                __chclass
 .rodata.__state_table
                0x000000000200c120       0x6c c:/devkitpro/devkitarm/bin/../lib/gcc/arm-none-eabi/9.1.0/../../../../arm-none-eabi/lib/thumb\libg.a(lib_a-svfiprintf.o)
                0x000000000200c120                __state_table
 .rodata.__jp2uc
                0x000000000200c18c       0x20 c:/devkitpro/devkitarm/bin/../lib/gcc/arm-none-eabi/9.1.0/../../../../arm-none-eabi/lib/thumb\libg.a(lib_a-jp2uc.o)
 .rodata._jp2uc_l.str1.4
                0x000000000200c1ac       0x12 c:/devkitpro/devkitarm/bin/../lib/gcc/arm-none-eabi/9.1.0/../../../../arm-none-eabi/lib/thumb\libg.a(lib_a-jp2uc.o)
 *fill*         0x000000000200c1be        0x2 ff
 .rodata.a1     0x000000000200c1c0       0xbc c:/devkitpro/devkitarm/bin/../lib/gcc/arm-none-eabi/9.1.0/../../../../arm-none-eabi/lib/thumb\libg.a(lib_a-jp2uc.o)
 .rodata.a2     0x000000000200c27c       0xbc c:/devkitpro/devkitarm/bin/../lib/gcc/arm-none-eabi/9.1.0/../../../../arm-none-eabi/lib/thumb\libg.a(lib_a-jp2uc.o)
 .rodata.a3     0x000000000200c338       0x5b c:/devkitpro/devkitarm/bin/../lib/gcc/arm-none-eabi/9.1.0/../../../../arm-none-eabi/lib/thumb\libg.a(lib_a-jp2uc.o)
 *fill*         0x000000000200c393        0x1 ff
 .rodata.a6     0x000000000200c394       0x70 c:/devkitpro/devkitarm/bin/../lib/gcc/arm-none-eabi/9.1.0/../../../../arm-none-eabi/lib/thumb\libg.a(lib_a-jp2uc.o)
 .rodata.a7     0x000000000200c404       0xa2 c:/devkitpro/devkitarm/bin/../lib/gcc/arm-none-eabi/9.1.0/../../../../arm-none-eabi/lib/thumb\libg.a(lib_a-jp2uc.o)
 *fill*         0x000000000200c4a6        0x2 ff
 .rodata.a8     0x000000000200c4a8       0x40 c:/devkitpro/devkitarm/bin/../lib/gcc/arm-none-eabi/9.1.0/../../../../arm-none-eabi/lib/thumb\libg.a(lib_a-jp2uc.o)
 .rodata.b02cf  0x000000000200c4e8     0x172a c:/devkitpro/devkitarm/bin/../lib/gcc/arm-none-eabi/9.1.0/../../../../arm-none-eabi/lib/thumb\libg.a(lib_a-jp2uc.o)
 *fill*         0x000000000200dc12        0x2 ff
 .rodata.d02f4  0x000000000200dc14     0x1a7c c:/devkitpro/devkitarm/bin/../lib/gcc/arm-none-eabi/9.1.0/../../../../arm-none-eabi/lib/thumb\libg.a(lib_a-jp2uc.o)
 .rodata.categories
                0x000000000200f690     0x309c c:/devkitpro/devkitarm/bin/../lib/gcc/arm-none-eabi/9.1.0/../../../../arm-none-eabi/lib/thumb\libg.a(lib_a-categories.o)
 .rodata.AddDevice.str1.4
                0x000000000201272c        0x8 c:/devkitpro/devkitarm/bin/../lib/gcc/arm-none-eabi/9.1.0/../../../../arm-none-eabi/lib/thumb\libsysbase.a(iosupport.o)
 .rodata.dotab_stdnull
                0x0000000002012734       0x70 c:/devkitpro/devkitarm/bin/../lib/gcc/arm-none-eabi/9.1.0/../../../../arm-none-eabi/lib/thumb\libsysbase.a(iosupport.o)
                0x0000000002012734                dotab_stdnull
 *(EXCLUDE_FILE(*.twl*) .gnu.linkonce.r*)
                0x00000000020127a4                . = ALIGN (0x4)

.ARM.extab
 *(.ARM.extab* .gnu.linkonce.armextab.*)
                0x00000000020127a4                __exidx_start = .

ARM.exidx
 *(.ARM.exidx* .gnu.linkonce.armexidx.*)
                0x00000000020127a4                __exidx_end = .
                0x00000000020127a4                . = ALIGN (0x4)
                0x00000000020127a4                PROVIDE (__preinit_array_start = .)

.preinit_array
 *(.preinit_array)
                0x00000000020127a4                PROVIDE (__preinit_array_end = .)
                0x00000000020127a4                PROVIDE (__init_array_start = .)

.init_array     0x00000000020127a4        0x4
 *(SORT_BY_NAME(.init_array.*))
 *(.init_array)
 .init_array    0x00000000020127a4        0x4 c:/devkitpro/devkitarm/bin/../lib/gcc/arm-none-eabi/9.1.0/thumb/crtbegin.o
                0x00000000020127a8                PROVIDE (__init_array_end = .)
                [!provide]                        PROVIDE (__fini_array_start = .)

.fini_array     0x00000000020127a8        0x4
 *(.fini_array)
 .fini_array    0x00000000020127a8        0x4 c:/devkitpro/devkitarm/bin/../lib/gcc/arm-none-eabi/9.1.0/thumb/crtbegin.o
 *(SORT_BY_NAME(.fini_array.*))
                [!provide]                        PROVIDE (__fini_array_end = .)

.ctors          0x00000000020127ac        0x0
 *crtbegin.o(.ctors)
 *(EXCLUDE_FILE(*crtend.o) .ctors)
 *(SORT_BY_NAME(.ctors.*))
 *(.ctors)
                0x00000000020127ac                . = ALIGN (0x4)

.dtors          0x00000000020127ac        0x0
 *crtbegin.o(.dtors)
 *(EXCLUDE_FILE(*crtend.o) .dtors)
 *(SORT_BY_NAME(.dtors.*))
 *(.dtors)
                0x00000000020127ac                . = ALIGN (0x4)

.eh_frame       0x00000000020127ac        0x4
 *(.eh_frame)
 .eh_frame      0x00000000020127ac        0x0 c:/devkitpro/devkitarm/bin/../lib/gcc/arm-none-eabi/9.1.0/thumb/crtbegin.o
 .eh_frame      0x00000000020127ac        0x4 c:/devkitpro/devkitarm/bin/../lib/gcc/arm-none-eabi/9.1.0/thumb/crtend.o
                0x00000000020127b0                . = ALIGN (0x4)

.rel.dyn        0x00000000020127b0        0x0
 .rel.iplt      0x00000000020127b0        0x0 c:/devkitpro/devkitarm/bin/../lib/gcc/arm-none-eabi/9.1.0/../../../../arm-none-eabi/lib/thumb/ds_arm9_crt0.o

.gcc_except_table
                0x00000000020127b0        0x0
 *(.gcc_except_table)
                0x00000000020127b0                . = ALIGN (0x4)

.jcr
 *(.jcr)

.got
 *(.got.plt)
 *(.got)
 *(.rel.got)

.ewram          0x00000000020127b0        0x0
                0x00000000020127b0                __ewram_start = ABSOLUTE (.)
 *(.ewram)
 *ewram.*(.text)
                0x00000000020127b0                . = ALIGN (0x4)

.data           0x00000000020127b0     0x1bb4
                0x00000000020127b0                __data_start = ABSOLUTE (.)
 *(EXCLUDE_FILE(*.twl*) .data)
 .data          0x00000000020127b0       0x28 C:/devkitPro/libnds/lib\libnds9.a(mpu_setup.o)
 *(EXCLUDE_FILE(*.twl*) .data.*)
 .data.currentConsole
                0x00000000020127d8        0x4 C:/devkitPro/libnds/lib\libnds9.a(console.o)
                0x00000000020127d8                currentConsole
 .data.defaultConsole
                0x00000000020127dc       0x5c C:/devkitPro/libnds/lib\libnds9.a(console.o)
                0x00000000020127dc                defaultConsole
 .data.firstConsoleInit.6889
                0x0000000002012838        0x1 C:/devkitPro/libnds/lib\libnds9.a(console.o)
 *fill*         0x0000000002012839        0x3 ff
 .data.fifo_buffer_free
                0x000000000201283c        0x4 C:/devkitPro/libnds/lib\libnds9.a(fifosystem.o)
                0x000000000201283c                fifo_buffer_free
 .data.fifo_freewords
                0x0000000002012840        0x4 C:/devkitPro/libnds/lib\libnds9.a(fifosystem.o)
                0x0000000002012840                fifo_freewords
 .data.fifo_receive_queue
                0x0000000002012844        0x4 C:/devkitPro/libnds/lib\libnds9.a(fifosystem.o)
                0x0000000002012844                fifo_receive_queue
 .data.fifo_send_queue
                0x0000000002012848        0x4 C:/devkitPro/libnds/lib\libnds9.a(fifosystem.o)
                0x0000000002012848                fifo_send_queue
 .data.bgControl
                0x000000000201284c       0x20 C:/devkitPro/libnds/lib\libnds9.a(background.o)
                0x000000000201284c                bgControl
 .data.bgScrollTable
                0x000000000201286c       0x20 C:/devkitPro/libnds/lib\libnds9.a(background.o)
                0x000000000201286c                bgScrollTable
 .data.bgTransform
                0x000000000201288c       0x20 C:/devkitPro/libnds/lib\libnds9.a(background.o)
                0x000000000201288c                bgTransform
 .data.__sfp_recursive_mutex
                0x00000000020128ac        0xc c:/devkitpro/devkitarm/bin/../lib/gcc/arm-none-eabi/9.1.0/../../../../arm-none-eabi/lib/thumb\libg.a(lib_a-findfp.o)
 .data.__sinit_recursive_mutex
                0x00000000020128b8        0xc c:/devkitpro/devkitarm/bin/../lib/gcc/arm-none-eabi/9.1.0/../../../../arm-none-eabi/lib/thumb\libg.a(lib_a-findfp.o)
 .data._impure_ptr
                0x00000000020128c4        0x4 c:/devkitpro/devkitarm/bin/../lib/gcc/arm-none-eabi/9.1.0/../../../../arm-none-eabi/lib/thumb\libg.a(lib_a-impure.o)
                0x00000000020128c4                _impure_ptr
 *fill*         0x00000000020128c8        0x0 ff
 .data.impure_data
                0x00000000020128c8      0x460 c:/devkitpro/devkitarm/bin/../lib/gcc/arm-none-eabi/9.1.0/../../../../arm-none-eabi/lib/thumb\libg.a(lib_a-impure.o)
 .data.__global_locale
                0x0000000002012d28      0x16c c:/devkitpro/devkitarm/bin/../lib/gcc/arm-none-eabi/9.1.0/../../../../arm-none-eabi/lib/thumb\libg.a(lib_a-locale.o)
                0x0000000002012d28                __global_locale
 .data.__malloc_av_
                0x0000000002012e94      0x408 c:/devkitpro/devkitarm/bin/../lib/gcc/arm-none-eabi/9.1.0/../../../../arm-none-eabi/lib/thumb\libg.a(lib_a-mallocr.o)
                0x0000000002012e94                __malloc_av_
 .data.__malloc_sbrk_base
                0x000000000201329c        0x4 c:/devkitpro/devkitarm/bin/../lib/gcc/arm-none-eabi/9.1.0/../../../../arm-none-eabi/lib/thumb\libg.a(lib_a-mallocr.o)
                0x000000000201329c                __malloc_sbrk_base
 .data.__malloc_trim_threshold
                0x00000000020132a0        0x4 c:/devkitpro/devkitarm/bin/../lib/gcc/arm-none-eabi/9.1.0/../../../../arm-none-eabi/lib/thumb\libg.a(lib_a-mallocr.o)
                0x00000000020132a0                __malloc_trim_threshold
 .data.__malloc_recursive_mutex
                0x00000000020132a4        0xc c:/devkitpro/devkitarm/bin/../lib/gcc/arm-none-eabi/9.1.0/../../../../arm-none-eabi/lib/thumb\libg.a(lib_a-mlock.o)
 .data.devoptab_list
                0x00000000020132b0       0x8c c:/devkitpro/devkitarm/bin/../lib/gcc/arm-none-eabi/9.1.0/../../../../arm-none-eabi/lib/thumb\libsysbase.a(iosupport.o)
                0x00000000020132b0                devoptab_list
 .data.__hndl_lock
                0x000000000201333c        0x4 c:/devkitpro/devkitarm/bin/../lib/gcc/arm-none-eabi/9.1.0/../../../../arm-none-eabi/lib/thumb\libsysbase.a(handle_manager.o)
 .data.__stderr_handle
                0x0000000002013340        0xc c:/devkitpro/devkitarm/bin/../lib/gcc/arm-none-eabi/9.1.0/../../../../arm-none-eabi/lib/thumb\libsysbase.a(handle_manager.o)
 .data.__stdin_handle
                0x000000000201334c        0xc c:/devkitpro/devkitarm/bin/../lib/gcc/arm-none-eabi/9.1.0/../../../../arm-none-eabi/lib/thumb\libsysbase.a(handle_manager.o)
 .data.__stdout_handle
                0x0000000002013358        0xc c:/devkitpro/devkitarm/bin/../lib/gcc/arm-none-eabi/9.1.0/../../../../arm-none-eabi/lib/thumb\libsysbase.a(handle_manager.o)
 .data.handles  0x0000000002013364     0x1000 c:/devkitpro/devkitarm/bin/../lib/gcc/arm-none-eabi/9.1.0/../../../../arm-none-eabi/lib/thumb\libsysbase.a(handle_manager.o)
 *(EXCLUDE_FILE(*.twl*) .gnu.linkonce.d*)
                0x0000000002014364                . = ALIGN (0x4)
                0x0000000002014364                __data_end = ABSOLUTE (.)
                0x0000000002014364                __bss_vma = .

.igot.plt       0x0000000002014364        0x0
 .igot.plt      0x0000000002014364        0x0 c:/devkitpro/devkitarm/bin/../lib/gcc/arm-none-eabi/9.1.0/../../../../arm-none-eabi/lib/thumb/ds_arm9_crt0.o

.tm_clone_table
                0x0000000002014364        0x0
 .tm_clone_table
                0x0000000002014364        0x0 c:/devkitpro/devkitarm/bin/../lib/gcc/arm-none-eabi/9.1.0/thumb/crtbegin.o
 .tm_clone_table
                0x0000000002014364        0x0 c:/devkitpro/devkitarm/bin/../lib/gcc/arm-none-eabi/9.1.0/thumb/crtend.o

.dtcm           0x000000000b000000        0x0 load address 0x0000000002014364
                0x0000000002014364                __dtcm_lma = LOADADDR (.dtcm)
                0x000000000b000000                __dtcm_start = ABSOLUTE (.)
 *(.dtcm)
 *(.dtcm.*)
                0x000000000b000000                . = ALIGN (0x4)
                0x000000000b000000                __dtcm_end = ABSOLUTE (.)

.itcm           0x0000000001000100      0x194 load address 0x0000000002014364
                0x0000000002014364                __itcm_lma = LOADADDR (.itcm)
                0x0000000001000100                __itcm_start = ABSOLUTE (.)
 *(.itcm)
 .itcm          0x0000000001000100       0xc8 C:/devkitPro/libnds/lib\libnds9.a(interrupts.o)
                0x0000000001000100                irqTable
 .itcm          0x00000000010001c8       0xcc C:/devkitPro/libnds/lib\libnds9.a(interruptDispatcher.o)
                0x00000000010001c8                IntrMain
 *.itcm*(.text .stub .text.*)
                0x0000000001000294                . = ALIGN (0x4)
                0x0000000001000294                __itcm_end = ABSOLUTE (.)

.vectors        0x0000000001000000        0x0 load address 0x00000000020144f8
                0x00000000020144f8                __vectors_lma = LOADADDR (.vectors)
                0x0000000001000000                __vectors_start = ABSOLUTE (.)
 *(.vectors .vectors.*)
                0x0000000001000000                . = ALIGN (0x4)
                0x0000000001000000                __vectors_end = ABSOLUTE (.)

.sbss           0x000000000b000000        0x0
                0x000000000b000000                __sbss_start = ABSOLUTE (.)
                0x000000000b000000                __sbss_start__ = ABSOLUTE (.)
 *(.sbss)
                0x000000000b000000                . = ALIGN (0x4)
                0x000000000b000000                __sbss_end = ABSOLUTE (.)

.bss            0x0000000002014364      0xc98
                0x0000000002014364                __bss_start = ABSOLUTE (.)
                0x0000000002014364                __bss_start__ = ABSOLUTE (.)
 *(EXCLUDE_FILE(*.twl*) .dynbss)
 *(EXCLUDE_FILE(*.twl*) .gnu.linkonce.b*)
 *(EXCLUDE_FILE(*.twl*) .bss*)
 .bss.completed.9071
                0x0000000002014364        0x1 c:/devkitpro/devkitarm/bin/../lib/gcc/arm-none-eabi/9.1.0/thumb/crtbegin.o
 *fill*         0x0000000002014365        0x3 
 .bss.object.9076
                0x0000000002014368       0x18 c:/devkitpro/devkitarm/bin/../lib/gcc/arm-none-eabi/9.1.0/thumb/crtbegin.o
 .bss.processing
                0x0000000002014380        0x4 C:/devkitPro/libnds/lib\libnds9.a(fifosystem.o)
                0x0000000002014380                processing
 .bss.SDcallback
                0x0000000002014384        0x4 C:/devkitPro/libnds/lib\libnds9.a(system.o)
 .bss.__malloc_current_mallinfo
                0x0000000002014388       0x28 c:/devkitpro/devkitarm/bin/../lib/gcc/arm-none-eabi/9.1.0/../../../../arm-none-eabi/lib/thumb\libg.a(lib_a-mallocr.o)
                0x0000000002014388                __malloc_current_mallinfo
 .bss.__malloc_max_sbrked_mem
                0x00000000020143b0        0x4 c:/devkitpro/devkitarm/bin/../lib/gcc/arm-none-eabi/9.1.0/../../../../arm-none-eabi/lib/thumb\libg.a(lib_a-mallocr.o)
                0x00000000020143b0                __malloc_max_sbrked_mem
 .bss.__malloc_max_total_mem
                0x00000000020143b4        0x4 c:/devkitpro/devkitarm/bin/../lib/gcc/arm-none-eabi/9.1.0/../../../../arm-none-eabi/lib/thumb\libg.a(lib_a-mallocr.o)
                0x00000000020143b4                __malloc_max_total_mem
 .bss.__malloc_top_pad
                0x00000000020143b8        0x4 c:/devkitpro/devkitarm/bin/../lib/gcc/arm-none-eabi/9.1.0/../../../../arm-none-eabi/lib/thumb\libg.a(lib_a-mallocr.o)
                0x00000000020143b8                __malloc_top_pad
 .bss.heap_start.6057
                0x00000000020143bc        0x4 c:/devkitpro/devkitarm/bin/../lib/gcc/arm-none-eabi/9.1.0/../../../../arm-none-eabi/lib/thumb\libsysbase.a(sbrk.o)
 .bss.fake_heap_end
                0x00000000020143c0        0x4 c:/devkitpro/devkitarm/bin/../lib/gcc/arm-none-eabi/9.1.0/../../../../arm-none-eabi/lib/thumb\libsysbase.a(malloc_vars.o)
                0x00000000020143c0                fake_heap_end
 .bss.fake_heap_start
                0x00000000020143c4        0x4 c:/devkitpro/devkitarm/bin/../lib/gcc/arm-none-eabi/9.1.0/../../../../arm-none-eabi/lib/thumb\libsysbase.a(malloc_vars.o)
                0x00000000020143c4                fake_heap_start
 .bss.__syscalls
                0x00000000020143c8       0x48 c:/devkitpro/devkitarm/bin/../lib/gcc/arm-none-eabi/9.1.0/../../../../arm-none-eabi/lib/thumb\libsysbase.a(syscall_support.o)
                0x00000000020143c8                __syscalls
 *(EXCLUDE_FILE(*.twl*) COMMON)
 COMMON         0x0000000002014410       0x5c C:/devkitPro/libnds/lib\libnds9.a(console.o)
                0x0000000002014410                currentCopy
 COMMON         0x000000000201446c        0x1 C:/devkitPro/libnds/lib\libnds9.a(initSystem.o)
                0x000000000201446c                __dsimode
 *fill*         0x000000000201446d        0x3 
 COMMON         0x0000000002014470        0x4 C:/devkitPro/libnds/lib\libnds9.a(timeSupport.o)
                0x0000000002014470                punixTime
 COMMON         0x0000000002014474      0xa40 C:/devkitPro/libnds/lib\libnds9.a(fifosystem.o)
                0x0000000002014474                fifo_datamsg_data
                0x00000000020144b4                fifo_buffer
                0x0000000002014cb4                fifo_value32_func
                0x0000000002014cf4                fifo_address_func
                0x0000000002014d34                fifo_value32_data
                0x0000000002014d74                fifo_value32_queue
                0x0000000002014db4                fifo_data_queue
                0x0000000002014df4                fifo_address_data
                0x0000000002014e34                fifo_datamsg_func
                0x0000000002014e74                fifo_address_queue
 COMMON         0x0000000002014eb4      0x148 C:/devkitPro/libnds/lib\libnds9.a(background.o)
                0x0000000002014eb4                bgState
                0x0000000002014ff4                bgIsTextLut
                0x0000000002014ffc                . = ALIGN (0x4)
                0x0000000002014ffc                __bss_end__ = ABSOLUTE (.)
                0x0000000002014ffc                __end__ = ABSOLUTE (.)

.twl            0x0000000002014ffc        0x0 load address 0x0000000002400000
                0x0000000002400000                __arm9i_lma__ = LOADADDR (.twl)
                0x0000000002014ffc                __arm9i_start__ = ABSOLUTE (.)
 *(.twl)
 *.twl*(.text .stub .text.* .gnu.linkonce.t.*)
 *.twl*(.rodata)
 *.twl*(.roda)
 *.twl*(.rodata.*)
 *.twl*(.data)
 *.twl*(.data.*)
 *.twl*(.gnu.linkonce.d*)
                0x0000000002014ffc                __arm9i_end__ = ABSOLUTE (.)

.twl_bss        0x0000000002014ffc        0x0
                0x0000000002014ffc                __twl_bss_start__ = ABSOLUTE (.)
 *(.twl_bss)
 *.twl*(.dynbss)
 *.twl*(.gnu.linkonce.b*)
 *.twl*(.bss*)
 *.twl*(COMMON)
                0x0000000002014ffc                . = ALIGN (0x4)
                0x0000000002014ffc                __twl_bss_end__ = ABSOLUTE (.)
                0x0000000002014ffc                __twl_end__ = ABSOLUTE (.)

.stab
 *(.stab)

.stabstr
 *(.stabstr)

.stab.excl
 *(.stab.excl)

.stab.exclstr
 *(.stab.exclstr)

.stab.index
 *(.stab.index)

.stab.indexstr
 *(.stab.indexstr)

.comment        0x0000000000000000       0x44
 *(.comment)
 .comment       0x0000000000000000       0x22 c:/devkitpro/devkitarm/bin/../lib/gcc/arm-none-eabi/9.1.0/thumb/crtbegin.o
                                         0x23 (size before relaxing)
 .comment       0x0000000000000022       0x23 main.o
 .comment       0x0000000000000022       0x22 C:/devkitPro/libnds/lib\libnds9.a(video.o)
                                         0x23 (size before relaxing)
 .comment       0x0000000000000044       0x23 C:/devkitPro/libnds/lib\libnds9.a(console.o)
 .comment       0x0000000000000044       0x23 C:/devkitPro/libnds/lib\libnds9.a(initSystem.o)
 .comment       0x0000000000000044       0x23 C:/devkitPro/libnds/lib\libnds9.a(timeSupport.o)
 .comment       0x0000000000000044       0x23 C:/devkitPro/libnds/lib\libnds9.a(securearea.o)
 .comment       0x0000000000000044       0x23 C:/devkitPro/libnds/lib\libnds9.a(interrupts.o)
 .comment       0x0000000000000044       0x23 C:/devkitPro/libnds/lib\libnds9.a(libnds_exit.arm.o)
 .comment       0x0000000000000044       0x23 C:/devkitPro/libnds/lib\libnds9.a(fifosystem.o)
 .comment       0x0000000000000044       0x23 C:/devkitPro/libnds/lib\libnds9.a(background.o)
 .comment       0x0000000000000044       0x23 C:/devkitPro/libnds/lib\libnds9.a(system.o)
 .comment       0x0000000000000044       0x23 C:/devkitPro/libnds/lib\libnds9.a(trig.o)
 .comment       0x0000000000000044       0x23 c:/devkitpro/devkitarm/bin/../lib/gcc/arm-none-eabi/9.1.0/../../../../arm-none-eabi/lib/thumb\libg.a(lib_a-init.o)
 .comment       0x0000000000000044       0x23 c:/devkitpro/devkitarm/bin/../lib/gcc/arm-none-eabi/9.1.0/../../../../arm-none-eabi/lib/thumb\libg.a(lib_a-iprintf.o)
 .comment       0x0000000000000044       0x23 c:/devkitpro/devkitarm/bin/../lib/gcc/arm-none-eabi/9.1.0/../../../../arm-none-eabi/lib/thumb\libg.a(lib_a-memcpy-stub.o)
 .comment       0x0000000000000044       0x23 c:/devkitpro/devkitarm/bin/../lib/gcc/arm-none-eabi/9.1.0/../../../../arm-none-eabi/lib/thumb\libg.a(lib_a-memset.o)
 .comment       0x0000000000000044       0x23 c:/devkitpro/devkitarm/bin/../lib/gcc/arm-none-eabi/9.1.0/../../../../arm-none-eabi/lib/thumb\libg.a(lib_a-setvbuf.o)
 .comment       0x0000000000000044       0x23 c:/devkitpro/devkitarm/bin/../lib/gcc/arm-none-eabi/9.1.0/../../../../arm-none-eabi/lib/thumb\libg.a(lib_a-siscanf.o)
 .comment       0x0000000000000044       0x23 c:/devkitpro/devkitarm/bin/../lib/gcc/arm-none-eabi/9.1.0/../../../../arm-none-eabi/lib/thumb\libg.a(lib_a-stdio.o)
 .comment       0x0000000000000044       0x23 c:/devkitpro/devkitarm/bin/../lib/gcc/arm-none-eabi/9.1.0/../../../../arm-none-eabi/lib/thumb\libg.a(lib_a-strlen-stub.o)
 .comment       0x0000000000000044       0x23 c:/devkitpro/devkitarm/bin/../lib/gcc/arm-none-eabi/9.1.0/../../../../arm-none-eabi/lib/thumb\libg.a(lib_a-svfiscanf.o)
 .comment       0x0000000000000044       0x23 c:/devkitpro/devkitarm/bin/../lib/gcc/arm-none-eabi/9.1.0/../../../../arm-none-eabi/lib/thumb\libg.a(lib_a-ungetc.o)
 .comment       0x0000000000000044       0x23 c:/devkitpro/devkitarm/bin/../lib/gcc/arm-none-eabi/9.1.0/../../../../arm-none-eabi/lib/thumb\libg.a(lib_a-vfiprintf.o)
 .comment       0x0000000000000044       0x23 c:/devkitpro/devkitarm/bin/../lib/gcc/arm-none-eabi/9.1.0/../../../../arm-none-eabi/lib/thumb\libg.a(lib_a-wcrtomb.o)
 .comment       0x0000000000000044       0x23 c:/devkitpro/devkitarm/bin/../lib/gcc/arm-none-eabi/9.1.0/../../../../arm-none-eabi/lib/thumb\libg.a(lib_a-wcsrtombs.o)
 .comment       0x0000000000000044       0x23 c:/devkitpro/devkitarm/bin/../lib/gcc/arm-none-eabi/9.1.0/../../../../arm-none-eabi/lib/thumb\libg.a(lib_a-wsetup.o)
 .comment       0x0000000000000044       0x23 c:/devkitpro/devkitarm/bin/../lib/gcc/arm-none-eabi/9.1.0/../../../../arm-none-eabi/lib/thumb\libg.a(lib_a-ctype_.o)
 .comment       0x0000000000000044       0x23 c:/devkitpro/devkitarm/bin/../lib/gcc/arm-none-eabi/9.1.0/../../../../arm-none-eabi/lib/thumb\libg.a(lib_a-fflush.o)
 .comment       0x0000000000000044       0x23 c:/devkitpro/devkitarm/bin/../lib/gcc/arm-none-eabi/9.1.0/../../../../arm-none-eabi/lib/thumb\libg.a(lib_a-findfp.o)
 .comment       0x0000000000000044       0x23 c:/devkitpro/devkitarm/bin/../lib/gcc/arm-none-eabi/9.1.0/../../../../arm-none-eabi/lib/thumb\libg.a(lib_a-freer.o)
 .comment       0x0000000000000044       0x23 c:/devkitpro/devkitarm/bin/../lib/gcc/arm-none-eabi/9.1.0/../../../../arm-none-eabi/lib/thumb\libg.a(lib_a-fvwrite.o)
 .comment       0x0000000000000044       0x23 c:/devkitpro/devkitarm/bin/../lib/gcc/arm-none-eabi/9.1.0/../../../../arm-none-eabi/lib/thumb\libg.a(lib_a-fwalk.o)
 .comment       0x0000000000000044       0x23 c:/devkitpro/devkitarm/bin/../lib/gcc/arm-none-eabi/9.1.0/../../../../arm-none-eabi/lib/thumb\libg.a(lib_a-impure.o)
 .comment       0x0000000000000044       0x23 c:/devkitpro/devkitarm/bin/../lib/gcc/arm-none-eabi/9.1.0/../../../../arm-none-eabi/lib/thumb\libg.a(lib_a-iswspace.o)
 .comment       0x0000000000000044       0x23 c:/devkitpro/devkitarm/bin/../lib/gcc/arm-none-eabi/9.1.0/../../../../arm-none-eabi/lib/thumb\libg.a(lib_a-localeconv.o)
 .comment       0x0000000000000044       0x23 c:/devkitpro/devkitarm/bin/../lib/gcc/arm-none-eabi/9.1.0/../../../../arm-none-eabi/lib/thumb\libg.a(lib_a-locale.o)
 .comment       0x0000000000000044       0x23 c:/devkitpro/devkitarm/bin/../lib/gcc/arm-none-eabi/9.1.0/../../../../arm-none-eabi/lib/thumb\libg.a(lib_a-makebuf.o)
 .comment       0x0000000000000044       0x23 c:/devkitpro/devkitarm/bin/../lib/gcc/arm-none-eabi/9.1.0/../../../../arm-none-eabi/lib/thumb\libg.a(lib_a-malloc.o)
 .comment       0x0000000000000044       0x23 c:/devkitpro/devkitarm/bin/../lib/gcc/arm-none-eabi/9.1.0/../../../../arm-none-eabi/lib/thumb\libg.a(lib_a-mallocr.o)
 .comment       0x0000000000000044       0x23 c:/devkitpro/devkitarm/bin/../lib/gcc/arm-none-eabi/9.1.0/../../../../arm-none-eabi/lib/thumb\libg.a(lib_a-mbrtowc.o)
 .comment       0x0000000000000044       0x23 c:/devkitpro/devkitarm/bin/../lib/gcc/arm-none-eabi/9.1.0/../../../../arm-none-eabi/lib/thumb\libg.a(lib_a-mbtowc_r.o)
 .comment       0x0000000000000044       0x23 c:/devkitpro/devkitarm/bin/../lib/gcc/arm-none-eabi/9.1.0/../../../../arm-none-eabi/lib/thumb\libg.a(lib_a-memchr-stub.o)
 .comment       0x0000000000000044       0x23 c:/devkitpro/devkitarm/bin/../lib/gcc/arm-none-eabi/9.1.0/../../../../arm-none-eabi/lib/thumb\libg.a(lib_a-memmove.o)
 .comment       0x0000000000000044       0x23 c:/devkitpro/devkitarm/bin/../lib/gcc/arm-none-eabi/9.1.0/../../../../arm-none-eabi/lib/thumb\libg.a(lib_a-mlock.o)
 .comment       0x0000000000000044       0x23 c:/devkitpro/devkitarm/bin/../lib/gcc/arm-none-eabi/9.1.0/../../../../arm-none-eabi/lib/thumb\libg.a(lib_a-realloc.o)
 .comment       0x0000000000000044       0x23 c:/devkitpro/devkitarm/bin/../lib/gcc/arm-none-eabi/9.1.0/../../../../arm-none-eabi/lib/thumb\libg.a(lib_a-reallocr.o)
 .comment       0x0000000000000044       0x23 c:/devkitpro/devkitarm/bin/../lib/gcc/arm-none-eabi/9.1.0/../../../../arm-none-eabi/lib/thumb\libg.a(lib_a-sccl.o)
 .comment       0x0000000000000044       0x23 c:/devkitpro/devkitarm/bin/../lib/gcc/arm-none-eabi/9.1.0/../../../../arm-none-eabi/lib/thumb\libg.a(lib_a-strncpy.o)
 .comment       0x0000000000000044       0x23 c:/devkitpro/devkitarm/bin/../lib/gcc/arm-none-eabi/9.1.0/../../../../arm-none-eabi/lib/thumb\libg.a(lib_a-strtoll.o)
 .comment       0x0000000000000044       0x23 c:/devkitpro/devkitarm/bin/../lib/gcc/arm-none-eabi/9.1.0/../../../../arm-none-eabi/lib/thumb\libg.a(lib_a-strtol.o)
 .comment       0x0000000000000044       0x23 c:/devkitpro/devkitarm/bin/../lib/gcc/arm-none-eabi/9.1.0/../../../../arm-none-eabi/lib/thumb\libg.a(lib_a-strtoull.o)
 .comment       0x0000000000000044       0x23 c:/devkitpro/devkitarm/bin/../lib/gcc/arm-none-eabi/9.1.0/../../../../arm-none-eabi/lib/thumb\libg.a(lib_a-strtoul.o)
 .comment       0x0000000000000044       0x23 c:/devkitpro/devkitarm/bin/../lib/gcc/arm-none-eabi/9.1.0/../../../../arm-none-eabi/lib/thumb\libg.a(lib_a-svfiprintf.o)
 .comment       0x0000000000000044       0x23 c:/devkitpro/devkitarm/bin/../lib/gcc/arm-none-eabi/9.1.0/../../../../arm-none-eabi/lib/thumb\libg.a(lib_a-wcsnrtombs.o)
 .comment       0x0000000000000044       0x23 c:/devkitpro/devkitarm/bin/../lib/gcc/arm-none-eabi/9.1.0/../../../../arm-none-eabi/lib/thumb\libg.a(lib_a-wctomb_r.o)
 .comment       0x0000000000000044       0x23 c:/devkitpro/devkitarm/bin/../lib/gcc/arm-none-eabi/9.1.0/../../../../arm-none-eabi/lib/thumb\libg.a(lib_a-fclose.o)
 .comment       0x0000000000000044       0x23 c:/devkitpro/devkitarm/bin/../lib/gcc/arm-none-eabi/9.1.0/../../../../arm-none-eabi/lib/thumb\libg.a(lib_a-iswspace_l.o)
 .comment       0x0000000000000044       0x23 c:/devkitpro/devkitarm/bin/../lib/gcc/arm-none-eabi/9.1.0/../../../../arm-none-eabi/lib/thumb\libg.a(lib_a-jp2uc.o)
 .comment       0x0000000000000044       0x23 c:/devkitpro/devkitarm/bin/../lib/gcc/arm-none-eabi/9.1.0/../../../../arm-none-eabi/lib/thumb\libg.a(lib_a-categories.o)
 .comment       0x0000000000000044       0x23 c:/devkitpro/devkitarm/bin/../lib/gcc/arm-none-eabi/9.1.0/../../../../arm-none-eabi/lib/thumb\libsysbase.a(iosupport.o)
 .comment       0x0000000000000044       0x23 c:/devkitpro/devkitarm/bin/../lib/gcc/arm-none-eabi/9.1.0/../../../../arm-none-eabi/lib/thumb\libsysbase.a(fstat.o)
 .comment       0x0000000000000044       0x23 c:/devkitpro/devkitarm/bin/../lib/gcc/arm-none-eabi/9.1.0/../../../../arm-none-eabi/lib/thumb\libsysbase.a(isatty.o)
 .comment       0x0000000000000044       0x23 c:/devkitpro/devkitarm/bin/../lib/gcc/arm-none-eabi/9.1.0/../../../../arm-none-eabi/lib/thumb\libsysbase.a(lseek.o)
 .comment       0x0000000000000044       0x23 c:/devkitpro/devkitarm/bin/../lib/gcc/arm-none-eabi/9.1.0/../../../../arm-none-eabi/lib/thumb\libsysbase.a(read.o)
 .comment       0x0000000000000044       0x23 c:/devkitpro/devkitarm/bin/../lib/gcc/arm-none-eabi/9.1.0/../../../../arm-none-eabi/lib/thumb\libsysbase.a(sbrk.o)
 .comment       0x0000000000000044       0x23 c:/devkitpro/devkitarm/bin/../lib/gcc/arm-none-eabi/9.1.0/../../../../arm-none-eabi/lib/thumb\libsysbase.a(write.o)
 .comment       0x0000000000000044       0x23 c:/devkitpro/devkitarm/bin/../lib/gcc/arm-none-eabi/9.1.0/../../../../arm-none-eabi/lib/thumb\libsysbase.a(malloc_vars.o)
 .comment       0x0000000000000044       0x23 c:/devkitpro/devkitarm/bin/../lib/gcc/arm-none-eabi/9.1.0/../../../../arm-none-eabi/lib/thumb\libsysbase.a(build_argv.o)
 .comment       0x0000000000000044       0x23 c:/devkitpro/devkitarm/bin/../lib/gcc/arm-none-eabi/9.1.0/../../../../arm-none-eabi/lib/thumb\libsysbase.a(flock.o)
 .comment       0x0000000000000044       0x23 c:/devkitpro/devkitarm/bin/../lib/gcc/arm-none-eabi/9.1.0/../../../../arm-none-eabi/lib/thumb\libsysbase.a(syscall_support.o)
 .comment       0x0000000000000044       0x23 c:/devkitpro/devkitarm/bin/../lib/gcc/arm-none-eabi/9.1.0/../../../../arm-none-eabi/lib/thumb\libsysbase.a(handle_manager.o)
 .comment       0x0000000000000044       0x23 c:/devkitpro/devkitarm/bin/../lib/gcc/arm-none-eabi/9.1.0/../../../../arm-none-eabi/lib/thumb\libsysbase.a(getreent.o)
 .comment       0x0000000000000044       0x23 c:/devkitpro/devkitarm/bin/../lib/gcc/arm-none-eabi/9.1.0/thumb\libgcc.a(_muldi3.o)
 .comment       0x0000000000000044       0x23 c:/devkitpro/devkitarm/bin/../lib/gcc/arm-none-eabi/9.1.0/thumb\libgcc.a(_udivmoddi4.o)
 .comment       0x0000000000000044       0x23 c:/devkitpro/devkitarm/bin/../lib/gcc/arm-none-eabi/9.1.0/thumb/crtend.o

.ARM.attributes
                0x0000000000000000       0x2d
 .ARM.attributes
                0x0000000000000000       0x21 c:/devkitpro/devkitarm/bin/../lib/gcc/arm-none-eabi/9.1.0/../../../../arm-none-eabi/lib/thumb/ds_arm9_crt0.o
 .ARM.attributes
                0x0000000000000021       0x1c c:/devkitpro/devkitarm/bin/../lib/gcc/arm-none-eabi/9.1.0/thumb/crti.o
 .ARM.attributes
                0x000000000000003d       0x2a c:/devkitpro/devkitarm/bin/../lib/gcc/arm-none-eabi/9.1.0/thumb/crtbegin.o
 .ARM.attributes
                0x0000000000000067       0x27 main.o
 .ARM.attributes
                0x000000000000008e       0x2b C:/devkitPro/libnds/lib\libnds9.a(video.o)
 .ARM.attributes
                0x00000000000000b9       0x2b C:/devkitPro/libnds/lib\libnds9.a(console.o)
 .ARM.attributes
                0x00000000000000e4       0x2b C:/devkitPro/libnds/lib\libnds9.a(initSystem.o)
 .ARM.attributes
                0x000000000000010f       0x2b C:/devkitPro/libnds/lib\libnds9.a(timeSupport.o)
 .ARM.attributes
                0x000000000000013a       0x2b C:/devkitPro/libnds/lib\libnds9.a(securearea.o)
 .ARM.attributes
                0x0000000000000165       0x2b C:/devkitPro/libnds/lib\libnds9.a(interrupts.o)
 .ARM.attributes
                0x0000000000000190       0x2b C:/devkitPro/libnds/lib\libnds9.a(libnds_exit.arm.o)
 .ARM.attributes
                0x00000000000001bb       0x2b C:/devkitPro/libnds/lib\libnds9.a(fifosystem.o)
 .ARM.attributes
                0x00000000000001e6       0x21 C:/devkitPro/libnds/lib\libnds9.a(mpu_setup.o)
 .ARM.attributes
                0x0000000000000207       0x21 C:/devkitPro/libnds/lib\libnds9.a(IntrWait.o)
 .ARM.attributes
                0x0000000000000228       0x21 C:/devkitPro/libnds/lib\libnds9.a(cpu_clock.o)
 .ARM.attributes
                0x0000000000000249       0x1b C:/devkitPro/libnds/lib\libnds9.a(interruptDispatcher.o)
 .ARM.attributes
                0x0000000000000264       0x21 C:/devkitPro/libnds/lib\libnds9.a(swiSoftReset.o)
 .ARM.attributes
                0x0000000000000285       0x14 C:/devkitPro/libnds/lib\libnds9.a(default_font.bin.o)
 .ARM.attributes
                0x0000000000000299       0x2b C:/devkitPro/libnds/lib\libnds9.a(background.o)
 .ARM.attributes
                0x00000000000002c4       0x2b C:/devkitPro/libnds/lib\libnds9.a(system.o)
 .ARM.attributes
                0x00000000000002ef       0x2b C:/devkitPro/libnds/lib\libnds9.a(trig.o)
 .ARM.attributes
                0x000000000000031a       0x1b C:/devkitPro/libnds/lib\libnds9.a(biosCalls.o)
 .ARM.attributes
                0x0000000000000335       0x1c c:/devkitpro/devkitarm/bin/../lib/gcc/arm-none-eabi/9.1.0/thumb\libgcc.a(_divsi3.o)
 .ARM.attributes
                0x0000000000000351       0x1c c:/devkitpro/devkitarm/bin/../lib/gcc/arm-none-eabi/9.1.0/thumb\libgcc.a(_dvmd_tls.o)
 .ARM.attributes
                0x000000000000036d       0x2a c:/devkitpro/devkitarm/bin/../lib/gcc/arm-none-eabi/9.1.0/../../../../arm-none-eabi/lib/thumb\libg.a(lib_a-init.o)
 .ARM.attributes
                0x0000000000000397       0x2a c:/devkitpro/devkitarm/bin/../lib/gcc/arm-none-eabi/9.1.0/../../../../arm-none-eabi/lib/thumb\libg.a(lib_a-iprintf.o)
 .ARM.attributes
                0x00000000000003c1       0x2a c:/devkitpro/devkitarm/bin/../lib/gcc/arm-none-eabi/9.1.0/../../../../arm-none-eabi/lib/thumb\libg.a(lib_a-memcpy-stub.o)
 .ARM.attributes
                0x00000000000003eb       0x2a c:/devkitpro/devkitarm/bin/../lib/gcc/arm-none-eabi/9.1.0/../../../../arm-none-eabi/lib/thumb\libg.a(lib_a-memset.o)
 .ARM.attributes
                0x0000000000000415       0x2a c:/devkitpro/devkitarm/bin/../lib/gcc/arm-none-eabi/9.1.0/../../../../arm-none-eabi/lib/thumb\libg.a(lib_a-setvbuf.o)
 .ARM.attributes
                0x000000000000043f       0x2a c:/devkitpro/devkitarm/bin/../lib/gcc/arm-none-eabi/9.1.0/../../../../arm-none-eabi/lib/thumb\libg.a(lib_a-siscanf.o)
 .ARM.attributes
                0x0000000000000469       0x2a c:/devkitpro/devkitarm/bin/../lib/gcc/arm-none-eabi/9.1.0/../../../../arm-none-eabi/lib/thumb\libg.a(lib_a-stdio.o)
 .ARM.attributes
                0x0000000000000493       0x2a c:/devkitpro/devkitarm/bin/../lib/gcc/arm-none-eabi/9.1.0/../../../../arm-none-eabi/lib/thumb\libg.a(lib_a-strlen-stub.o)
 .ARM.attributes
                0x00000000000004bd       0x2a c:/devkitpro/devkitarm/bin/../lib/gcc/arm-none-eabi/9.1.0/../../../../arm-none-eabi/lib/thumb\libg.a(lib_a-svfiscanf.o)
 .ARM.attributes
                0x00000000000004e7       0x2a c:/devkitpro/devkitarm/bin/../lib/gcc/arm-none-eabi/9.1.0/../../../../arm-none-eabi/lib/thumb\libg.a(lib_a-ungetc.o)
 .ARM.attributes
                0x0000000000000511       0x2a c:/devkitpro/devkitarm/bin/../lib/gcc/arm-none-eabi/9.1.0/../../../../arm-none-eabi/lib/thumb\libg.a(lib_a-vfiprintf.o)
 .ARM.attributes
                0x000000000000053b       0x2a c:/devkitpro/devkitarm/bin/../lib/gcc/arm-none-eabi/9.1.0/../../../../arm-none-eabi/lib/thumb\libg.a(lib_a-wcrtomb.o)
 .ARM.attributes
                0x0000000000000565       0x2a c:/devkitpro/devkitarm/bin/../lib/gcc/arm-none-eabi/9.1.0/../../../../arm-none-eabi/lib/thumb\libg.a(lib_a-wcsrtombs.o)
 .ARM.attributes
                0x000000000000058f       0x2a c:/devkitpro/devkitarm/bin/../lib/gcc/arm-none-eabi/9.1.0/../../../../arm-none-eabi/lib/thumb\libg.a(lib_a-wsetup.o)
 .ARM.attributes
                0x00000000000005b9       0x2a c:/devkitpro/devkitarm/bin/../lib/gcc/arm-none-eabi/9.1.0/../../../../arm-none-eabi/lib/thumb\libg.a(lib_a-ctype_.o)
 .ARM.attributes
                0x00000000000005e3       0x2a c:/devkitpro/devkitarm/bin/../lib/gcc/arm-none-eabi/9.1.0/../../../../arm-none-eabi/lib/thumb\libg.a(lib_a-fflush.o)
 .ARM.attributes
                0x000000000000060d       0x2a c:/devkitpro/devkitarm/bin/../lib/gcc/arm-none-eabi/9.1.0/../../../../arm-none-eabi/lib/thumb\libg.a(lib_a-findfp.o)
 .ARM.attributes
                0x0000000000000637       0x2a c:/devkitpro/devkitarm/bin/../lib/gcc/arm-none-eabi/9.1.0/../../../../arm-none-eabi/lib/thumb\libg.a(lib_a-freer.o)
 .ARM.attributes
                0x0000000000000661       0x2a c:/devkitpro/devkitarm/bin/../lib/gcc/arm-none-eabi/9.1.0/../../../../arm-none-eabi/lib/thumb\libg.a(lib_a-fvwrite.o)
 .ARM.attributes
                0x000000000000068b       0x2a c:/devkitpro/devkitarm/bin/../lib/gcc/arm-none-eabi/9.1.0/../../../../arm-none-eabi/lib/thumb\libg.a(lib_a-fwalk.o)
 .ARM.attributes
                0x00000000000006b5       0x30 c:/devkitpro/devkitarm/bin/../lib/gcc/arm-none-eabi/9.1.0/../../../../arm-none-eabi/lib/thumb\libg.a(lib_a-impure.o)
 .ARM.attributes
                0x00000000000006e5       0x2a c:/devkitpro/devkitarm/bin/../lib/gcc/arm-none-eabi/9.1.0/../../../../arm-none-eabi/lib/thumb\libg.a(lib_a-iswspace.o)
 .ARM.attributes
                0x000000000000070f       0x2a c:/devkitpro/devkitarm/bin/../lib/gcc/arm-none-eabi/9.1.0/../../../../arm-none-eabi/lib/thumb\libg.a(lib_a-localeconv.o)
 .ARM.attributes
                0x0000000000000739       0x2a c:/devkitpro/devkitarm/bin/../lib/gcc/arm-none-eabi/9.1.0/../../../../arm-none-eabi/lib/thumb\libg.a(lib_a-locale.o)
 .ARM.attributes
                0x0000000000000763       0x2a c:/devkitpro/devkitarm/bin/../lib/gcc/arm-none-eabi/9.1.0/../../../../arm-none-eabi/lib/thumb\libg.a(lib_a-makebuf.o)
 .ARM.attributes
                0x000000000000078d       0x2a c:/devkitpro/devkitarm/bin/../lib/gcc/arm-none-eabi/9.1.0/../../../../arm-none-eabi/lib/thumb\libg.a(lib_a-malloc.o)
 .ARM.attributes
                0x00000000000007b7       0x2a c:/devkitpro/devkitarm/bin/../lib/gcc/arm-none-eabi/9.1.0/../../../../arm-none-eabi/lib/thumb\libg.a(lib_a-mallocr.o)
 .ARM.attributes
                0x00000000000007e1       0x2a c:/devkitpro/devkitarm/bin/../lib/gcc/arm-none-eabi/9.1.0/../../../../arm-none-eabi/lib/thumb\libg.a(lib_a-mbrtowc.o)
 .ARM.attributes
                0x000000000000080b       0x2a c:/devkitpro/devkitarm/bin/../lib/gcc/arm-none-eabi/9.1.0/../../../../arm-none-eabi/lib/thumb\libg.a(lib_a-mbtowc_r.o)
 .ARM.attributes
                0x0000000000000835       0x2a c:/devkitpro/devkitarm/bin/../lib/gcc/arm-none-eabi/9.1.0/../../../../arm-none-eabi/lib/thumb\libg.a(lib_a-memchr-stub.o)
 .ARM.attributes
                0x000000000000085f       0x2a c:/devkitpro/devkitarm/bin/../lib/gcc/arm-none-eabi/9.1.0/../../../../arm-none-eabi/lib/thumb\libg.a(lib_a-memmove.o)
 .ARM.attributes
                0x0000000000000889       0x2a c:/devkitpro/devkitarm/bin/../lib/gcc/arm-none-eabi/9.1.0/../../../../arm-none-eabi/lib/thumb\libg.a(lib_a-mlock.o)
 .ARM.attributes
                0x00000000000008b3       0x2a c:/devkitpro/devkitarm/bin/../lib/gcc/arm-none-eabi/9.1.0/../../../../arm-none-eabi/lib/thumb\libg.a(lib_a-realloc.o)
 .ARM.attributes
                0x00000000000008dd       0x2a c:/devkitpro/devkitarm/bin/../lib/gcc/arm-none-eabi/9.1.0/../../../../arm-none-eabi/lib/thumb\libg.a(lib_a-reallocr.o)
 .ARM.attributes
                0x0000000000000907       0x2a c:/devkitpro/devkitarm/bin/../lib/gcc/arm-none-eabi/9.1.0/../../../../arm-none-eabi/lib/thumb\libg.a(lib_a-sccl.o)
 .ARM.attributes
                0x0000000000000931       0x1a c:/devkitpro/devkitarm/bin/../lib/gcc/arm-none-eabi/9.1.0/../../../../arm-none-eabi/lib/thumb\libg.a(lib_a-strcmp.o)
 .ARM.attributes
                0x000000000000094b       0x2a c:/devkitpro/devkitarm/bin/../lib/gcc/arm-none-eabi/9.1.0/../../../../arm-none-eabi/lib/thumb\libg.a(lib_a-strncpy.o)
 .ARM.attributes
                0x0000000000000975       0x2a c:/devkitpro/devkitarm/bin/../lib/gcc/arm-none-eabi/9.1.0/../../../../arm-none-eabi/lib/thumb\libg.a(lib_a-strtoll.o)
 .ARM.attributes
                0x000000000000099f       0x2a c:/devkitpro/devkitarm/bin/../lib/gcc/arm-none-eabi/9.1.0/../../../../arm-none-eabi/lib/thumb\libg.a(lib_a-strtol.o)
 .ARM.attributes
                0x00000000000009c9       0x2a c:/devkitpro/devkitarm/bin/../lib/gcc/arm-none-eabi/9.1.0/../../../../arm-none-eabi/lib/thumb\libg.a(lib_a-strtoull.o)
 .ARM.attributes
                0x00000000000009f3       0x2a c:/devkitpro/devkitarm/bin/../lib/gcc/arm-none-eabi/9.1.0/../../../../arm-none-eabi/lib/thumb\libg.a(lib_a-strtoul.o)
 .ARM.attributes
                0x0000000000000a1d       0x2a c:/devkitpro/devkitarm/bin/../lib/gcc/arm-none-eabi/9.1.0/../../../../arm-none-eabi/lib/thumb\libg.a(lib_a-svfiprintf.o)
 .ARM.attributes
                0x0000000000000a47       0x2a c:/devkitpro/devkitarm/bin/../lib/gcc/arm-none-eabi/9.1.0/../../../../arm-none-eabi/lib/thumb\libg.a(lib_a-wcsnrtombs.o)
 .ARM.attributes
                0x0000000000000a71       0x2a c:/devkitpro/devkitarm/bin/../lib/gcc/arm-none-eabi/9.1.0/../../../../arm-none-eabi/lib/thumb\libg.a(lib_a-wctomb_r.o)
 .ARM.attributes
                0x0000000000000a9b       0x2a c:/devkitpro/devkitarm/bin/../lib/gcc/arm-none-eabi/9.1.0/../../../../arm-none-eabi/lib/thumb\libg.a(lib_a-fclose.o)
 .ARM.attributes
                0x0000000000000ac5       0x2a c:/devkitpro/devkitarm/bin/../lib/gcc/arm-none-eabi/9.1.0/../../../../arm-none-eabi/lib/thumb\libg.a(lib_a-iswspace_l.o)
 .ARM.attributes
                0x0000000000000aef       0x2a c:/devkitpro/devkitarm/bin/../lib/gcc/arm-none-eabi/9.1.0/../../../../arm-none-eabi/lib/thumb\libg.a(lib_a-jp2uc.o)
 .ARM.attributes
                0x0000000000000b19       0x2a c:/devkitpro/devkitarm/bin/../lib/gcc/arm-none-eabi/9.1.0/../../../../arm-none-eabi/lib/thumb\libg.a(lib_a-categories.o)
 .ARM.attributes
                0x0000000000000b43       0x2a c:/devkitpro/devkitarm/bin/../lib/gcc/arm-none-eabi/9.1.0/../../../../arm-none-eabi/lib/thumb\libsysbase.a(iosupport.o)
 .ARM.attributes
                0x0000000000000b6d       0x2a c:/devkitpro/devkitarm/bin/../lib/gcc/arm-none-eabi/9.1.0/../../../../arm-none-eabi/lib/thumb\libsysbase.a(fstat.o)
 .ARM.attributes
                0x0000000000000b97       0x2a c:/devkitpro/devkitarm/bin/../lib/gcc/arm-none-eabi/9.1.0/../../../../arm-none-eabi/lib/thumb\libsysbase.a(isatty.o)
 .ARM.attributes
                0x0000000000000bc1       0x2a c:/devkitpro/devkitarm/bin/../lib/gcc/arm-none-eabi/9.1.0/../../../../arm-none-eabi/lib/thumb\libsysbase.a(lseek.o)
 .ARM.attributes
                0x0000000000000beb       0x2a c:/devkitpro/devkitarm/bin/../lib/gcc/arm-none-eabi/9.1.0/../../../../arm-none-eabi/lib/thumb\libsysbase.a(read.o)
 .ARM.attributes
                0x0000000000000c15       0x2a c:/devkitpro/devkitarm/bin/../lib/gcc/arm-none-eabi/9.1.0/../../../../arm-none-eabi/lib/thumb\libsysbase.a(sbrk.o)
 .ARM.attributes
                0x0000000000000c3f       0x2a c:/devkitpro/devkitarm/bin/../lib/gcc/arm-none-eabi/9.1.0/../../../../arm-none-eabi/lib/thumb\libsysbase.a(write.o)
 .ARM.attributes
                0x0000000000000c69       0x30 c:/devkitpro/devkitarm/bin/../lib/gcc/arm-none-eabi/9.1.0/../../../../arm-none-eabi/lib/thumb\libsysbase.a(malloc_vars.o)
 .ARM.attributes
                0x0000000000000c99       0x2a c:/devkitpro/devkitarm/bin/../lib/gcc/arm-none-eabi/9.1.0/../../../../arm-none-eabi/lib/thumb\libsysbase.a(build_argv.o)
 .ARM.attributes
                0x0000000000000cc3       0x2a c:/devkitpro/devkitarm/bin/../lib/gcc/arm-none-eabi/9.1.0/../../../../arm-none-eabi/lib/thumb\libsysbase.a(flock.o)
 .ARM.attributes
                0x0000000000000ced       0x2a c:/devkitpro/devkitarm/bin/../lib/gcc/arm-none-eabi/9.1.0/../../../../arm-none-eabi/lib/thumb\libsysbase.a(syscall_support.o)
 .ARM.attributes
                0x0000000000000d17       0x2a c:/devkitpro/devkitarm/bin/../lib/gcc/arm-none-eabi/9.1.0/../../../../arm-none-eabi/lib/thumb\libsysbase.a(handle_manager.o)
 .ARM.attributes
                0x0000000000000d41       0x2a c:/devkitpro/devkitarm/bin/../lib/gcc/arm-none-eabi/9.1.0/../../../../arm-none-eabi/lib/thumb\libsysbase.a(getreent.o)
 .ARM.attributes
                0x0000000000000d6b       0x1c c:/devkitpro/devkitarm/bin/../lib/gcc/arm-none-eabi/9.1.0/thumb\libgcc.a(_thumb1_case_uqi.o)
 .ARM.attributes
                0x0000000000000d87       0x1c c:/devkitpro/devkitarm/bin/../lib/gcc/arm-none-eabi/9.1.0/thumb\libgcc.a(_thumb1_case_uhi.o)
 .ARM.attributes
                0x0000000000000da3       0x1c c:/devkitpro/devkitarm/bin/../lib/gcc/arm-none-eabi/9.1.0/thumb\libgcc.a(_udivsi3.o)
 .ARM.attributes
                0x0000000000000dbf       0x1c c:/devkitpro/devkitarm/bin/../lib/gcc/arm-none-eabi/9.1.0/thumb\libgcc.a(_aeabi_uldivmod.o)
 .ARM.attributes
                0x0000000000000ddb       0x2a c:/devkitpro/devkitarm/bin/../lib/gcc/arm-none-eabi/9.1.0/thumb\libgcc.a(_muldi3.o)
 .ARM.attributes
                0x0000000000000e05       0x2a c:/devkitpro/devkitarm/bin/../lib/gcc/arm-none-eabi/9.1.0/thumb\libgcc.a(_udivmoddi4.o)
 .ARM.attributes
                0x0000000000000e2f       0x1c c:/devkitpro/devkitarm/bin/../lib/gcc/arm-none-eabi/9.1.0/thumb\libgcc.a(_clzdi2.o)
 .ARM.attributes
                0x0000000000000e4b       0x1c c:/devkitpro/devkitarm/bin/../lib/gcc/arm-none-eabi/9.1.0/thumb\libgcc.a(_clzsi2.o)
 .ARM.attributes
                0x0000000000000e67       0x30 c:/devkitpro/devkitarm/bin/../lib/gcc/arm-none-eabi/9.1.0/thumb/crtend.o
 .ARM.attributes
                0x0000000000000e97       0x1c c:/devkitpro/devkitarm/bin/../lib/gcc/arm-none-eabi/9.1.0/thumb/crtn.o

.debug
 *(.debug)

.line
 *(.line)

.debug_srcinfo
 *(.debug_srcinfo)

.debug_sfnames
 *(.debug_sfnames)

.debug_aranges  0x0000000000000000      0x508
 *(.debug_aranges)
 .debug_aranges
                0x0000000000000000       0x20 main.o
 .debug_aranges
                0x0000000000000020       0x48 C:/devkitPro/libnds/lib\libnds9.a(video.o)
 .debug_aranges
                0x0000000000000068       0x88 C:/devkitPro/libnds/lib\libnds9.a(console.o)
 .debug_aranges
                0x00000000000000f0       0x20 C:/devkitPro/libnds/lib\libnds9.a(initSystem.o)
 .debug_aranges
                0x0000000000000110       0x20 C:/devkitPro/libnds/lib\libnds9.a(timeSupport.o)
 .debug_aranges
                0x0000000000000130       0x18 C:/devkitPro/libnds/lib\libnds9.a(securearea.o)
 .debug_aranges
                0x0000000000000148       0x50 C:/devkitPro/libnds/lib\libnds9.a(interrupts.o)
 .debug_aranges
                0x0000000000000198       0x28 C:/devkitPro/libnds/lib\libnds9.a(libnds_exit.arm.o)
 .debug_aranges
                0x00000000000001c0       0xb8 C:/devkitPro/libnds/lib\libnds9.a(fifosystem.o)
 .debug_aranges
                0x0000000000000278       0x30 C:/devkitPro/libnds/lib\libnds9.a(mpu_setup.o)
 .debug_aranges
                0x00000000000002a8       0x28 C:/devkitPro/libnds/lib\libnds9.a(IntrWait.o)
 .debug_aranges
                0x00000000000002d0       0x20 C:/devkitPro/libnds/lib\libnds9.a(cpu_clock.o)
 .debug_aranges
                0x00000000000002f0       0x20 C:/devkitPro/libnds/lib\libnds9.a(interruptDispatcher.o)
 .debug_aranges
                0x0000000000000310       0x20 C:/devkitPro/libnds/lib\libnds9.a(swiSoftReset.o)
 .debug_aranges
                0x0000000000000330       0x48 C:/devkitPro/libnds/lib\libnds9.a(background.o)
 .debug_aranges
                0x0000000000000378       0x68 C:/devkitPro/libnds/lib\libnds9.a(system.o)
 .debug_aranges
                0x00000000000003e0       0x60 C:/devkitPro/libnds/lib\libnds9.a(trig.o)
 .debug_aranges
                0x0000000000000440       0xc8 C:/devkitPro/libnds/lib\libnds9.a(biosCalls.o)

.debug_pubnames
 *(.debug_pubnames)

.debug_info     0x0000000000000000     0xee67
 *(.debug_info)
 .debug_info    0x0000000000000000     0x23bb main.o
 .debug_info    0x00000000000023bb      0x7dd C:/devkitPro/libnds/lib\libnds9.a(video.o)
 .debug_info    0x0000000000002b98     0x2a1a C:/devkitPro/libnds/lib\libnds9.a(console.o)
 .debug_info    0x00000000000055b2     0x1f13 C:/devkitPro/libnds/lib\libnds9.a(initSystem.o)
 .debug_info    0x00000000000074c5      0xab7 C:/devkitPro/libnds/lib\libnds9.a(timeSupport.o)
 .debug_info    0x0000000000007f7c       0x59 C:/devkitPro/libnds/lib\libnds9.a(securearea.o)
 .debug_info    0x0000000000007fd5      0x735 C:/devkitPro/libnds/lib\libnds9.a(interrupts.o)
 .debug_info    0x000000000000870a      0xd29 C:/devkitPro/libnds/lib\libnds9.a(libnds_exit.arm.o)
 .debug_info    0x0000000000009433     0x2197 C:/devkitPro/libnds/lib\libnds9.a(fifosystem.o)
 .debug_info    0x000000000000b5ca       0x22 C:/devkitPro/libnds/lib\libnds9.a(mpu_setup.o)
 .debug_info    0x000000000000b5ec       0x22 C:/devkitPro/libnds/lib\libnds9.a(IntrWait.o)
 .debug_info    0x000000000000b60e       0x26 C:/devkitPro/libnds/lib\libnds9.a(cpu_clock.o)
 .debug_info    0x000000000000b634       0x26 C:/devkitPro/libnds/lib\libnds9.a(interruptDispatcher.o)
 .debug_info    0x000000000000b65a       0x26 C:/devkitPro/libnds/lib\libnds9.a(swiSoftReset.o)
 .debug_info    0x000000000000b680     0x1424 C:/devkitPro/libnds/lib\libnds9.a(background.o)
 .debug_info    0x000000000000caa4     0x1482 C:/devkitPro/libnds/lib\libnds9.a(system.o)
 .debug_info    0x000000000000df26      0xf1f C:/devkitPro/libnds/lib\libnds9.a(trig.o)
 .debug_info    0x000000000000ee45       0x22 C:/devkitPro/libnds/lib\libnds9.a(biosCalls.o)

.debug_abbrev   0x0000000000000000     0x2817
 *(.debug_abbrev)
 .debug_abbrev  0x0000000000000000      0x2f8 main.o
 .debug_abbrev  0x00000000000002f8      0x254 C:/devkitPro/libnds/lib\libnds9.a(video.o)
 .debug_abbrev  0x000000000000054c      0x5a0 C:/devkitPro/libnds/lib\libnds9.a(console.o)
 .debug_abbrev  0x0000000000000aec      0x3af C:/devkitPro/libnds/lib\libnds9.a(initSystem.o)
 .debug_abbrev  0x0000000000000e9b      0x20b C:/devkitPro/libnds/lib\libnds9.a(timeSupport.o)
 .debug_abbrev  0x00000000000010a6       0x47 C:/devkitPro/libnds/lib\libnds9.a(securearea.o)
 .debug_abbrev  0x00000000000010ed      0x2f7 C:/devkitPro/libnds/lib\libnds9.a(interrupts.o)
 .debug_abbrev  0x00000000000013e4      0x2d0 C:/devkitPro/libnds/lib\libnds9.a(libnds_exit.arm.o)
 .debug_abbrev  0x00000000000016b4      0x59b C:/devkitPro/libnds/lib\libnds9.a(fifosystem.o)
 .debug_abbrev  0x0000000000001c4f       0x12 C:/devkitPro/libnds/lib\libnds9.a(mpu_setup.o)
 .debug_abbrev  0x0000000000001c61       0x12 C:/devkitPro/libnds/lib\libnds9.a(IntrWait.o)
 .debug_abbrev  0x0000000000001c73       0x14 C:/devkitPro/libnds/lib\libnds9.a(cpu_clock.o)
 .debug_abbrev  0x0000000000001c87       0x14 C:/devkitPro/libnds/lib\libnds9.a(interruptDispatcher.o)
 .debug_abbrev  0x0000000000001c9b       0x14 C:/devkitPro/libnds/lib\libnds9.a(swiSoftReset.o)
 .debug_abbrev  0x0000000000001caf      0x416 C:/devkitPro/libnds/lib\libnds9.a(background.o)
 .debug_abbrev  0x00000000000020c5      0x3cd C:/devkitPro/libnds/lib\libnds9.a(system.o)
 .debug_abbrev  0x0000000000002492      0x373 C:/devkitPro/libnds/lib\libnds9.a(trig.o)
 .debug_abbrev  0x0000000000002805       0x12 C:/devkitPro/libnds/lib\libnds9.a(biosCalls.o)

.debug_line     0x0000000000000000     0x5703
 *(.debug_line)
 .debug_line    0x0000000000000000      0x359 main.o
 .debug_line    0x0000000000000359      0x4aa C:/devkitPro/libnds/lib\libnds9.a(video.o)
 .debug_line    0x0000000000000803     0x11fc C:/devkitPro/libnds/lib\libnds9.a(console.o)
 .debug_line    0x00000000000019ff      0x57f C:/devkitPro/libnds/lib\libnds9.a(initSystem.o)
 .debug_line    0x0000000000001f7e      0x21b C:/devkitPro/libnds/lib\libnds9.a(timeSupport.o)
 .debug_line    0x0000000000002199       0x82 C:/devkitPro/libnds/lib\libnds9.a(securearea.o)
 .debug_line    0x000000000000221b      0x53b C:/devkitPro/libnds/lib\libnds9.a(interrupts.o)
 .debug_line    0x0000000000002756      0x2d0 C:/devkitPro/libnds/lib\libnds9.a(libnds_exit.arm.o)
 .debug_line    0x0000000000002a26     0x140d C:/devkitPro/libnds/lib\libnds9.a(fifosystem.o)
 .debug_line    0x0000000000003e33      0x12f C:/devkitPro/libnds/lib\libnds9.a(mpu_setup.o)
 .debug_line    0x0000000000003f62       0xba C:/devkitPro/libnds/lib\libnds9.a(IntrWait.o)
 .debug_line    0x000000000000401c       0xa3 C:/devkitPro/libnds/lib\libnds9.a(cpu_clock.o)
 .debug_line    0x00000000000040bf       0xcc C:/devkitPro/libnds/lib\libnds9.a(interruptDispatcher.o)
 .debug_line    0x000000000000418b       0x9c C:/devkitPro/libnds/lib\libnds9.a(swiSoftReset.o)
 .debug_line    0x0000000000004227      0x6e4 C:/devkitPro/libnds/lib\libnds9.a(background.o)
 .debug_line    0x000000000000490b      0x55a C:/devkitPro/libnds/lib\libnds9.a(system.o)
 .debug_line    0x0000000000004e65      0x6ac C:/devkitPro/libnds/lib\libnds9.a(trig.o)
 .debug_line    0x0000000000005511      0x1f2 C:/devkitPro/libnds/lib\libnds9.a(biosCalls.o)

.debug_frame    0x0000000000000000      0x8ec
 *(.debug_frame)
 .debug_frame   0x0000000000000000       0x28 main.o
 .debug_frame   0x0000000000000028       0xb8 C:/devkitPro/libnds/lib\libnds9.a(video.o)
 .debug_frame   0x00000000000000e0      0x1a0 C:/devkitPro/libnds/lib\libnds9.a(console.o)
 .debug_frame   0x0000000000000280       0x28 C:/devkitPro/libnds/lib\libnds9.a(initSystem.o)
 .debug_frame   0x00000000000002a8       0x28 C:/devkitPro/libnds/lib\libnds9.a(timeSupport.o)
 .debug_frame   0x00000000000002d0       0xa4 C:/devkitPro/libnds/lib\libnds9.a(interrupts.o)
 .debug_frame   0x0000000000000374       0x3c C:/devkitPro/libnds/lib\libnds9.a(libnds_exit.arm.o)
 .debug_frame   0x00000000000003b0      0x2a8 C:/devkitPro/libnds/lib\libnds9.a(fifosystem.o)
 .debug_frame   0x0000000000000658       0xcc C:/devkitPro/libnds/lib\libnds9.a(background.o)
 .debug_frame   0x0000000000000724       0xf8 C:/devkitPro/libnds/lib\libnds9.a(system.o)
 .debug_frame   0x000000000000081c       0xd0 C:/devkitPro/libnds/lib\libnds9.a(trig.o)

.debug_str      0x0000000000000000     0x3e22
 *(.debug_str)
 .debug_str     0x0000000000000000     0x11ee main.o
                                       0x1326 (size before relaxing)
 .debug_str     0x00000000000011ee      0xb40 C:/devkitPro/libnds/lib\libnds9.a(video.o)
                                        0xc55 (size before relaxing)
 .debug_str     0x0000000000001d2e      0xb53 C:/devkitPro/libnds/lib\libnds9.a(console.o)
                                       0x1481 (size before relaxing)
 .debug_str     0x0000000000002881      0x369 C:/devkitPro/libnds/lib\libnds9.a(initSystem.o)
                                       0x12a3 (size before relaxing)
 .debug_str     0x0000000000002bea       0x71 C:/devkitPro/libnds/lib\libnds9.a(timeSupport.o)
                                        0x6a9 (size before relaxing)
 .debug_str     0x0000000000002c5b       0x72 C:/devkitPro/libnds/lib\libnds9.a(securearea.o)
                                        0x153 (size before relaxing)
 .debug_str     0x0000000000002ccd      0x179 C:/devkitPro/libnds/lib\libnds9.a(interrupts.o)
                                        0x4dd (size before relaxing)
 .debug_str     0x0000000000002e46      0x1cd C:/devkitPro/libnds/lib\libnds9.a(libnds_exit.arm.o)
                                        0x873 (size before relaxing)
 .debug_str     0x0000000000003013      0x489 C:/devkitPro/libnds/lib\libnds9.a(fifosystem.o)
                                        0xd27 (size before relaxing)